I/am_proc_bound(  575): [0,2040,com.android.chrome]
I/google_http_request( 1515): [61,200,unused/0,1]
I/am_destroy_service(  575): [0,553509614,1921]
I/am_destroy_service(  575): [0,159120289,1921]
I/am_destroy_service(  575): [0,275333114,1921]
I/google_http_request( 1069): [175,200,Android-GData-Contacts/1.3,1]
I/am_proc_start(  575): [0,2065,10061,com.google.android.apps.plus,broadcast,com.google.android.apps.plus/.service.ConnectivityReceiver]
I/ActivityManager(  575): Start proc com.google.android.apps.plus for broadcast com.google.android.apps.plus/.service.ConnectivityReceiver: pid=2065 uid=10061 gids={50061, 3003, 3002, 1028, 1015}
I/am_proc_bound(  575): [0,2065,com.google.android.apps.plus]
W/ResourcesManager( 2065): Asset path '/system/framework/com.google.android.maps.jar' does not exist or contains no resources.
I/am_create_service(  575): [0,133201484,.AnalyticsService,10007,1045]
I/google_http_request( 1515): [120,200,unused/0,0]
I/sync_details( 1069): [com.android.contacts,3733,7368,]
D/ConnectivityService(  575): handleInetConditionHoldEnd: net=1, condition=100, published condition=100
D/ConnectivityService(  575): sendStickyBroadcast: action=android.net.conn.INET_CONDITION_ACTION
I/ActivityManager(  575): Killing 1354:com.android.managedprovisioning/u0a12 (adj 15): empty #17
I/am_kill (  575): [0,1354,com.android.managedprovisioning,15,empty #17]
I/am_destroy_service(  575): [0,105007548,1069]
I/sync    (  575): [com.android.contacts,1,4,1203676730]
I/notification_cancel(  575): [1000,575,android,702823842,NULL,0,0,0,8,NULL]
I/sync    (  575): [com.google.android.location.reporting,0,4,1203676730]
I/am_create_service(  575): [0,151944823,.ReportingSyncService,10007,1104]
I/am_proc_died(  575): [0,1354,com.android.managedprovisioning]
I/force_gc( 1104): Binder
I/force_gc( 1069): Binder
I/am_create_service(  575): [0,213797604,.BackgroundTaskService,10061,2065]
I/am_create_service(  575): [0,971148051,.GetToken,10007,1069]
I/am_create_service(  575): [0,446263374,.GoogleAccountDataService,10007,1069]
I/am_destroy_service(  575): [0,446263374,1069]
I/am_destroy_service(  575): [0,971148051,1069]
I/google_http_request( 1515): [129,200,unused/0,0]
W/ActivityThread( 2013): ClassLoader.loadClass: The class loader returned by Thread.getContextClassLoader() may fail for processes that host multiple applications. You should explicitly specify a context class loader. For example: Thread.setContextClassLoader(getClass().getClassLoader());
I/am_create_service(  575): [0,1038140783,.CheckinService,10007,1045]
I/am_destroy_service(  575): [0,1038140783,1045]
I/am_create_service(  575): [0,522208090,.AlertService,10063,990]
I/am_create_service(  575): [0,115231115,.GmailIntentService,10062,1617]
I/ActivityManager(  575): Delay finish: com.google.android.gm/.MailIntentReceiver
I/am_destroy_service(  575): [0,115231115,1617]
I/am_destroy_service(  575): [0,522208090,990]
I/ActivityManager(  575): Resuming delayed broadcast
I/am_create_service(  575): [0,328194664,.RealTimeChatService,10047,1689]
I/google_http_request( 1515): [51,200,unused/0,1]
I/am_create_service(  575): [0,1027333761,.GmailIntentService,10062,1617]
I/ActivityManager(  575): Delay finish: com.google.android.gm/.GmailReceiver
I/am_destroy_service(  575): [0,1027333761,1617]
I/notification_cancel(  575): [10061,2065,com.google.android.apps.plus,2131558639,0,0,0,64,8,NULL]
I/ActivityManager(  575): Resuming delayed broadcast
I/am_create_service(  575): [0,688864038,.GmailIntentService,10062,1617]
I/ActivityManager(  575): Delay finish: com.google.android.gm/.GmailReceiver
I/notification_cancel(  575): [10062,1617,com.google.android.gm,-1200032383,NULL,0,0,64,8,NULL]
I/notification_cancel(  575): [10062,1617,com.google.android.gm,-1200032383,NULL,0,0,64,8,NULL]
I/am_destroy_service(  575): [0,688864038,1617]
I/ActivityManager(  575): Resuming delayed broadcast
I/am_create_service(  575): [0,82178919,.GmailIntentService,10062,1617]
I/ActivityManager(  575): Delay finish: com.google.android.gm/.GmailReceiver
I/am_destroy_service(  575): [0,82178919,1617]
I/ActivityManager(  575): Resuming delayed broadcast
I/am_create_service(  575): [0,247215380,.GmailIntentService,10062,1617]
I/ActivityManager(  575): Delay finish: com.google.android.gm/.GmailReceiver
I/am_destroy_service(  575): [0,247215380,1617]
I/ActivityManager(  575): Resuming delayed broadcast
I/am_create_service(  575): [0,1069998525,.FingerprintScannerIntentService,10061,2065]
I/ActivityManager(  575): Delay finish: com.google.android.gm/.widget.GmailWidgetProvider
I/notification_cancel(  575): [10047,1689,com.google.android.talk,0,com.google.android.talk:chat:1,0,0,64,8,NULL]
I/notification_cancel(  575): [10047,1689,com.google.android.talk,2,com.google.android.talk:missed_ho:1,0,0,64,8,NULL]
I/am_destroy_service(  575): [0,1069998525,2065]
I/ActivityManager(  575): Resuming delayed broadcast
I/notification_cancel(  575): [10047,1689,com.google.android.talk,7,com.google.android.talk:error:1,0,0,64,8,NULL]
I/am_create_service(  575): [0,363062194,.CalendarProviderIntentService,10001,1238]
I/ActivityManager(  575): Delay finish: com.android.providers.calendar/.CalendarProviderBroadcastReceiver
I/force_gc(  575): Binder
I/notification_cancel(  575): [10047,1689,com.google.android.talk,0,com.google.android.talk:chat:0,0,0,64,8,NULL]
I/notification_cancel(  575): [10047,1689,com.google.android.talk,2,com.google.android.talk:missed_ho:0,0,0,64,8,NULL]
I/notification_cancel(  575): [10047,1689,com.google.android.talk,7,com.google.android.talk:error:0,0,0,64,8,NULL]
I/am_create_service(  575): [0,1023728825,.ReportingAndroidService,10007,1104]
I/google_http_request( 1104): [458,304,unused/0,1]
I/am_create_service(  575): [0,644385022,.CalendarIntentService,10021,1560]
I/google_http_request( 1515): [129,200,unused/0,0]
I/am_destroy_service(  575): [0,328194664,1689]
I/ActivityManager(  575): Resuming delayed broadcast
I/am_destroy_service(  575): [0,363062194,1238]
I/netstats_mobile_sample(  575): [0,0,0,0,0,0,0,0,0,0,0,0,1410739540095]
I/netstats_wifi_sample(  575): [542485,470,42267,393,542485,470,36765,393,542425,469,36713,392,1410739540095]
I/am_create_service(  575): [0,649324639,.InitializeIntentService,10007,1045]
I/am_destroy_service(  575): [0,644385022,1560]
I/am_destroy_service(  575): [0,649324639,1045]
I/am_create_service(  575): [0,601952940,.WearableControlService,10007,1186]
I/am_destroy_service(  575): [0,601952940,1186]
I/notification_cancel(  575): [10007,1104,com.google.android.gms,28492842,NULL,0,0,64,8,NULL]
I/notification_cancel(  575): [10007,1104,com.google.android.gms,28492842,NULL,0,0,64,8,NULL]
I/am_destroy_service(  575): [0,151944823,1104]
I/sync    (  575): [com.google.android.location.reporting,1,4,1203676730]
I/notification_cancel(  575): [1000,575,android,160166049,NULL,0,0,0,8,NULL]
I/sync    (  575): [com.google.android.ears.heard.EarsContentProvider,0,4,1203676730]
I/am_proc_start(  575): [0,2150,10041,com.google.android.ears,service,com.google.android.ears/.heard.EarsSyncAdapterService]
I/ActivityManager(  575): Start proc com.google.android.ears for service com.google.android.ears/.heard.EarsSyncAdapterService: pid=2150 uid=10041 gids={50041, 3003, 1028, 1015}
I/am_proc_bound(  575): [0,2150,com.google.android.ears]
I/am_create_service(  575): [0,950185368,.EarsSyncAdapterService,10041,2150]
I/am_create_service(  575): [0,750552151,.GetToken,10007,1069]
I/am_create_service(  575): [0,104425001,.GoogleAccountDataService,10007,1069]
I/am_destroy_service(  575): [0,104425001,1069]
I/am_destroy_service(  575): [0,750552151,1069]
I/am_create_service(  575): [0,1020869605,.GoogleLoginService,10007,1069]
I/am_create_service(  575): [0,862497992,.GetToken,10007,1069]
I/am_create_service(  575): [0,1016148295,.GoogleAccountDataService,10007,1069]
I/google_http_request( 1515): [260,200,unused/0,1]
I/backup_data_changed(  575): android
I/am_destroy_service(  575): [0,261526307,2013]
I/ActivityManager(  575): Killing 1377:com.google.android.nfcprovision/u0a14 (adj 15): empty #17
I/am_kill (  575): [0,1377,com.google.android.nfcprovision,15,empty #17]
I/am_proc_died(  575): [0,1377,com.google.android.nfcprovision]
I/am_create_service(  575): [0,220568291,.ContentSyncService,10090,1957]
D/WifiService(  575): acquireWifiLockLocked: WifiLock{SyncManager type=1 binder=android.os.BinderProxy@3cc64ce0}
I/notification_cancel(  575): [10036,1812,com.google.android.apps.docs,1,NULL,0,0,64,8,NULL]
I/gls_authenticate( 1069): oauth2:https://www.googleapis.com/auth/audio.recognition
I/google_http_request( 1515): [62,200,unused/0,1]
I/gls_authenticate( 1069): [0,oauth2:https://www.googleapis.com/auth/audio.recognition]
I/am_create_service(  575): [0,555428761,.UploaderService,10007,1045]
I/backup_data_changed(  575): android
I/notification_cancel(  575): [1000,575,android,2,NULL,0,0,0,8,NULL]
I/backup_data_changed(  575): android
I/backup_data_changed(  575): android
I/am_destroy_service(  575): [0,1016148295,1069]
I/am_destroy_service(  575): [0,862497992,1069]
I/notification_cancel(  575): [1000,575,android,2,NULL,0,0,0,8,NULL]
I/am_destroy_service(  575): [0,1020869605,1069]
I/google_http_request( 1515): [49,200,unused/0,1]
I/google_http_request( 1515): [56,200,unused/0,1]
I/am_destroy_service(  575): [0,831398938,1069]
W/ActivityThread( 1045): ClassLoader.loadClass: The class loader returned by Thread.getContextClassLoader() may fail for processes that host multiple applications. You should explicitly specify a context class loader. For example: Thread.setContextClassLoader(getClass().getClassLoader());
D/JobScheduler.Time(  575): Just received alarm: android.content.jobscheduler.JOB_DELAY_EXPIRED
I/google_http_request( 2150): [459,403,Ears/1.0,1]
I/backup_data_changed(  575): android
I/am_create_service(  575): [0,124381269,.GoogleLoginService,10007,1069]
I/am_create_service(  575): [0,486856696,.GetToken,10007,1069]
I/am_create_service(  575): [0,774044215,.GoogleAccountDataService,10007,1069]
I/google_http_request( 1045): [502,200,Android/com.google.android.gms/5208036,1]
I/am_destroy_service(  575): [0,555428761,1045]
I/gls_authenticate( 1069): oauth2:https://www.googleapis.com/auth/audio.recognition
I/gls_authenticate( 1069): [0,oauth2:https://www.googleapis.com/auth/audio.recognition]
I/backup_data_changed(  575): android
I/notification_cancel(  575): [1000,575,android,2,NULL,0,0,0,8,NULL]
I/backup_data_changed(  575): android
I/google_http_request( 1515): [119,200,unused/0,0]
I/am_destroy_service(  575): [0,774044215,1069]
I/backup_data_changed(  575): android
I/am_destroy_service(  575): [0,486856696,1069]
I/notification_cancel(  575): [1000,575,android,2,NULL,0,0,0,8,NULL]
I/am_destroy_service(  575): [0,124381269,1069]
I/am_destroy_service(  575): [0,216809222,1812]
I/google_http_request( 1515): [63,200,unused/0,1]
I/am_create_service(  575): [0,2294483,.GoogleLoginService,10007,1069]
I/am_create_service(  575): [0,383720206,.GetToken,10007,1069]
I/am_create_service(  575): [0,544641221,.GoogleAccountDataService,10007,1069]
I/am_destroy_service(  575): [0,544641221,1069]
I/am_destroy_service(  575): [0,383720206,1069]
I/notification_cancel(  575): [1000,575,android,2,NULL,0,0,0,8,NULL]
I/am_destroy_service(  575): [0,2294483,1069]
I/force_gc(  575): Binder
I/google_http_request( 2150): [328,403,Ears/1.0,1]
I/sync_details( 2150): [Sync,2095,5653,]
I/am_destroy_service(  575): [0,950185368,2150]
I/sync    (  575): [com.google.android.ears.heard.EarsContentProvider,1,4,1203676730]
I/ActivityManager(  575): Killing 1435:com.google.android.configupdater/u0a33 (adj 15): empty #17
I/am_kill (  575): [0,1435,com.google.android.configupdater,15,empty #17]
I/notification_cancel(  575): [1000,575,android,363243094,NULL,0,0,0,8,NULL]
I/am_proc_died(  575): [0,1435,com.google.android.configupdater]
I/sync    (  575): [com.android.chrome,0,4,1203676730]
I/am_create_service(  575): [0,448033857,.ChromeBrowserSyncAdapterService,10031,2040]
I/force_gc( 1069): Binder
I/am_destroy_service(  575): [0,448033857,2040]
I/sync    (  575): [com.android.chrome,1,4,1203676730]
I/notification_cancel(  575): [1000,575,android,-349021445,NULL,0,0,0,8,NULL]
I/sync    (  575): [com.google.android.gms.plus.action,0,4,1203676730]
I/am_create_service(  575): [0,160633725,.OfflineActionSyncAdapterService,10007,1045]
I/am_destroy_service(  575): [0,160633725,1045]
I/sync    (  575): [com.google.android.gms.plus.action,1,4,1203676730]
I/notification_cancel(  575): [1000,575,android,-1475796769,NULL,0,0,0,8,NULL]
I/sync    (  575): [com.google.android.keep,0,4,1203676730]
I/am_create_service(  575): [0,448948857,.KeepSyncAdapterService,10063,990]
I/google_http_request( 1515): [195,200,unused/0,0]
I/am_create_service(  575): [0,217462069,.GetToken,10007,1069]
I/am_create_service(  575): [0,453751384,.GoogleAccountDataService,10007,1069]
I/backup_data_changed(  575): android
I/gls_authenticate( 1069): oauth2:https://www.googleapis.com/auth/memento
I/gls_authenticate( 1069): [0,oauth2:https://www.googleapis.com/auth/memento]
I/backup_data_changed(  575): android
I/notification_cancel(  575): [1000,575,android,2,NULL,0,0,0,8,NULL]
I/backup_data_changed(  575): android
I/backup_data_changed(  575): android
I/am_destroy_service(  575): [0,453751384,1069]
I/am_destroy_service(  575): [0,217462069,1069]
I/google_http_request( 1515): [513,200,unused/0,0]
I/am_create_service(  575): [0,364608546,.AutoCacheSchedulingService,10054,1921]
I/am_create_service(  575): [0,274064361,.DownloadQueueService,10054,1921]
I/am_create_service(  575): [0,266495900,.CacheService,10054,1921]
I/am_destroy_service(  575): [0,364608546,1921]
I/am_destroy_service(  575): [0,266495900,1921]
I/am_destroy_service(  575): [0,274064361,1921]
I/am_destroy_service(  575): [0,698934296,1515]
I/google_http_request( 1515): [65,200,unused/0,1]
I/am_create_service(  575): [0,486341895,.GetToken,10007,1069]
I/am_create_service(  575): [0,1008677330,.GoogleAccountDataService,10007,1069]
I/am_destroy_service(  575): [0,1008677330,1069]
I/am_destroy_service(  575): [0,486341895,1069]
I/notification_cancel(  575): [10029,1402,com.google.android.calendar,0,NULL,0,0,64,8,NULL]
I/notification_cancel(  575): [10029,1402,com.google.android.calendar,1,NULL,0,0,64,8,NULL]
I/notification_cancel(  575): [10029,1402,com.google.android.calendar,2,NULL,0,0,64,8,NULL]
I/notification_cancel(  575): [10029,1402,com.google.android.calendar,3,NULL,0,0,64,8,NULL]
I/notification_cancel(  575): [10029,1402,com.google.android.calendar,4,NULL,0,0,64,8,NULL]
I/notification_cancel(  575): [10029,1402,com.google.android.calendar,5,NULL,0,0,64,8,NULL]
I/notification_cancel(  575): [10029,1402,com.google.android.calendar,6,NULL,0,0,64,8,NULL]
I/notification_cancel(  575): [10029,1402,com.google.android.calendar,7,NULL,0,0,64,8,NULL]
I/notification_cancel(  575): [10029,1402,com.google.android.calendar,8,NULL,0,0,64,8,NULL]
I/notification_cancel(  575): [10029,1402,com.google.android.calendar,9,NULL,0,0,64,8,NULL]
I/notification_cancel(  575): [10029,1402,com.google.android.calendar,10,NULL,0,0,64,8,NULL]
I/notification_cancel(  575): [10029,1402,com.google.android.calendar,11,NULL,0,0,64,8,NULL]
I/notification_cancel(  575): [10029,1402,com.google.android.calendar,12,NULL,0,0,64,8,NULL]
I/notification_cancel(  575): [10029,1402,com.google.android.calendar,13,NULL,0,0,64,8,NULL]
I/notification_cancel(  575): [10029,1402,com.google.android.calendar,14,NULL,0,0,64,8,NULL]
I/notification_cancel(  575): [10029,1402,com.google.android.calendar,15,NULL,0,0,64,8,NULL]
I/notification_cancel(  575): [10029,1402,com.google.android.calendar,16,NULL,0,0,64,8,NULL]
I/notification_cancel(  575): [10029,1402,com.google.android.calendar,17,NULL,0,0,64,8,NULL]
I/notification_cancel(  575): [10029,1402,com.google.android.calendar,18,NULL,0,0,64,8,NULL]
I/notification_cancel(  575): [10029,1402,com.google.android.calendar,19,NULL,0,0,64,8,NULL]
I/notification_cancel(  575): [10029,1402,com.google.android.calendar,20,NULL,0,0,64,8,NULL]
I/am_destroy_service(  575): [0,448948857,990]
I/sync    (  575): [com.google.android.keep,1,4,1203676730]
I/notification_cancel(  575): [1000,575,android,-1103828655,NULL,0,0,0,8,NULL]
I/sync    (  575): [com.google.android.music.MusicContent,0,4,1203676730]
I/am_destroy_service(  575): [0,975235223,1045]
I/am_create_service(  575): [0,890935582,.SyncAdapterService,10054,1921]
I/am_destroy_service(  575): [0,1020427938,1402]
I/am_create_service(  575): [0,164833578,.GoogleLoginService,10007,1069]
I/am_create_service(  575): [0,84744849,.GetToken,10007,1069]
I/am_create_service(  575): [0,295136356,.GoogleAccountDataService,10007,1069]
I/am_destroy_service(  575): [0,295136356,1069]
I/am_destroy_service(  575): [0,84744849,1069]
I/notification_cancel(  575): [1000,575,android,2,NULL,0,0,0,8,NULL]
I/am_destroy_service(  575): [0,164833578,1069]
I/google_http_request( 1921): [425,200,Android-Music/1623,1]
I/am_create_service(  575): [0,579922640,.GoogleLoginService,10007,1069]
I/am_create_service(  575): [0,729476335,.GetToken,10007,1069]
I/am_create_service(  575): [0,463483098,.GoogleAccountDataService,10007,1069]
I/am_destroy_service(  575): [0,463483098,1069]
I/am_destroy_service(  575): [0,729476335,1069]
I/notification_cancel(  575): [1000,575,android,2,NULL,0,0,0,8,NULL]
I/am_destroy_service(  575): [0,579922640,1069]
D/ConnectivityService(  575): setProvNotificationVisible: E visible=false networkType=1 extraInfo=null url=null
I/notification_cancel(  575): [1000,575,android,1,CaptivePortal.Notification,0,0,0,8,NULL]
W/ContextImpl(  575): Calling a method in the system process without a qualified user: android.app.ContextImpl.sendBroadcast:1264 android.net.CaptivePortalTracker.sendNetworkConditionsBroadcast:481 android.net.CaptivePortalTracker.isCaptivePortal:367 android.net.CaptivePortalTracker.access$2400:59 android.net.CaptivePortalTracker$DelayedCaptiveCheckState.processMessage:264 
D/ConnectivityService(  575): captivePortalCheckCompleted: ni=[type: WIFI[], state: CONNECTED/CONNECTED, reason: (unspecified), extra: "smartzeitRnD864", roaming: false, failover: false, isAvailable: true, isConnectedToProvisioningNetwork: false] captive=false
I/google_http_request( 1921): [274,200,Android-Music/1623,1]
I/am_create_service(  575): [0,987805332,.GoogleLoginService,10007,1069]
I/am_create_service(  575): [0,876473987,.GetToken,10007,1069]
I/am_create_service(  575): [0,132972158,.GoogleAccountDataService,10007,1069]
I/am_destroy_service(  575): [0,132972158,1069]
I/am_destroy_service(  575): [0,876473987,1069]
I/notification_cancel(  575): [1000,575,android,2,NULL,0,0,0,8,NULL]
I/am_destroy_service(  575): [0,987805332,1069]
I/am_destroy_service(  575): [0,220568291,1957]
I/ActivityManager(  575): Killing 1497:com.android.yadayada/u0a70 (adj 15): empty #17
I/am_kill (  575): [0,1497,com.android.yadayada,15,empty #17]
I/am_destroy_service(  575): [0,213797604,2065]
I/ActivityManager(  575): Killing 817:com.android.printspooler/u0a64 (adj 15): empty #17
I/am_kill (  575): [0,817,com.android.printspooler,15,empty #17]
I/am_proc_died(  575): [0,817,com.android.printspooler]
I/am_proc_died(  575): [0,1497,com.android.yadayada]
I/google_http_request( 1921): [210,200,Android-Music/1623,1]
I/am_create_service(  575): [0,921122161,.GoogleLoginService,10007,1069]
I/am_create_service(  575): [0,468249796,.GetToken,10007,1069]
I/am_create_service(  575): [0,206012019,.GoogleAccountDataService,10007,1069]
I/am_destroy_service(  575): [0,206012019,1069]
I/am_destroy_service(  575): [0,468249796,1069]
I/notification_cancel(  575): [1000,575,android,2,NULL,0,0,0,8,NULL]
I/am_destroy_service(  575): [0,921122161,1069]
D/WifiService(  575): releaseWifiLockLocked: WifiLock{SyncManager type=1 binder=android.os.BinderProxy@3cc64ce0}
I/am_destroy_service(  575): [0,540882441,1812]
I/sync    (  575): [com.google.android.apps.docs,1,4,1203676730]
I/notification_cancel(  575): [1000,575,android,-435024179,NULL,0,0,0,8,NULL]
I/sync    (  575): [com.google.android.videos.sync,0,4,1203676730]
I/am_proc_start(  575): [0,2281,10067,com.google.android.videos,service,com.google.android.videos/.store.SyncService]
I/ActivityManager(  575): Start proc com.google.android.videos for service com.google.android.videos/.store.SyncService: pid=2281 uid=10067 gids={50067, 3003, 1028, 1015, 3002}
I/ActivityManager(  575): Killing 1329:com.google.android.partnersetup/u0a10 (adj 15): empty #17
I/am_kill (  575): [0,1329,com.google.android.partnersetup,15,empty #17]
I/am_proc_bound(  575): [0,2281,com.google.android.videos]
I/am_create_service(  575): [0,863383397,.SyncService,10067,2281]
I/am_proc_died(  575): [0,1329,com.google.android.partnersetup]
W/ResourcesManager( 2281): Asset path '/system/framework/com.google.widevine.software.drm.jar' does not exist or contains no resources.
I/google_http_request( 1921): [273,200,Android-Music/1623,1]
I/am_create_service(  575): [0,622812385,.GoogleLoginService,10007,1069]
I/force_gc(  575): Binder
I/am_create_service(  575): [0,138612468,.GetToken,10007,1069]
I/force_gc( 1069): Binder
I/am_create_service(  575): [0,177007203,.GoogleAccountDataService,10007,1069]
I/am_destroy_service(  575): [0,177007203,1069]
I/am_destroy_service(  575): [0,138612468,1069]
I/notification_cancel(  575): [1000,575,android,2,NULL,0,0,0,8,NULL]
I/am_destroy_service(  575): [0,622812385,1069]
I/am_create_service(  575): [0,978962879,.GoogleLoginService,10007,1069]
I/am_destroy_service(  575): [0,978962879,1069]
I/google_http_request( 1921): [230,200,Android-Music/1623,1]
I/am_create_service(  575): [0,233521883,.GoogleLoginService,10007,1069]
I/am_create_service(  575): [0,677527734,.GetToken,10007,1069]
I/am_create_service(  575): [0,887066765,.GoogleAccountDataService,10007,1069]
I/am_create_service(  575): [0,994685506,.TransferService,10067,2281]
I/am_destroy_service(  575): [0,887066765,1069]
I/am_destroy_service(  575): [0,677527734,1069]
I/notification_cancel(  575): [1000,575,android,2,NULL,0,0,0,8,NULL]
I/am_destroy_service(  575): [0,233521883,1069]
I/backup_data_changed(  575): android
I/am_create_service(  575): [0,605518242,.GetToken,10007,1069]
I/backup_data_changed(  575): android
I/am_create_service(  575): [0,978998835,.IndexWorkerService,10007,1045]
I/am_destroy_service(  575): [0,994685506,2281]
I/google_http_request( 1921): [125,200,Android-Music/1623,1]
I/backup_data_changed(  575): android
I/backup_data_changed(  575): android
I/am_create_service(  575): [0,387419630,.LightweightIndexService,10007,1069]
I/am_create_service(  575): [0,337398053,.GoogleAccountDataService,10007,1069]
I/am_create_service(  575): [0,636656378,.LightweightIndexService$LightweightWorkerService,10007,1069]
I/am_destroy_service(  575): [0,636656378,1069]
I/am_destroy_service(  575): [0,978998835,1045]
I/am_create_service(  575): [0,719345835,.IndexWorkerService,10007,1045]
I/backup_data_changed(  575): android
I/am_destroy_service(  575): [0,719345835,1045]
I/gls_authenticate( 1069): oauth2:https://www.googleapis.com/auth/android_video https://www.googleapis.com/auth/youtube https://www.googleapis.com/auth/pos
I/gls_authenticate( 1069): [0,oauth2:https://www.googleapis.com/auth/android_video https://www.googleapis.com/auth/youtube https://www.googleapis.com/auth/pos]
I/backup_data_changed(  575): android
I/notification_cancel(  575): [1000,575,android,2,NULL,0,0,0,8,NULL]
I/backup_data_changed(  575): android
I/backup_data_changed(  575): android
I/am_destroy_service(  575): [0,337398053,1069]
I/am_destroy_service(  575): [0,605518242,1069]
I/am_create_service(  575): [0,71265478,.GetToken,10007,1069]
I/am_create_service(  575): [0,409696221,.GoogleAccountDataService,10007,1069]
I/sync_details( 1921): [com.google.android.music,5731,8662,]
I/am_create_service(  575): [0,909479762,.KeepOnUpdater$SyncListener,10054,1921]
I/am_create_service(  575): [0,300233251,.ArtDownloadService,10054,1921]
I/am_destroy_service(  575): [0,890935582,1921]
I/sync    (  575): [com.google.android.music.MusicContent,1,4,1203676730]
I/notification_cancel(  575): [1000,575,android,-61332103,NULL,0,0,0,8,NULL]
I/sync    (  575): [com.google.android.apps.photos.GooglePhotoDownsyncProvider,0,4,1203676730]
I/am_create_service(  575): [0,827247999,.GooglePhotoDownsyncService,10061,2065]
I/am_destroy_service(  575): [0,409696221,1069]
I/am_create_service(  575): [0,967292586,.AutoCacheSchedulingService,10054,1921]
I/am_destroy_service(  575): [0,71265478,1069]
I/am_create_service(  575): [0,96413201,.DownloadQueueService,10054,1921]
I/am_create_service(  575): [0,762023396,.CacheService,10054,1921]
I/am_destroy_service(  575): [0,909479762,1921]
I/am_destroy_service(  575): [0,967292586,1921]
I/am_create_service(  575): [0,681018953,.KeeponSchedulingService,10054,1921]
I/am_destroy_service(  575): [0,96413201,1921]
I/am_destroy_service(  575): [0,300233251,1921]
I/am_create_service(  575): [0,845723004,.DownloadQueueService,10054,1921]
I/am_destroy_service(  575): [0,681018953,1921]
I/am_destroy_service(  575): [0,845723004,1921]
I/am_create_service(  575): [0,543566013,.GetToken,10007,1069]
I/am_create_service(  575): [0,963821952,.GoogleAccountDataService,10007,1069]
I/am_destroy_service(  575): [0,963821952,1069]
I/am_destroy_service(  575): [0,543566013,1069]
I/am_destroy_service(  575): [0,762023396,1921]
I/am_create_service(  575): [0,746574346,.GetToken,10007,1069]
I/am_create_service(  575): [0,176488689,.GoogleAccountDataService,10007,1069]
I/am_destroy_service(  575): [0,176488689,1069]
I/am_destroy_service(  575): [0,746574346,1069]
I/am_create_service(  575): [0,963366468,.GetToken,10007,1069]
I/am_create_service(  575): [0,585821683,.GoogleAccountDataService,10007,1069]
I/am_destroy_service(  575): [0,585821683,1069]
I/am_destroy_service(  575): [0,963366468,1069]
I/AppWidgetServiceImpl(  575): u=0: onBroadcast Intent { act=android.intent.action.PACKAGE_CHANGED dat=package:com.google.android.videos flg=0x4000010 (has extras) }
I/am_create_service(  575): [0,513016411,.PackageBroadcastService,10007,1045]
I/am_create_service(  575): [0,1003732644,.PeopleBackgroundTasks,10007,1045]
I/am_create_service(  575): [0,232858633,.IndexWorkerService,10007,1045]
I/am_destroy_service(  575): [0,513016411,1045]
I/am_create_service(  575): [0,638467644,.InternalIcingCorporaProvider$UpdateCorporaService,10021,1560]
D/NotificationListeners(  575): onPackagesChanged queryReplace=false pkgList=[com.google.android.videos] mEnabledServicesPackageNames={}
D/ConditionProviders(  575): onPackagesChanged queryReplace=false pkgList=[com.google.android.videos] mEnabledServicesPackageNames={}
D/MRPWatcher(  575): Received package manager broadcast: Intent { act=android.intent.action.PACKAGE_CHANGED dat=package:com.google.android.videos flg=0x4000010 (has extras) }
I/AppWidgetServiceImpl(  575): u=0: onBroadcast Intent { act=android.intent.action.PACKAGE_CHANGED dat=package:com.google.android.wearable.app flg=0x4000010 (has extras) }
I/backup_data_changed(  575): android
I/backup_data_changed(  575): android
I/am_create_service(  575): [0,212863206,.PackagesMediaMonitor$AsyncService,10061,2065]
I/am_create_service(  575): [0,294522407,.PackageUpdateService,10105,1856]
D/NotificationListeners(  575): onPackagesChanged queryReplace=false pkgList=[com.google.android.wearable.app] mEnabledServicesPackageNames={}
D/ConditionProviders(  575): onPackagesChanged queryReplace=false pkgList=[com.google.android.wearable.app] mEnabledServicesPackageNames={}
D/MRPWatcher(  575): Received package manager broadcast: Intent { act=android.intent.action.PACKAGE_CHANGED dat=package:com.google.android.wearable.app flg=0x4000010 (has extras) }
I/am_destroy_service(  575): [0,294522407,1856]
I/am_create_service(  575): [0,609639477,.PackageBroadcastService,10007,1045]
I/am_destroy_service(  575): [0,609639477,1045]
I/am_destroy_service(  575): [0,212863206,2065]
I/am_create_service(  575): [0,612530070,.PackagesMediaMonitor$AsyncService,10061,2065]
I/am_create_service(  575): [0,43083632,.PackageUpdateService,10105,1856]
I/am_destroy_service(  575): [0,1003732644,1045]
I/am_destroy_service(  575): [0,43083632,1856]
I/am_destroy_service(  575): [0,612530070,2065]
I/am_create_service(  575): [0,143053516,.LightweightIndexService$LightweightWorkerService,10007,1069]
I/am_destroy_service(  575): [0,143053516,1069]
I/am_destroy_service(  575): [0,863383397,2281]
I/sync    (  575): [com.google.android.videos.sync,1,4,1203676730]
I/notification_cancel(  575): [1000,575,android,-1644268585,NULL,0,0,0,8,NULL]
I/ActivityManager(  575): Killing 1708:com.google.android.exchange/u0a38 (adj 15): empty #17
I/am_kill (  575): [0,1708,com.google.android.exchange,15,empty #17]
I/am_proc_died(  575): [0,1708,com.google.android.exchange]
I/sync    (  575): [com.android.calendar,0,0,1203676730]
I/am_create_service(  575): [0,104509284,.CalendarSyncAdapterService,10029,1402]
I/backup_data_changed(  575): android
I/backup_data_changed(  575): android
I/ActivityManager(  575): Waited long enough for: ServiceRecord{363aaab6 u0 com.google.android.calendar/com.android.calendar.alerts.InitAlarmsService}
I/am_create_service(  575): [0,186882451,.GetToken,10007,1069]
I/am_create_service(  575): [0,683585742,.GoogleAccountDataService,10007,1069]
I/am_destroy_service(  575): [0,683585742,1069]
I/am_destroy_service(  575): [0,186882451,1069]
I/am_destroy_service(  575): [0,232858633,1045]
I/am_destroy_service(  575): [0,638467644,1560]
I/am_create_service(  575): [0,6568943,.CalendarIntentService,10021,1560]
I/am_destroy_service(  575): [0,6568943,1560]
I/sync_details( 1402): [Sync,662,1019,]
I/am_destroy_service(  575): [0,104509284,1402]
I/sync    (  575): [com.android.calendar,1,0,1203676730]
I/notification_cancel(  575): [1000,575,android,11245751,NULL,0,0,0,8,NULL]
I/ActivityManager(  575): Waited long enough for: ServiceRecord{336f36ec u0 com.google.android.googlequicksearchbox/com.google.android.search.core.service.SearchService}
I/ActivityManager(  575): Waited long enough for: ServiceRecord{1a8b76d2 u0 com.google.android.wearable.app/com.google.android.clockwork.stream.NotificationCollectorMonitorService}
I/am_destroy_service(  575): [0,387419630,1069]
I/am_destroy_service(  575): [0,909814454,1402]
I/ActivityManager(  575): Killing 1758:com.google.android.youtube/u0a71 (adj 15): empty #17
I/am_kill (  575): [0,1758,com.google.android.youtube,15,empty #17]
I/am_proc_died(  575): [0,1758,com.google.android.youtube]
I/am_create_service(  575): [0,1053460220,.DailyHygiene,10015,1515]
I/am_create_service(  575): [0,750196456,.GoogleLoginService,10007,1069]
I/force_gc(  575): Binder
I/am_create_service(  575): [0,680638951,.GetToken,10007,1069]
I/am_create_service(  575): [0,542981170,.GoogleAccountDataService,10007,1069]
I/am_destroy_service(  575): [0,542981170,1069]
I/am_destroy_service(  575): [0,680638951,1069]
I/notification_cancel(  575): [1000,575,android,2,NULL,0,0,0,8,NULL]
I/am_destroy_service(  575): [0,750196456,1069]
I/google_http_request( 1515): [689,200,unused/0,1]
I/am_create_service(  575): [0,580839806,.GoogleLoginService,10007,1069]
I/am_create_service(  575): [0,392021493,.GetToken,10007,1069]
I/am_create_service(  575): [0,844237336,.GoogleAccountDataService,10007,1069]
I/am_destroy_service(  575): [0,844237336,1069]
I/am_destroy_service(  575): [0,392021493,1069]
I/notification_cancel(  575): [1000,575,android,2,NULL,0,0,0,8,NULL]
I/am_destroy_service(  575): [0,580839806,1069]
I/google_http_request( 1515): [712,200,unused/0,1]
I/am_create_service(  575): [0,761900996,.GoogleLoginService,10007,1069]
I/am_create_service(  575): [0,847601011,.GetToken,10007,1069]
I/am_create_service(  575): [0,823569966,.GoogleAccountDataService,10007,1069]
I/am_destroy_service(  575): [0,823569966,1069]
I/am_destroy_service(  575): [0,847601011,1069]
I/notification_cancel(  575): [1000,575,android,2,NULL,0,0,0,8,NULL]
I/am_destroy_service(  575): [0,761900996,1069]
I/google_http_request( 1515): [644,200,unused/0,1]
I/battery_level(  575): [68,3980,320]
I/PowerUI.Notification(  656): dismissing low battery warning: level=68
I/PowerUI.Notification(  656): dismissing low battery notification
D/PowerUI.Notification(  656): updateNotification mWarning=false mSaver=false mInvalidCharger=false
I/notification_cancel(  575): [10019,656,com.android.systemui,100,low_battery,0,0,64,8,NULL]
I/am_create_service(  575): [0,894328271,.CalendarProviderIntentService,10001,1238]
I/am_create_service(  575): [0,806171484,.CalendarIntentService,10021,1560]
I/am_destroy_service(  575): [0,894328271,1238]
I/am_destroy_service(  575): [0,806171484,1560]
I/am_destroy_service(  575): [0,1053460220,1515]
I/am_create_service(  575): [0,637339627,.IndexWorkerService,10007,1045]
I/am_create_service(  575): [0,846877958,.LightweightIndexService,10007,1069]
I/am_create_service(  575): [0,211957703,.LightweightIndexService$LightweightWorkerService,10007,1069]
I/am_destroy_service(  575): [0,211957703,1069]
I/am_create_service(  575): [0,955945460,.LightweightIndexService$LightweightWorkerService,10007,1069]
I/am_destroy_service(  575): [0,955945460,1069]
I/am_create_service(  575): [0,836807965,.LightweightIndexService$LightweightWorkerService,10007,1069]
I/am_destroy_service(  575): [0,836807965,1069]
I/am_create_service(  575): [0,852933522,.LightweightIndexService$LightweightWorkerService,10007,1069]
I/am_destroy_service(  575): [0,852933522,1069]
I/am_destroy_service(  575): [0,637339627,1045]
I/am_destroy_service(  575): [0,1023728825,1104]
I/am_create_service(  575): [0,931170659,.ContentSyncService,10015,1515]
I/am_destroy_service(  575): [0,931170659,1515]
I/am_destroy_service(  575): [0,846877958,1069]
I/netstats_mobile_sample(  575): [0,0,0,0,0,0,0,0,0,0,0,0,1410739582704]
I/netstats_wifi_sample(  575): [2526493,2234,180157,1485,2526493,2234,159367,1485,2526493,2234,159367,1485,1410739582704]
D/ConnectivityService(  575): Sampling interval elapsed, updating statistics ..
D/ConnectivityService(  575): Done.
D/ConnectivityService(  575): Setting timer for 720seconds
D/WifiService(  575): acquireWifiLockLocked: WifiLock{NlpWifiLock type=2 binder=android.os.BinderProxy@3128d960}
D/WifiService(  575): releaseWifiLockLocked: WifiLock{NlpWifiLock type=2 binder=android.os.BinderProxy@3128d960}
I/am_create_service(  575): [0,551550489,.LocationReportingService,10007,1104]
I/am_create_service(  575): [0,909257612,.GetToken,10007,1069]
I/am_create_service(  575): [0,332644827,.GoogleAccountDataService,10007,1069]
I/am_destroy_service(  575): [0,332644827,1069]
I/am_destroy_service(  575): [0,909257612,1069]
I/google_http_request( 1104): [133,200,unused/0,1]
I/force_gc( 1069): Binder
I/notification_cancel(  575): [10007,1104,com.google.android.gms,28492842,NULL,0,0,64,8,NULL]
I/am_destroy_service(  575): [0,551550489,1104]
I/DEBUG   (  188): invalid crash request of size 4 (from pid=205 uid=0)
I/auditd  ( 2530): type=1400 audit(0.0:21): avc:  denied  { read write } for  comm="sensors.qcom" name="diag" dev="tmpfs" ino=7314 scontext=u:r:sensors:s0 tcontext=u:object_r:diag_device:s0 tclass=chr_file
I/sync    (  575): [com.google.android.apps.docs,0,1,1203676730]
I/am_create_service(  575): [0,432185527,.DocsSyncAdapterService,10036,1812]
I/am_destroy_service(  575): [0,432185527,1812]
I/sync    (  575): [com.google.android.apps.docs,1,1,1203676730]
I/notification_cancel(  575): [1000,575,android,-435024179,NULL,0,0,0,8,NULL]
I/battery_level(  575): [70,3990,322]
I/PowerUI.Notification(  656): dismissing low battery warning: level=70
I/PowerUI.Notification(  656): dismissing low battery notification
D/PowerUI.Notification(  656): updateNotification mWarning=false mSaver=false mInvalidCharger=false
I/notification_cancel(  575): [10019,656,com.android.systemui,100,low_battery,0,0,64,8,NULL]
I/free_storage_changed(  575): 10766475264
I/notification_visibility_changed(  575): [,-1|android|17040574|null|1000]
I/notification_panel_hidden(  575): []
I/screen_toggled(  656): 2
D/WifiService(  575): acquireWifiLockLocked: WifiLock{NlpWifiLock type=2 binder=android.os.BinderProxy@3128d960}
D/WifiService(  575): releaseWifiLockLocked: WifiLock{NlpWifiLock type=2 binder=android.os.BinderProxy@3128d960}
I/force_gc( 1104): Binder
I/ActivityManager(  575): START u0 {act=android.intent.action.MAIN cat=[android.intent.category.LAUNCHER] flg=0x10000000 cmp=com.wearableandroidbook.basicbluetooth/.BluetoothLeInitialCheckActivity (has extras)} from pid 943 on display 0
I/wm_stack_created(  575): [1,0,0,0,0]
I/am_create_task(  575): [0,2]
I/am_create_activity(  575): [0,291344316,2,com.wearableandroidbook.basicbluetooth/.BluetoothLeInitialCheckActivity,android.intent.action.MAIN,NULL,NULL,268435456]
I/wm_task_created(  575): [2,1]
I/wm_task_moved(  575): [2,1,0]
I/am_pause_activity(  575): [0,291302169,com.android.launcher/com.android.launcher2.Launcher]
I/am_on_paused_called(  943): [0,com.android.launcher2.Launcher]
I/am_proc_start(  575): [0,2611,10118,com.wearableandroidbook.basicbluetooth,activity,com.wearableandroidbook.basicbluetooth/.BluetoothLeInitialCheckActivity]
I/ActivityManager(  575): Start proc com.wearableandroidbook.basicbluetooth for activity com.wearableandroidbook.basicbluetooth/.BluetoothLeInitialCheckActivity: pid=2611 uid=10118 gids={50118, 3002, 3001}
I/am_proc_bound(  575): [0,2611,com.wearableandroidbook.basicbluetooth]
I/am_restart_activity(  575): [0,291344316,2,com.wearableandroidbook.basicbluetooth/.BluetoothLeInitialCheckActivity]
I/auditd  (  189): type=1400 audit(0.0:22): avc:  denied  { search } for  comm="surfaceflinger" name="tmp" dev="mmcblk0p30" ino=228034 scontext=u:r:surfaceflinger:s0 tcontext=u:object_r:shell_data_file:s0 tclass=dir
I/am_on_resume_called( 2611): [0,com.wearableandroidbook.basicbluetooth.BluetoothLeInitialCheckActivity]
I/am_activity_launch_time(  575): [0,291344316,com.wearableandroidbook.basicbluetooth/.BluetoothLeInitialCheckActivity,306,306]
I/sf_frame_dur(  189): [com.android.launcher/com.android.launcher2.Launcher,86,6,2,3,1,1,3]
I/force_gc(  575): Binder
I/am_finish_activity(  575): [0,291344316,2,com.wearableandroidbook.basicbluetooth/.BluetoothLeInitialCheckActivity,app-request]
I/wm_task_moved(  575): [1,1,0]
I/am_pause_activity(  575): [0,291344316,com.wearableandroidbook.basicbluetooth/.BluetoothLeInitialCheckActivity]
I/am_on_paused_called( 2611): [0,com.wearableandroidbook.basicbluetooth.BluetoothLeInitialCheckActivity]
I/am_resume_activity(  575): [0,291302169,1,com.android.launcher/com.android.launcher2.Launcher]
I/am_on_resume_called(  943): [0,com.android.launcher2.Launcher]
I/am_destroy_activity(  575): [0,291344316,2,com.wearableandroidbook.basicbluetooth/.BluetoothLeInitialCheckActivity,finish-imm]
I/ActivityManager(  575): Killing 2013:com.google.android.gms:snet/u0a7 (adj 15): empty #17
I/am_kill (  575): [0,2013,com.google.android.gms:snet,15,empty #17]
I/am_proc_died(  575): [0,2013,com.google.android.gms:snet]
I/wm_task_removed(  575): [2,removeAppToken: last token]
I/wm_task_removed(  575): [2,removeTask]
I/am_create_service(  575): [0,486404495,.PostSyncService,10061,2065]
I/am_create_service(  575): [0,382203386,.AnalyzerService,10061,2065]
I/am_destroy_service(  575): [0,827247999,2065]
I/sync    (  575): [com.google.android.apps.photos.GooglePhotoDownsyncProvider,1,4,1203676730]
I/notification_cancel(  575): [1000,575,android,406436530,NULL,0,0,0,8,NULL]
I/notification_cancel(  575): [10061,2065,com.google.android.apps.plus,2131558639,0,0,0,64,8,NULL]
I/notification_cancel(  575): [10061,2065,com.google.android.apps.plus,2131558639,0,0,0,64,8,NULL]
I/notification_cancel(  575): [10061,2065,com.google.android.apps.plus,2131558639,0,0,0,64,8,NULL]
I/notification_cancel(  575): [10061,2065,com.google.android.apps.plus,2131558639,0,0,0,64,8,NULL]
I/notification_cancel(  575): [10061,2065,com.google.android.apps.plus,2131558639,0,0,0,64,8,NULL]
I/notification_cancel(  575): [10061,2065,com.google.android.apps.plus,2131558639,0,0,0,64,8,NULL]
I/notification_cancel(  575): [10061,2065,com.google.android.apps.plus,2131558639,0,0,0,64,8,NULL]
I/notification_cancel(  575): [10061,2065,com.google.android.apps.plus,2131558639,0,0,0,64,8,NULL]
I/notification_cancel(  575): [10061,2065,com.google.android.apps.plus,2131558639,0,0,0,64,8,NULL]
I/notification_cancel(  575): [10061,2065,com.google.android.apps.plus,2131558639,0,0,0,64,8,NULL]
I/notification_cancel(  575): [10061,2065,com.google.android.apps.plus,2131558639,0,0,0,64,8,NULL]
I/notification_cancel(  575): [10061,2065,com.google.android.apps.plus,2131558639,0,0,0,64,8,NULL]
I/notification_cancel(  575): [10061,2065,com.google.android.apps.plus,2131558639,0,0,0,64,8,NULL]
I/notification_cancel(  575): [10061,2065,com.google.android.apps.plus,2131558639,0,0,0,64,8,NULL]
I/notification_cancel(  575): [10061,2065,com.google.android.apps.plus,2131558639,0,0,0,64,8,NULL]
I/notification_cancel(  575): [10061,2065,com.google.android.apps.plus,2131558639,0,0,0,64,8,NULL]
I/notification_cancel(  575): [10061,2065,com.google.android.apps.plus,2131558639,0,0,0,64,8,NULL]
I/notification_cancel(  575): [10061,2065,com.google.android.apps.plus,2131558639,0,0,0,64,8,NULL]
I/notification_cancel(  575): [10061,2065,com.google.android.apps.plus,2131558639,0,0,0,64,8,NULL]
I/notification_cancel(  575): [10061,2065,com.google.android.apps.plus,2131558639,0,0,0,64,8,NULL]
I/notification_cancel(  575): [10061,2065,com.google.android.apps.plus,2131558639,0,0,0,64,8,NULL]
I/notification_cancel(  575): [10061,2065,com.google.android.apps.plus,2131558639,0,0,0,64,8,NULL]
I/notification_cancel(  575): [10061,2065,com.google.android.apps.plus,2131558639,0,0,0,64,8,NULL]
I/notification_cancel(  575): [10061,2065,com.google.android.apps.plus,2131558639,0,0,0,64,8,NULL]
I/notification_cancel(  575): [10061,2065,com.google.android.apps.plus,2131558639,0,0,0,64,8,NULL]
I/notification_cancel(  575): [10061,2065,com.google.android.apps.plus,2131558639,0,0,0,64,8,NULL]
I/notification_cancel(  575): [10061,2065,com.google.android.apps.plus,2131558639,0,0,0,64,8,NULL]
I/notification_cancel(  575): [10061,2065,com.google.android.apps.plus,2131558639,0,0,0,64,8,NULL]
I/notification_cancel(  575): [10061,2065,com.google.android.apps.plus,2131558639,0,0,0,64,8,NULL]
I/notification_cancel(  575): [10061,2065,com.google.android.apps.plus,2131558639,0,0,0,64,8,NULL]
I/notification_cancel(  575): [10061,2065,com.google.android.apps.plus,2131558639,0,0,0,64,8,NULL]
I/notification_cancel(  575): [10061,2065,com.google.android.apps.plus,2131558639,0,0,0,64,8,NULL]
I/notification_cancel(  575): [10061,2065,com.google.android.apps.plus,2131558639,0,0,0,64,8,NULL]
I/notification_cancel(  575): [10061,2065,com.google.android.apps.plus,2131558639,0,0,0,64,8,NULL]
I/notification_cancel(  575): [10061,2065,com.google.android.apps.plus,2131558639,0,0,0,64,8,NULL]
I/notification_cancel(  575): [10061,2065,com.google.android.apps.plus,2131558639,0,0,0,64,8,NULL]
I/notification_cancel(  575): [10061,2065,com.google.android.apps.plus,2131558639,0,0,0,64,8,NULL]
I/notification_cancel(  575): [10061,2065,com.google.android.apps.plus,2131558639,0,0,0,64,8,NULL]
I/notification_cancel(  575): [10061,2065,com.google.android.apps.plus,2131558639,0,0,0,64,8,NULL]
I/notification_cancel(  575): [10061,2065,com.google.android.apps.plus,2131558639,0,0,0,64,8,NULL]
I/notification_cancel(  575): [10061,2065,com.google.android.apps.plus,2131558639,0,0,0,64,8,NULL]
I/notification_cancel(  575): [10061,2065,com.google.android.apps.plus,2131558639,0,0,0,64,8,NULL]
I/notification_cancel(  575): [10061,2065,com.google.android.apps.plus,2131558639,0,0,0,64,8,NULL]
I/notification_cancel(  575): [10061,2065,com.google.android.apps.plus,2131558639,0,0,0,64,8,NULL]
I/notification_cancel(  575): [10061,2065,com.google.android.apps.plus,2131558639,0,0,0,64,8,NULL]
I/notification_cancel(  575): [10061,2065,com.google.android.apps.plus,2131558639,0,0,0,64,8,NULL]
I/notification_cancel(  575): [10061,2065,com.google.android.apps.plus,2131558639,0,0,0,64,8,NULL]
I/notification_cancel(  575): [10061,2065,com.google.android.apps.plus,2131558639,0,0,0,64,8,NULL]
I/notification_cancel(  575): [10061,2065,com.google.android.apps.plus,2131558639,0,0,0,64,8,NULL]
I/notification_cancel(  575): [10061,2065,com.google.android.apps.plus,2131558639,0,0,0,64,8,NULL]
I/notification_cancel(  575): [10061,2065,com.google.android.apps.plus,2131558639,0,0,0,64,8,NULL]
I/notification_cancel(  575): [10061,2065,com.google.android.apps.plus,2131558639,0,0,0,64,8,NULL]
I/notification_cancel(  575): [10061,2065,com.google.android.apps.plus,2131558639,0,0,0,64,8,NULL]
I/notification_cancel(  575): [10061,2065,com.google.android.apps.plus,2131558639,0,0,0,64,8,NULL]
I/notification_cancel(  575): [10061,2065,com.google.android.apps.plus,2131558639,0,0,0,64,8,NULL]
I/notification_cancel(  575): [10061,2065,com.google.android.apps.plus,2131558639,0,0,0,64,8,NULL]
I/am_destroy_service(  575): [0,486404495,2065]
I/am_destroy_service(  575): [0,382203386,2065]
I/ActivityManager(  575): Killing 1646:com.google.android.email/u0a37 (adj 15): empty #17
I/am_kill (  575): [0,1646,com.google.android.email,15,empty #17]
I/am_proc_died(  575): [0,1646,com.google.android.email]
I/am_proc_start(  575): [0,2710,10004,com.android.defcontainer,service,com.android.defcontainer/.DefaultContainerService]
I/ActivityManager(  575): Start proc com.android.defcontainer for service com.android.defcontainer/.DefaultContainerService: pid=2710 uid=10004 gids={50004, 1028, 1015, 1023, 2001, 1035}
I/am_proc_bound(  575): [0,2710,com.android.defcontainer]
I/am_create_service(  575): [0,269958877,.DefaultContainerService,10004,2710]
W/ActivityManager(  575): No content provider found for permission revoke: file:///data/local/tmp/basicbluetooth-debug.apk
I/am_create_service(  575): [0,721111634,.PackageVerificationService,10015,1515]
I/google_http_request( 1515): [337,200,unused/0,1]
I/am_destroy_service(  575): [0,721111634,1515]
I/am_create_service(  575): [0,722456867,.PackageVerificationService,10015,1515]
I/am_destroy_service(  575): [0,722456867,1515]
W/ActivityManager(  575): No content provider found for permission revoke: file:///data/local/tmp/basicbluetooth-debug.apk
I/PackageManager(  575): Copying native libraries to /data/app-lib/vmdl-886998870
I/ActivityManager(  575): Force stopping com.wearableandroidbook.basicbluetooth appid=10118 user=-1: uninstall pkg
I/ActivityManager(  575): Killing 2611:com.wearableandroidbook.basicbluetooth/u0a118 (adj 11): stop com.wearableandroidbook.basicbluetooth
I/am_kill (  575): [0,2611,com.wearableandroidbook.basicbluetooth,11,stop com.wearableandroidbook.basicbluetooth]
I/PackageManager(  575): Package com.wearableandroidbook.basicbluetooth codePath changed from /data/app/com.wearableandroidbook.basicbluetooth-1.apk to /data/app/com.wearableandroidbook.basicbluetooth-2.apk; Retaining data and using new
W/PackageManager(  575): Code path for pkg : com.wearableandroidbook.basicbluetooth changing from /data/app/com.wearableandroidbook.basicbluetooth-1.apk to /data/app/com.wearableandroidbook.basicbluetooth-2.apk
I/ActivityManager(  575): Force stopping com.wearableandroidbook.basicbluetooth appid=10118 user=-1: update pkg
W/PackageManager(  575): Resource path for pkg : com.wearableandroidbook.basicbluetooth changing from /data/app/com.wearableandroidbook.basicbluetooth-1.apk to /data/app/com.wearableandroidbook.basicbluetooth-2.apk
I/backup_data_changed(  575): android
I/backup_data_changed(  575): android
I/backup_data_changed(  575): android
I/backup_data_changed(  575): android
I/backup_data_changed(  575): android
I/backup_data_changed(  575): android
I/am_destroy_service(  575): [0,269958877,2710]
I/ActivityManager(  575): Force stopping com.wearableandroidbook.basicbluetooth appid=10118 user=0: pkg removed
I/force_gc(  943): bg
I/force_gc( 1515): bg
I/unknown_sources_enabled(  575): 1
I/AppWidgetServiceImpl(  575): u=0: onBroadcast Intent { act=android.intent.action.PACKAGE_REMOVED dat=package:com.wearableandroidbook.basicbluetooth flg=0x4000010 (has extras) }
I/notification_cancel_all(  575): [1000,575,com.wearableandroidbook.basicbluetooth,-1,0,0,5,NULL]
D/NotificationListeners(  575): onPackagesChanged queryReplace=true pkgList=[com.wearableandroidbook.basicbluetooth] mEnabledServicesPackageNames={}
D/ConditionProviders(  575): onPackagesChanged queryReplace=true pkgList=[com.wearableandroidbook.basicbluetooth] mEnabledServicesPackageNames={}
D/BackupManagerService(  575): Received broadcast Intent { act=android.intent.action.PACKAGE_REMOVED dat=package:com.wearableandroidbook.basicbluetooth flg=0x4000010 (has extras) }
D/MRPWatcher(  575): Received package manager broadcast: Intent { act=android.intent.action.PACKAGE_REMOVED dat=package:com.wearableandroidbook.basicbluetooth flg=0x4000010 (has extras) }
D/JobManagerService(  575): Receieved: android.intent.action.PACKAGE_REMOVED
D/JobManagerService(  575): Removing jobs for uid: 10118
I/AppWidgetServiceImpl(  575): u=0: onBroadcast Intent { act=android.intent.action.PACKAGE_ADDED dat=package:com.wearableandroidbook.basicbluetooth flg=0x4000010 (has extras) }
I/am_proc_start(  575): [0,2748,10013,com.android.musicfx,broadcast,com.android.musicfx/.Compatibility$Receiver]
I/ActivityManager(  575): Start proc com.android.musicfx for broadcast com.android.musicfx/.Compatibility$Receiver: pid=2748 uid=10013 gids={50013, 3003, 3002}
I/am_proc_bound(  575): [0,2748,com.android.musicfx]
I/notification_cancel_all(  575): [1000,575,com.wearableandroidbook.basicbluetooth,-1,0,0,5,NULL]
D/NotificationListeners(  575): onPackagesChanged queryReplace=false pkgList=[com.wearableandroidbook.basicbluetooth] mEnabledServicesPackageNames={}
D/ConditionProviders(  575): onPackagesChanged queryReplace=false pkgList=[com.wearableandroidbook.basicbluetooth] mEnabledServicesPackageNames={}
