W/ProcessCpuTracker(  575): Skipping unknown process pid 5394
I/ActivityManager(  575): START u0 {act=com.android.systemui.recents.SHOW_RECENTS flg=0x10800000 cmp=com.android.systemui/.recents.RecentsActivity (has extras)} from pid 656 on display 0
I/am_create_task(  575): [0,11]
I/am_create_activity(  575): [0,979350197,11,com.android.systemui/.recents.RecentsActivity,com.android.systemui.recents.SHOW_RECENTS,NULL,NULL,276824064]
I/wm_task_created(  575): [11,0]
I/wm_task_moved(  575): [11,1,1]
I/am_pause_activity(  575): [0,312331191,com.wearableandroidbook.basicbluetooth/.BluetoothLeInitialCheckActivity]
I/am_on_paused_called( 5372): [0,com.wearableandroidbook.basicbluetooth.BluetoothLeInitialCheckActivity]
I/am_restart_activity(  575): [0,979350197,11,com.android.systemui/.recents.RecentsActivity]
I/am_on_resume_called(  656): [0,com.android.systemui.recents.RecentsActivity]
I/am_activity_launch_time(  575): [0,979350197,com.android.systemui/.recents.RecentsActivity,115,115]
D/WifiService(  575): acquireWifiLockLocked: WifiLock{NlpWifiLock type=2 binder=android.os.BinderProxy@14bd4b1c}
D/WifiService(  575): releaseWifiLockLocked: WifiLock{NlpWifiLock type=2 binder=android.os.BinderProxy@14bd4b1c}
I/DEBUG   (  188): invalid crash request of size 4 (from pid=5179 uid=0)
I/auditd  ( 5426): type=1400 audit(0.0:32): avc:  denied  { read write } for  comm="sensors.qcom" name="diag" dev="tmpfs" ino=7314 scontext=u:r:sensors:s0 tcontext=u:object_r:diag_device:s0 tclass=chr_file
I/am_create_service(  575): [0,891532069,.CalendarIntentService,10021,1560]
I/am_proc_start(  575): [0,5438,10001,com.android.providers.calendar,content provider,com.android.providers.calendar/.CalendarProvider2]
I/ActivityManager(  575): Start proc com.android.providers.calendar for content provider com.android.providers.calendar/.CalendarProvider2: pid=5438 uid=10001 gids={50001, 3003, 1028, 1015}
I/am_proc_bound(  575): [0,5438,com.android.providers.calendar]
W/ResourcesManager( 5438): Asset path '/system/framework/android.test.runner.jar' does not exist or contains no resources.
I/am_create_service(  575): [0,421388724,.EmptyService,10001,5438]
I/am_destroy_service(  575): [0,891532069,1560]
I/am_proc_start(  575): [0,5476,10029,com.google.android.calendar,broadcast,com.google.android.calendar/com.android.calendar.alerts.AlertReceiver]
I/ActivityManager(  575): Start proc com.google.android.calendar for broadcast com.google.android.calendar/com.android.calendar.alerts.AlertReceiver: pid=5476 uid=10029 gids={50029, 3003}
I/am_destroy_service(  575): [0,421388724,5438]
I/am_proc_bound(  575): [0,5476,com.google.android.calendar]
I/am_create_service(  575): [0,297148893,.AlertService,10029,5476]
I/am_create_service(  575): [0,382464338,.CalendarQueryService,10105,1856]
I/am_destroy_service(  575): [0,382464338,1856]
I/notification_cancel(  575): [10029,5476,com.google.android.calendar,0,NULL,0,0,64,8,NULL]
I/notification_cancel(  575): [10029,5476,com.google.android.calendar,1,NULL,0,0,64,8,NULL]
I/notification_cancel(  575): [10029,5476,com.google.android.calendar,2,NULL,0,0,64,8,NULL]
I/notification_cancel(  575): [10029,5476,com.google.android.calendar,3,NULL,0,0,64,8,NULL]
I/notification_cancel(  575): [10029,5476,com.google.android.calendar,4,NULL,0,0,64,8,NULL]
I/notification_cancel(  575): [10029,5476,com.google.android.calendar,5,NULL,0,0,64,8,NULL]
I/notification_cancel(  575): [10029,5476,com.google.android.calendar,6,NULL,0,0,64,8,NULL]
I/notification_cancel(  575): [10029,5476,com.google.android.calendar,7,NULL,0,0,64,8,NULL]
I/notification_cancel(  575): [10029,5476,com.google.android.calendar,8,NULL,0,0,64,8,NULL]
I/notification_cancel(  575): [10029,5476,com.google.android.calendar,9,NULL,0,0,64,8,NULL]
I/notification_cancel(  575): [10029,5476,com.google.android.calendar,10,NULL,0,0,64,8,NULL]
I/notification_cancel(  575): [10029,5476,com.google.android.calendar,11,NULL,0,0,64,8,NULL]
I/notification_cancel(  575): [10029,5476,com.google.android.calendar,12,NULL,0,0,64,8,NULL]
I/notification_cancel(  575): [10029,5476,com.google.android.calendar,13,NULL,0,0,64,8,NULL]
I/notification_cancel(  575): [10029,5476,com.google.android.calendar,14,NULL,0,0,64,8,NULL]
I/notification_cancel(  575): [10029,5476,com.google.android.calendar,15,NULL,0,0,64,8,NULL]
I/notification_cancel(  575): [10029,5476,com.google.android.calendar,16,NULL,0,0,64,8,NULL]
I/notification_cancel(  575): [10029,5476,com.google.android.calendar,17,NULL,0,0,64,8,NULL]
I/notification_cancel(  575): [10029,5476,com.google.android.calendar,18,NULL,0,0,64,8,NULL]
I/notification_cancel(  575): [10029,5476,com.google.android.calendar,19,NULL,0,0,64,8,NULL]
I/notification_cancel(  575): [10029,5476,com.google.android.calendar,20,NULL,0,0,64,8,NULL]
I/am_destroy_service(  575): [0,297148893,5476]
I/ActivityManager(  575): Killing 4696:com.google.android.deskclock/u0a34 (adj 15): empty #17
I/am_kill (  575): [0,4696,com.google.android.deskclock,15,empty #17]
I/am_proc_died(  575): [0,4696,com.google.android.deskclock]
D/PowerUI.Notification(  656): updateNotification mWarning=false mSaver=false mInvalidCharger=false
I/notification_cancel(  575): [10019,656,com.android.systemui,100,low_battery,0,0,64,8,NULL]
D/WifiService(  575): acquireWifiLockLocked: WifiLock{NlpWifiLock type=2 binder=android.os.BinderProxy@14bd4b1c}
D/WifiService(  575): releaseWifiLockLocked: WifiLock{NlpWifiLock type=2 binder=android.os.BinderProxy@14bd4b1c}
I/DEBUG   (  188): invalid crash request of size 4 (from pid=5426 uid=0)
I/auditd  ( 5539): type=1400 audit(0.0:33): avc:  denied  { read write } for  comm="sensors.qcom" name="diag" dev="tmpfs" ino=7314 scontext=u:r:sensors:s0 tcontext=u:object_r:diag_device:s0 tclass=chr_file
D/PowerUI.Notification(  656): updateNotification mWarning=false mSaver=false mInvalidCharger=false
I/notification_cancel(  575): [10019,656,com.android.systemui,100,low_battery,0,0,64,8,NULL]
D/WifiService(  575): acquireWifiLockLocked: WifiLock{NlpWifiLock type=2 binder=android.os.BinderProxy@14bd4b1c}
I/force_gc( 1104): Binder
D/WifiService(  575): releaseWifiLockLocked: WifiLock{NlpWifiLock type=2 binder=android.os.BinderProxy@14bd4b1c}
I/force_gc(  575): Binder
D/PowerUI.Notification(  656): updateNotification mWarning=false mSaver=false mInvalidCharger=false
I/notification_cancel(  575): [10019,656,com.android.systemui,100,low_battery,0,0,64,8,NULL]
D/WifiService(  575): acquireWifiLockLocked: WifiLock{NlpWifiLock type=2 binder=android.os.BinderProxy@fc8ec23}
D/WifiService(  575): releaseWifiLockLocked: WifiLock{NlpWifiLock type=2 binder=android.os.BinderProxy@fc8ec23}
I/DEBUG   (  188): invalid crash request of size 4 (from pid=5539 uid=0)
I/auditd  ( 5595): type=1400 audit(0.0:34): avc:  denied  { read write } for  comm="sensors.qcom" name="diag" dev="tmpfs" ino=7314 scontext=u:r:sensors:s0 tcontext=u:object_r:diag_device:s0 tclass=chr_file
D/PowerUI.Notification(  656): updateNotification mWarning=false mSaver=false mInvalidCharger=false
I/notification_cancel(  575): [10019,656,com.android.systemui,100,low_battery,0,0,64,8,NULL]
D/WifiService(  575): acquireWifiLockLocked: WifiLock{NlpWifiLock type=2 binder=android.os.BinderProxy@fc8ec23}
D/WifiService(  575): releaseWifiLockLocked: WifiLock{NlpWifiLock type=2 binder=android.os.BinderProxy@fc8ec23}
D/ConnectivityService(  575): reportNetworkCondition(1, 0)
D/ConnectivityService(  575): handleInetConditionChange: net=1, condition=0,mActiveDefaultNetwork=1
D/ConnectivityService(  575): handleInetConditionChange: starting a change hold
I/gtalk_conn_close( 1069): [276,621]
D/ConnectivityService(  575): handleInetConditionHoldEnd: net=1, condition=0, published condition=100
D/ConnectivityService(  575): sendStickyBroadcast: action=android.net.conn.INET_CONDITION_ACTION
I/DEBUG   (  188): invalid crash request of size 4 (from pid=5595 uid=0)
I/auditd  ( 5633): type=1400 audit(0.0:35): avc:  denied  { read write } for  comm="sensors.qcom" name="diag" dev="tmpfs" ino=7314 scontext=u:r:sensors:s0 tcontext=u:object_r:diag_device:s0 tclass=chr_file
I/c2dm    ( 1069): [-2,NULL,1,1]
I/c2dm    ( 1069): [3,NULL,1,1]
I/gtalk_heartbeat_reset( 1069): [66436,64.233.168.188:5228]
D/ConnectivityService(  575): reportNetworkCondition(1, 100)
D/ConnectivityService(  575): handleInetConditionChange: net=1, condition=100,mActiveDefaultNetwork=1
D/ConnectivityService(  575): handleInetConditionChange: starting a change hold
I/gtalk_connection( 1069): 0
I/c2dm    ( 1069): [8,com.google.android.gsf.gtalkservice:,1,1]
D/ConnectivityService(  575): reportNetworkCondition(1, 100)
D/ConnectivityService(  575): handleInetConditionChange: net=1, condition=100,mActiveDefaultNetwork=1
D/ConnectivityService(  575): handleInetConditionChange: currently in hold - not setting new end evt
I/c2dm    ( 1069): [-8,com.google.android.gsf.gtalkservice:,2,2]
I/c2dm    ( 1069): [7,,2,2]
D/ConnectivityService(  575): reportNetworkCondition(1, 100)
D/ConnectivityService(  575): handleInetConditionChange: net=1, condition=100,mActiveDefaultNetwork=1
D/ConnectivityService(  575): handleInetConditionChange: currently in hold - not setting new end evt
D/ConnectivityService(  575): reportNetworkCondition(1, 100)
D/ConnectivityService(  575): handleInetConditionChange: net=1, condition=100,mActiveDefaultNetwork=1
D/ConnectivityService(  575): handleInetConditionChange: currently in hold - not setting new end evt
D/ConnectivityService(  575): handleInetConditionHoldEnd: net=1, condition=100, published condition=0
D/ConnectivityService(  575): sendStickyBroadcast: action=android.net.conn.INET_CONDITION_ACTION
I/battery_level(  575): [67,3949,328]
D/PowerUI.Notification(  656): updateNotification mWarning=false mSaver=false mInvalidCharger=false
I/notification_cancel(  575): [10019,656,com.android.systemui,100,low_battery,0,0,64,8,NULL]
D/WifiService(  575): acquireWifiLockLocked: WifiLock{NlpWifiLock type=2 binder=android.os.BinderProxy@fc8ec23}
D/WifiService(  575): releaseWifiLockLocked: WifiLock{NlpWifiLock type=2 binder=android.os.BinderProxy@fc8ec23}
D/PowerUI.Notification(  656): updateNotification mWarning=false mSaver=false mInvalidCharger=false
I/notification_cancel(  575): [10019,656,com.android.systemui,100,low_battery,0,0,64,8,NULL]
D/WifiService(  575): acquireWifiLockLocked: WifiLock{NlpWifiLock type=2 binder=android.os.BinderProxy@fc8ec23}
D/WifiService(  575): releaseWifiLockLocked: WifiLock{NlpWifiLock type=2 binder=android.os.BinderProxy@fc8ec23}
I/DEBUG   (  188): invalid crash request of size 4 (from pid=5633 uid=0)
I/auditd  ( 5675): type=1400 audit(0.0:36): avc:  denied  { read write } for  comm="sensors.qcom" name="diag" dev="tmpfs" ino=7314 scontext=u:r:sensors:s0 tcontext=u:object_r:diag_device:s0 tclass=chr_file
D/PowerUI.Notification(  656): updateNotification mWarning=false mSaver=false mInvalidCharger=false
I/notification_cancel(  575): [10019,656,com.android.systemui,100,low_battery,0,0,64,8,NULL]
D/WifiService(  575): acquireWifiLockLocked: WifiLock{NlpWifiLock type=2 binder=android.os.BinderProxy@fc8ec23}
D/WifiService(  575): releaseWifiLockLocked: WifiLock{NlpWifiLock type=2 binder=android.os.BinderProxy@fc8ec23}
I/DEBUG   (  188): invalid crash request of size 4 (from pid=5675 uid=0)
I/auditd  ( 5700): type=1400 audit(0.0:37): avc:  denied  { read write } for  comm="sensors.qcom" name="diag" dev="tmpfs" ino=7314 scontext=u:r:sensors:s0 tcontext=u:object_r:diag_device:s0 tclass=chr_file
D/PowerUI.Notification(  656): updateNotification mWarning=false mSaver=false mInvalidCharger=false
I/notification_cancel(  575): [10019,656,com.android.systemui,100,low_battery,0,0,64,8,NULL]
D/WifiService(  575): acquireWifiLockLocked: WifiLock{NlpWifiLock type=2 binder=android.os.BinderProxy@fc8ec23}
D/WifiService(  575): releaseWifiLockLocked: WifiLock{NlpWifiLock type=2 binder=android.os.BinderProxy@fc8ec23}
I/force_gc(  575): Binder
I/am_proc_start(  575): [0,5724,10034,com.google.android.deskclock,broadcast,com.google.android.deskclock/com.android.alarmclock.DigitalAppWidgetProvider]
I/ActivityManager(  575): Start proc com.google.android.deskclock for broadcast com.google.android.deskclock/com.android.alarmclock.DigitalAppWidgetProvider: pid=5724 uid=10034 gids={50034, 1028}
I/am_proc_bound(  575): [0,5724,com.google.android.deskclock]
I/ActivityManager(  575): Killing 4814:com.google.android.gm/u0a62 (adj 15): empty #17
I/am_kill (  575): [0,4814,com.google.android.gm,15,empty #17]
I/am_proc_died(  575): [0,4814,com.google.android.gm]
D/ConnectivityService(  575): Sampling interval elapsed, updating statistics ..
D/ConnectivityService(  575): Done.
D/ConnectivityService(  575): Setting timer for 720seconds
D/PowerUI.Notification(  656): updateNotification mWarning=false mSaver=false mInvalidCharger=false
I/notification_cancel(  575): [10019,656,com.android.systemui,100,low_battery,0,0,64,8,NULL]
D/WifiService(  575): acquireWifiLockLocked: WifiLock{NlpWifiLock type=2 binder=android.os.BinderProxy@36916520}
D/WifiService(  575): releaseWifiLockLocked: WifiLock{NlpWifiLock type=2 binder=android.os.BinderProxy@36916520}
I/force_gc( 1069): Binder
I/DEBUG   (  188): invalid crash request of size 4 (from pid=5700 uid=0)
I/auditd  ( 5767): type=1400 audit(0.0:38): avc:  denied  { read write } for  comm="sensors.qcom" name="diag" dev="tmpfs" ino=7314 scontext=u:r:sensors:s0 tcontext=u:object_r:diag_device:s0 tclass=chr_file
I/battery_level(  575): [66,3941,330]
D/PowerUI.Notification(  656): updateNotification mWarning=false mSaver=false mInvalidCharger=false
I/notification_cancel(  575): [10019,656,com.android.systemui,100,low_battery,0,0,64,8,NULL]
D/WifiService(  575): acquireWifiLockLocked: WifiLock{NlpWifiLock type=2 binder=android.os.BinderProxy@36916520}
D/WifiService(  575): releaseWifiLockLocked: WifiLock{NlpWifiLock type=2 binder=android.os.BinderProxy@36916520}
I/DEBUG   (  188): invalid crash request of size 4 (from pid=5767 uid=0)
I/auditd  ( 5795): type=1400 audit(0.0:39): avc:  denied  { read write } for  comm="sensors.qcom" name="diag" dev="tmpfs" ino=7314 scontext=u:r:sensors:s0 tcontext=u:object_r:diag_device:s0 tclass=chr_file
D/PowerUI.Notification(  656): updateNotification mWarning=false mSaver=false mInvalidCharger=false
I/notification_cancel(  575): [10019,656,com.android.systemui,100,low_battery,0,0,64,8,NULL]
D/WifiService(  575): acquireWifiLockLocked: WifiLock{NlpWifiLock type=2 binder=android.os.BinderProxy@36916520}
D/WifiService(  575): releaseWifiLockLocked: WifiLock{NlpWifiLock type=2 binder=android.os.BinderProxy@36916520}
I/c2dm    ( 1069): [8,GSYNC_TICKLE:0:1410741166301162%e7a71353318775b0,3,2]
D/ConnectivityService(  575): reportNetworkCondition(1, 100)
D/ConnectivityService(  575): handleInetConditionChange: net=1, condition=100,mActiveDefaultNetwork=1
D/ConnectivityService(  575): handleInetConditionChange: starting a change hold
I/am_create_service(  575): [0,527957721,.GCMIntentService,10007,1069]
I/netstats_mobile_sample(  575): [0,0,0,0,0,0,0,0,0,0,0,0,1410741167730]
I/netstats_wifi_sample(  575): [4507413,4348,313873,2626,4506870,4332,276590,2610,4506870,4332,276590,2610,1410741167730]
I/tickle  ( 1069): gmail-ls
I/am_destroy_service(  575): [0,527957721,1069]
I/sync    (  575): [gmail-ls,0,0,1203676730]
I/am_proc_start(  575): [0,5813,10062,com.google.android.gm,service,com.google.android.gm/.provider.MailSyncAdapterService]
I/ActivityManager(  575): Start proc com.google.android.gm for service com.google.android.gm/.provider.MailSyncAdapterService: pid=5813 uid=10062 gids={50062, 3003, 1028, 1015}
I/am_proc_bound(  575): [0,5813,com.google.android.gm]
I/am_create_service(  575): [0,736145301,.MailSyncAdapterService,10062,5813]
I/am_create_service(  575): [0,64430052,.IndexService,10007,1045]
I/am_create_service(  575): [0,131618384,.GoogleLoginService,10007,1069]
I/am_destroy_service(  575): [0,131618384,1069]
I/am_create_service(  575): [0,323571785,.GmailIntentService,10062,5813]
I/am_create_service(  575): [0,774085966,.IndexWorkerService,10007,1045]
I/am_create_service(  575): [0,1020110853,.LightweightIndexService,10007,1069]
I/am_create_service(  575): [0,94388314,.LightweightIndexService$LightweightWorkerService,10007,1069]
I/am_destroy_service(  575): [0,94388314,1069]
I/am_destroy_service(  575): [0,323571785,5813]
I/am_destroy_service(  575): [0,774085966,1045]
I/am_create_service(  575): [0,410190475,.IndexWorkerService,10007,1045]
I/am_destroy_service(  575): [0,410190475,1045]
D/ConnectivityService(  575): handleInetConditionHoldEnd: net=1, condition=100, published condition=100
D/ConnectivityService(  575): sendStickyBroadcast: action=android.net.conn.INET_CONDITION_ACTION
I/am_create_service(  575): [0,227359847,.GoogleLoginService,10007,1069]
I/am_create_service(  575): [0,847675570,.GetToken,10007,1069]
I/am_create_service(  575): [0,1032445369,.GoogleAccountDataService,10007,1069]
I/am_destroy_service(  575): [0,1032445369,1069]
I/am_destroy_service(  575): [0,847675570,1069]
I/notification_cancel(  575): [1000,575,android,2,NULL,0,0,0,8,NULL]
I/am_destroy_service(  575): [0,227359847,1069]
I/google_http_request( 5813): [391,200,Android-GmailProvider/4900120,1]
I/am_create_service(  575): [0,31562869,.GoogleLoginService,10007,1069]
I/am_create_service(  575): [0,261010072,.GetToken,10007,1069]
I/am_create_service(  575): [0,642256215,.GoogleAccountDataService,10007,1069]
I/am_destroy_service(  575): [0,642256215,1069]
I/am_destroy_service(  575): [0,261010072,1069]
I/notification_cancel(  575): [1000,575,android,2,NULL,0,0,0,8,NULL]
I/am_destroy_service(  575): [0,31562869,1069]
I/google_http_request( 5813): [260,200,Android-GmailProvider/4900120,1]
I/force_gc( 1104): Binder
I/force_gc(  575): Binder
I/am_create_service(  575): [0,688414788,.IndexWorkerService,10007,1045]
I/am_create_service(  575): [0,1048438061,.LightweightIndexService$LightweightWorkerService,10007,1069]
I/am_destroy_service(  575): [0,1048438061,1069]
I/am_create_service(  575): [0,624720482,.GmailIntentService,10062,5813]
I/am_destroy_service(  575): [0,624720482,5813]
I/sync_details( 5813): [Gmail,2853,6678,M1C1S2Z1]
I/am_destroy_service(  575): [0,736145301,5813]
I/sync    (  575): [gmail-ls,1,0,1203676730]
I/notification_cancel(  575): [1000,575,android,426028811,NULL,0,0,0,8,NULL]
I/am_destroy_service(  575): [0,688414788,1045]
I/ActivityManager(  575): Killing 2710:com.android.defcontainer/u0a4 (adj 15): empty #17
I/am_kill (  575): [0,2710,com.android.defcontainer,15,empty #17]
I/am_proc_died(  575): [0,2710,com.android.defcontainer]
I/am_create_service(  575): [0,645965609,.AnalyticsService,10007,1045]
I/am_destroy_service(  575): [0,1020110853,1069]
I/am_destroy_service(  575): [0,64430052,1045]
I/sync    (  575): [com.google.android.gms.games.background,0,4,1203676730]
I/am_create_service(  575): [0,601878984,.GamesSyncServiceMain,10007,1045]
I/am_create_service(  575): [0,736518772,.GoogleLoginService,10007,1069]
I/am_destroy_service(  575): [0,736518772,1069]
I/am_create_service(  575): [0,869856227,.PlayLogBrokerService,10007,1045]
I/am_destroy_service(  575): [0,601878984,1045]
I/sync    (  575): [com.google.android.gms.games.background,1,4,1203676730]
I/notification_cancel(  575): [1000,575,android,-1769171490,NULL,0,0,0,8,NULL]
I/am_destroy_service(  575): [0,869856227,1045]
D/PowerUI.Notification(  656): updateNotification mWarning=false mSaver=false mInvalidCharger=false
I/notification_cancel(  575): [10019,656,com.android.systemui,100,low_battery,0,0,64,8,NULL]
D/WifiService(  575): acquireWifiLockLocked: WifiLock{NlpWifiLock type=2 binder=android.os.BinderProxy@324131e0}
D/WifiService(  575): releaseWifiLockLocked: WifiLock{NlpWifiLock type=2 binder=android.os.BinderProxy@324131e0}
I/DEBUG   (  188): invalid crash request of size 4 (from pid=5795 uid=0)
I/auditd  ( 5921): type=1400 audit(0.0:40): avc:  denied  { read write } for  comm="sensors.qcom" name="diag" dev="tmpfs" ino=7314 scontext=u:r:sensors:s0 tcontext=u:object_r:diag_device:s0 tclass=chr_file
D/PowerUI.Notification(  656): updateNotification mWarning=false mSaver=false mInvalidCharger=false
I/notification_cancel(  575): [10019,656,com.android.systemui,100,low_battery,0,0,64,8,NULL]
D/WifiService(  575): acquireWifiLockLocked: WifiLock{NlpWifiLock type=2 binder=android.os.BinderProxy@324131e0}
D/WifiService(  575): releaseWifiLockLocked: WifiLock{NlpWifiLock type=2 binder=android.os.BinderProxy@324131e0}
I/DEBUG   (  188): invalid crash request of size 4 (from pid=5921 uid=0)
I/auditd  ( 5953): type=1400 audit(0.0:41): avc:  denied  { read write } for  comm="sensors.qcom" name="diag" dev="tmpfs" ino=7314 scontext=u:r:sensors:s0 tcontext=u:object_r:diag_device:s0 tclass=chr_file
I/battery_level(  575): [65,3934,331]
D/PowerUI.Notification(  656): updateNotification mWarning=false mSaver=false mInvalidCharger=false
I/notification_cancel(  575): [10019,656,com.android.systemui,100,low_battery,0,0,64,8,NULL]
D/WifiService(  575): acquireWifiLockLocked: WifiLock{NlpWifiLock type=2 binder=android.os.BinderProxy@324131e0}
I/ProcessStatsService(  575): Prepared write state in 9ms
I/ProcessStatsService(  575): Prepared write state in 19ms
I/ProcessStatsService(  575): Pruning old procstats: /data/system/procstats/state-2014-09-10-19-52-04.bin
I/ProcessStatsService(  575): Prepared write state in 5ms
D/WifiService(  575): releaseWifiLockLocked: WifiLock{NlpWifiLock type=2 binder=android.os.BinderProxy@324131e0}
I/netstats_mobile_sample(  575): [0,0,0,0,0,0,0,0,0,0,0,0,1410741346672]
I/netstats_wifi_sample(  575): [4514471,4365,317230,2643,4513900,4348,279681,2626,4513900,4348,279681,2626,1410741346672]
D/PowerUI.Notification(  656): updateNotification mWarning=false mSaver=false mInvalidCharger=false
I/notification_cancel(  575): [10019,656,com.android.systemui,100,low_battery,0,0,64,8,NULL]
D/WifiService(  575): acquireWifiLockLocked: WifiLock{NlpWifiLock type=2 binder=android.os.BinderProxy@324131e0}
D/WifiService(  575): releaseWifiLockLocked: WifiLock{NlpWifiLock type=2 binder=android.os.BinderProxy@324131e0}
I/force_gc( 1069): Binder
I/DEBUG   (  188): invalid crash request of size 4 (from pid=5953 uid=0)
I/auditd  ( 6010): type=1400 audit(0.0:42): avc:  denied  { read write } for  comm="sensors.qcom" name="diag" dev="tmpfs" ino=7314 scontext=u:r:sensors:s0 tcontext=u:object_r:diag_device:s0 tclass=chr_file
I/am_create_service(  575): [0,909421721,.CalendarIntentService,10021,1560]
I/am_destroy_service(  575): [0,909421721,1560]
I/am_create_service(  575): [0,945441630,.EntriesRefreshIntentService,10021,1560]
I/force_gc(  575): Binder
I/am_create_service(  575): [0,276757595,.CastMediaRouteProviderService,10007,1045]
I/am_proc_start(  575): [0,6038,10071,com.google.android.youtube,service,com.google.android.youtube/.app.remote.YouTubeTvRouteProviderService]
I/ActivityManager(  575): Start proc com.google.android.youtube for service com.google.android.youtube/.app.remote.YouTubeTvRouteProviderService: pid=6038 uid=10071 gids={50071, 3003, 1028, 1015}
I/am_proc_bound(  575): [0,6038,com.google.android.youtube]
I/am_create_service(  575): [0,177104950,.YouTubeTvRouteProviderService,10071,6038]
I/am_create_service(  575): [0,345603597,.ReportingAndroidService,10007,1104]
W/ResourcesManager( 6038): Asset path '/system/framework/com.android.media.remotedisplay.jar' does not exist or contains no resources.
W/ResourcesManager( 6038): Asset path '/system/framework/com.android.location.provider.jar' does not exist or contains no resources.
D/WifiService(  575): New client listening to asynchronous messages
I/am_create_service(  575): [0,349229506,.CastDeviceScannerIntentService,10007,1045]
I/am_create_service(  575): [0,800305739,.GetToken,10007,1069]
I/am_create_service(  575): [0,647973606,.GoogleAccountDataService,10007,1069]
I/am_destroy_service(  575): [0,647973606,1069]
I/am_destroy_service(  575): [0,800305739,1069]
I/am_destroy_service(  575): [0,349229506,1045]
I/notification_cancel(  575): [10071,6038,com.google.android.youtube,2,NULL,0,0,64,8,NULL]
I/am_create_service(  575): [0,752035493,.AdvertisingIdService,10007,1045]
I/am_destroy_service(  575): [0,752035493,1045]
I/am_create_service(  575): [0,510953505,.VelvetBackgroundTasksImpl$Service,10021,1560]
I/am_destroy_service(  575): [0,510953505,1560]
D/WifiService(  575): acquireWifiLockLocked: WifiLock{NlpWifiLock type=2 binder=android.os.BinderProxy@239e3446}
I/notification_cancel(  575): [10021,1560,com.google.android.googlequicksearchbox,6,NULL,0,0,64,8,NULL]
D/WifiService(  575): releaseWifiLockLocked: WifiLock{NlpWifiLock type=2 binder=android.os.BinderProxy@239e3446}
D/WifiService(  575): acquireWifiLockLocked: WifiLock{NlpWifiLock type=2 binder=android.os.BinderProxy@239e3446}
I/notification_enqueue(  575): [10021,1560,com.google.android.googlequicksearchbox,6,NULL,0,Notification(pri=-2 contentView=com.google.android.googlequicksearchbox/0x1090070 vibrate=null sound=null defaults=0x0 flags=0x18 color=0x00000000)]
I/am_create_service(  575): [0,175146333,.NotificationRefreshService,10021,1560]
I/am_destroy_service(  575): [0,175146333,1560]
I/am_destroy_service(  575): [0,945441630,1560]
D/WifiService(  575): releaseWifiLockLocked: WifiLock{NlpWifiLock type=2 binder=android.os.BinderProxy@239e3446}
I/am_create_service(  575): [0,808786521,.CastDeviceScannerIntentService,10007,1045]
I/am_destroy_service(  575): [0,808786521,1045]
I/am_destroy_service(  575): [0,276757595,1045]
I/am_destroy_service(  575): [0,177104950,6038]
D/PowerUI.Notification(  656): updateNotification mWarning=false mSaver=false mInvalidCharger=false
I/notification_cancel(  575): [10019,656,com.android.systemui,100,low_battery,0,0,64,8,NULL]
I/am_destroy_service(  575): [0,645965609,1045]
I/ActivityManager(  575): Killing 2768:com.google.android.gms.drive/u0a7 (adj 15): empty #17
I/am_kill (  575): [0,2768,com.google.android.gms.drive,15,empty #17]
I/am_proc_died(  575): [0,2768,com.google.android.gms.drive]
I/am_destroy_service(  575): [0,345603597,1104]
D/WifiService(  575): acquireWifiLockLocked: WifiLock{NlpWifiLock type=2 binder=android.os.BinderProxy@239e3446}
D/WifiService(  575): releaseWifiLockLocked: WifiLock{NlpWifiLock type=2 binder=android.os.BinderProxy@239e3446}
I/DEBUG   (  188): invalid crash request of size 4 (from pid=6010 uid=0)
I/auditd  ( 6233): type=1400 audit(0.0:43): avc:  denied  { read write } for  comm="sensors.qcom" name="diag" dev="tmpfs" ino=7314 scontext=u:r:sensors:s0 tcontext=u:object_r:diag_device:s0 tclass=chr_file
D/PowerUI.Notification(  656): updateNotification mWarning=false mSaver=false mInvalidCharger=false
I/notification_cancel(  575): [10019,656,com.android.systemui,100,low_battery,0,0,64,8,NULL]
D/WifiService(  575): acquireWifiLockLocked: WifiLock{NlpWifiLock type=2 binder=android.os.BinderProxy@239e3446}
I/force_gc(  575): Binder
D/WifiService(  575): releaseWifiLockLocked: WifiLock{NlpWifiLock type=2 binder=android.os.BinderProxy@239e3446}
D/PowerUI.Notification(  656): updateNotification mWarning=false mSaver=false mInvalidCharger=false
I/notification_cancel(  575): [10019,656,com.android.systemui,100,low_battery,0,0,64,8,NULL]
I/DEBUG   (  188): invalid crash request of size 4 (from pid=6233 uid=0)
I/auditd  ( 6263): type=1400 audit(0.0:44): avc:  denied  { read write } for  comm="sensors.qcom" name="diag" dev="tmpfs" ino=7314 scontext=u:r:sensors:s0 tcontext=u:object_r:diag_device:s0 tclass=chr_file
D/WifiService(  575): acquireWifiLockLocked: WifiLock{NlpWifiLock type=2 binder=android.os.BinderProxy@239e3446}
D/WifiService(  575): releaseWifiLockLocked: WifiLock{NlpWifiLock type=2 binder=android.os.BinderProxy@239e3446}
I/battery_level(  575): [64,3926,332]
D/PowerUI.Notification(  656): updateNotification mWarning=false mSaver=false mInvalidCharger=false
I/notification_cancel(  575): [10019,656,com.android.systemui,100,low_battery,0,0,64,8,NULL]
D/WifiService(  575): acquireWifiLockLocked: WifiLock{NlpWifiLock type=2 binder=android.os.BinderProxy@239e3446}
D/WifiService(  575): releaseWifiLockLocked: WifiLock{NlpWifiLock type=2 binder=android.os.BinderProxy@239e3446}
I/force_gc( 1104): Binder
I/DEBUG   (  188): invalid crash request of size 4 (from pid=6263 uid=0)
I/auditd  ( 6302): type=1400 audit(0.0:45): avc:  denied  { read write } for  comm="sensors.qcom" name="diag" dev="tmpfs" ino=7314 scontext=u:r:sensors:s0 tcontext=u:object_r:diag_device:s0 tclass=chr_file
D/PowerUI.Notification(  656): updateNotification mWarning=false mSaver=false mInvalidCharger=false
I/notification_cancel(  575): [10019,656,com.android.systemui,100,low_battery,0,0,64,8,NULL]
D/WifiService(  575): acquireWifiLockLocked: WifiLock{NlpWifiLock type=2 binder=android.os.BinderProxy@239e3446}
D/ConnectivityService(  575): Sampling interval elapsed, updating statistics ..
D/ConnectivityService(  575): Done.
D/ConnectivityService(  575): Setting timer for 720seconds
D/WifiService(  575): releaseWifiLockLocked: WifiLock{NlpWifiLock type=2 binder=android.os.BinderProxy@239e3446}
I/force_gc( 1069): Binder
D/PowerUI.Notification(  656): updateNotification mWarning=false mSaver=false mInvalidCharger=false
I/notification_cancel(  575): [10019,656,com.android.systemui,100,low_battery,0,0,64,8,NULL]
D/ConnectivityService(  575): reportNetworkCondition(1, 0)
D/ConnectivityService(  575): handleInetConditionChange: net=1, condition=0,mActiveDefaultNetwork=1
D/ConnectivityService(  575): handleInetConditionChange: starting a change hold
I/am_create_service(  575): [0,779716126,.UploaderService,10007,1045]
I/gtalk_conn_close( 1069): [276,983]
I/am_create_service(  575): [0,1041498901,.GetToken,10007,1069]
I/am_create_service(  575): [0,1051640248,.GoogleAccountDataService,10007,1069]
I/am_destroy_service(  575): [0,1051640248,1069]
I/am_destroy_service(  575): [0,1041498901,1069]
I/google_http_request( 1045): [563,200,Android/com.google.android.gms/5208036,1]
I/am_destroy_service(  575): [0,779716126,1045]
D/ConnectivityService(  575): handleInetConditionHoldEnd: net=1, condition=0, published condition=100
D/ConnectivityService(  575): sendStickyBroadcast: action=android.net.conn.INET_CONDITION_ACTION
I/DEBUG   (  188): invalid crash request of size 4 (from pid=6302 uid=0)
I/auditd  ( 6343): type=1400 audit(0.0:46): avc:  denied  { read write } for  comm="sensors.qcom" name="diag" dev="tmpfs" ino=7314 scontext=u:r:sensors:s0 tcontext=u:object_r:diag_device:s0 tclass=chr_file
I/c2dm    ( 1069): [-2,NULL,1,1]
I/c2dm    ( 1069): [3,NULL,1,1]
I/gtalk_heartbeat_reset( 1069): [66436,64.233.160.188:5228]
D/ConnectivityService(  575): reportNetworkCondition(1, 100)
D/ConnectivityService(  575): handleInetConditionChange: net=1, condition=100,mActiveDefaultNetwork=1
D/ConnectivityService(  575): handleInetConditionChange: starting a change hold
I/gtalk_connection( 1069): 0
I/c2dm    ( 1069): [8,com.google.android.gsf.gtalkservice:,1,1]
D/ConnectivityService(  575): reportNetworkCondition(1, 100)
D/ConnectivityService(  575): handleInetConditionChange: net=1, condition=100,mActiveDefaultNetwork=1
D/ConnectivityService(  575): handleInetConditionChange: currently in hold - not setting new end evt
I/c2dm    ( 1069): [-8,com.google.android.gsf.gtalkservice:,2,2]
I/c2dm    ( 1069): [7,,2,2]
D/ConnectivityService(  575): reportNetworkCondition(1, 100)
D/ConnectivityService(  575): handleInetConditionChange: net=1, condition=100,mActiveDefaultNetwork=1
D/ConnectivityService(  575): handleInetConditionChange: currently in hold - not setting new end evt
D/ConnectivityService(  575): reportNetworkCondition(1, 100)
D/ConnectivityService(  575): handleInetConditionChange: net=1, condition=100,mActiveDefaultNetwork=1
D/ConnectivityService(  575): handleInetConditionChange: currently in hold - not setting new end evt
D/ConnectivityService(  575): handleInetConditionHoldEnd: net=1, condition=100, published condition=0
D/ConnectivityService(  575): sendStickyBroadcast: action=android.net.conn.INET_CONDITION_ACTION
D/WifiService(  575): acquireWifiLockLocked: WifiLock{NlpWifiLock type=2 binder=android.os.BinderProxy@239e3446}
D/WifiService(  575): releaseWifiLockLocked: WifiLock{NlpWifiLock type=2 binder=android.os.BinderProxy@239e3446}
D/PowerUI.Notification(  656): updateNotification mWarning=false mSaver=false mInvalidCharger=false
I/notification_cancel(  575): [10019,656,com.android.systemui,100,low_battery,0,0,64,8,NULL]
I/DEBUG   (  188): invalid crash request of size 4 (from pid=6343 uid=0)
I/auditd  ( 6364): type=1400 audit(0.0:47): avc:  denied  { read write } for  comm="sensors.qcom" name="diag" dev="tmpfs" ino=7314 scontext=u:r:sensors:s0 tcontext=u:object_r:diag_device:s0 tclass=chr_file
D/PowerUI.Notification(  656): updateNotification mWarning=false mSaver=false mInvalidCharger=false
D/WifiService(  575): acquireWifiLockLocked: WifiLock{NlpWifiLock type=2 binder=android.os.BinderProxy@239e3446}
I/notification_cancel(  575): [10019,656,com.android.systemui,100,low_battery,0,0,64,8,NULL]
D/WifiService(  575): releaseWifiLockLocked: WifiLock{NlpWifiLock type=2 binder=android.os.BinderProxy@239e3446}
I/battery_level(  575): [63,3918,334]
D/PowerUI.Notification(  656): updateNotification mWarning=false mSaver=false mInvalidCharger=false
I/notification_cancel(  575): [10019,656,com.android.systemui,100,low_battery,0,0,64,8,NULL]
D/WifiService(  575): acquireWifiLockLocked: WifiLock{NlpWifiLock type=2 binder=android.os.BinderProxy@239e3446}
I/force_gc(  575): Binder
D/WifiService(  575): releaseWifiLockLocked: WifiLock{NlpWifiLock type=2 binder=android.os.BinderProxy@239e3446}
I/DEBUG   (  188): invalid crash request of size 4 (from pid=6364 uid=0)
I/auditd  ( 6415): type=1400 audit(0.0:48): avc:  denied  { read write } for  comm="sensors.qcom" name="diag" dev="tmpfs" ino=7314 scontext=u:r:sensors:s0 tcontext=u:object_r:diag_device:s0 tclass=chr_file
D/PowerUI.Notification(  656): updateNotification mWarning=false mSaver=false mInvalidCharger=false
I/notification_cancel(  575): [10019,656,com.android.systemui,100,low_battery,0,0,64,8,NULL]
D/WifiService(  575): acquireWifiLockLocked: WifiLock{NlpWifiLock type=2 binder=android.os.BinderProxy@239e3446}
D/WifiService(  575): releaseWifiLockLocked: WifiLock{NlpWifiLock type=2 binder=android.os.BinderProxy@239e3446}
I/DEBUG   (  188): invalid crash request of size 4 (from pid=6415 uid=0)
I/auditd  ( 6457): type=1400 audit(0.0:49): avc:  denied  { read write } for  comm="sensors.qcom" name="diag" dev="tmpfs" ino=7314 scontext=u:r:sensors:s0 tcontext=u:object_r:diag_device:s0 tclass=chr_file
D/PowerUI.Notification(  656): updateNotification mWarning=false mSaver=false mInvalidCharger=false
I/notification_cancel(  575): [10019,656,com.android.systemui,100,low_battery,0,0,64,8,NULL]
D/WifiService(  575): acquireWifiLockLocked: WifiLock{NlpWifiLock type=2 binder=android.os.BinderProxy@239e3446}
D/WifiService(  575): releaseWifiLockLocked: WifiLock{NlpWifiLock type=2 binder=android.os.BinderProxy@239e3446}
I/am_create_service(  575): [0,1002355601,.EventLogService,10007,1045]
I/aggregation( 1045): 1410742071972
I/am_destroy_service(  575): [0,1002355601,1045]
D/PowerUI.Notification(  656): updateNotification mWarning=false mSaver=false mInvalidCharger=false
I/notification_cancel(  575): [10019,656,com.android.systemui,100,low_battery,0,0,64,8,NULL]
D/WifiService(  575): acquireWifiLockLocked: WifiLock{NlpWifiLock type=2 binder=android.os.BinderProxy@239e3446}
D/WifiService(  575): releaseWifiLockLocked: WifiLock{NlpWifiLock type=2 binder=android.os.BinderProxy@239e3446}
I/DEBUG   (  188): invalid crash request of size 4 (from pid=6457 uid=0)
I/auditd  ( 6511): type=1400 audit(0.0:50): avc:  denied  { read write } for  comm="sensors.qcom" name="diag" dev="tmpfs" ino=7314 scontext=u:r:sensors:s0 tcontext=u:object_r:diag_device:s0 tclass=chr_file
D/PowerUI.Notification(  656): updateNotification mWarning=false mSaver=false mInvalidCharger=false
I/notification_cancel(  575): [10019,656,com.android.systemui,100,low_battery,0,0,64,8,NULL]
D/WifiService(  575): acquireWifiLockLocked: WifiLock{NlpWifiLock type=2 binder=android.os.BinderProxy@239e3446}
D/WifiService(  575): releaseWifiLockLocked: WifiLock{NlpWifiLock type=2 binder=android.os.BinderProxy@239e3446}
I/DEBUG   (  188): invalid crash request of size 4 (from pid=6511 uid=0)
I/auditd  ( 6542): type=1400 audit(0.0:51): avc:  denied  { read write } for  comm="sensors.qcom" name="diag" dev="tmpfs" ino=7314 scontext=u:r:sensors:s0 tcontext=u:object_r:diag_device:s0 tclass=chr_file
I/battery_level(  575): [62,3910,334]
D/PowerUI.Notification(  656): updateNotification mWarning=false mSaver=false mInvalidCharger=false
I/notification_cancel(  575): [10019,656,com.android.systemui,100,low_battery,0,0,64,8,NULL]
D/WifiService(  575): acquireWifiLockLocked: WifiLock{NlpWifiLock type=2 binder=android.os.BinderProxy@239e3446}
I/ActivityManager(  575): Killing 2748:com.android.musicfx/u0a13 (adj 15): empty for 1805s
I/am_kill (  575): [0,2748,com.android.musicfx,15,empty for 1805s]
I/ActivityManager(  575): Killing 970:android.process.acore/u0a2 (adj 15): empty for 1805s
I/am_kill (  575): [0,970,android.process.acore,15,empty for 1805s]
I/ActivityManager(  575): Killing 1812:com.google.android.apps.docs/u0a36 (adj 15): empty for 1805s
I/am_kill (  575): [0,1812,com.google.android.apps.docs,15,empty for 1805s]
I/ActivityManager(  575): Killing 2807:com.google.android.partnersetup/u0a10 (adj 15): empty for 1805s
I/am_kill (  575): [0,2807,com.google.android.partnersetup,15,empty for 1805s]
I/ActivityManager(  575): Killing 2787:com.android.keychain/1000 (adj 15): empty for 1805s
I/am_kill (  575): [0,2787,com.android.keychain,15,empty for 1805s]
D/WifiService(  575): releaseWifiLockLocked: WifiLock{NlpWifiLock type=2 binder=android.os.BinderProxy@239e3446}
I/am_proc_died(  575): [0,2787,com.android.keychain]
I/am_proc_died(  575): [0,1812,com.google.android.apps.docs]
I/am_proc_died(  575): [0,2748,com.android.musicfx]
I/am_proc_died(  575): [0,2807,com.google.android.partnersetup]
I/am_proc_died(  575): [0,970,android.process.acore]
I/ActivityManager(  575): Killing 1515:com.android.vending/u0a15 (adj 15): empty for 1804s
I/am_kill (  575): [0,1515,com.android.vending,15,empty for 1804s]
I/am_proc_died(  575): [0,1515,com.android.vending]
D/PowerUI.Notification(  656): updateNotification mWarning=false mSaver=false mInvalidCharger=false
I/notification_cancel(  575): [10019,656,com.android.systemui,100,low_battery,0,0,64,8,NULL]
D/WifiService(  575): acquireWifiLockLocked: WifiLock{NlpWifiLock type=2 binder=android.os.BinderProxy@239e3446}
I/ActivityManager(  575): Killing 1921:com.google.android.music:main/u0a54 (adj 15): empty for 1812s
I/am_kill (  575): [0,1921,com.google.android.music:main,15,empty for 1812s]
I/force_gc(  575): Binder
I/am_proc_died(  575): [0,1921,com.google.android.music:main]
I/am_destroy_service(  575): [0,100110361,-1]
I/am_destroy_service(  575): [0,863847826,-1]
D/WifiService(  575): releaseWifiLockLocked: WifiLock{NlpWifiLock type=2 binder=android.os.BinderProxy@239e3446}
I/PowerManagerService(  575): Going to sleep due to screen timeout...
I/power_sleep_requested(  575): 0
I/PowerManagerService(  575): Sleeping...
I/power_screen_broadcast_send(  575): 1
I/power_screen_state(  575): [1,0,0,0]
I/screen_toggled(  575): 1
I/power_screen_broadcast_done(  575): [1,151,1]
I/power_screen_broadcast_send(  575): 1
I/power_screen_state(  575): [0,3,0,0]
I/screen_toggled(  575): 0
I/am_pause_activity(  575): [0,979350197,com.android.systemui/.recents.RecentsActivity]
I/am_on_paused_called(  656): [0,com.android.systemui.recents.RecentsActivity]
V/IdleController(  575): Scheduling idle : android.intent.action.SCREEN_OFF when=7058107
I/am_finish_activity(  575): [0,979350197,11,com.android.systemui/.recents.RecentsActivity,app-request]
I/am_destroy_activity(  575): [0,979350197,11,com.android.systemui/.recents.RecentsActivity,finish-imm]
I/power_screen_broadcast_done(  575): [0,104,1]
I/wm_task_removed(  575): [11,removeAppToken: last token]
I/wm_task_removed(  575): [11,removeTask]
I/am_resume_activity(  575): [0,291302169,1,com.android.launcher/com.android.launcher2.Launcher]
I/sf_frame_dur(  189): [com.android.systemui/com.android.systemui.recents.RecentsActivity,9,1,0,0,1,0,0]
I/am_pause_activity(  575): [0,291302169,com.android.launcher/com.android.launcher2.Launcher]
I/am_on_resume_called(  943): [0,com.android.launcher2.Launcher]
I/am_on_paused_called(  943): [0,com.android.launcher2.Launcher]
D/WifiService(  575): acquireWifiLockLocked: WifiLock{NlpWifiLock type=2 binder=android.os.BinderProxy@203c0fd0}
I/DisplayManagerService(  575): Display device changed: DisplayDeviceInfo{"Built-in Screen": 1200 x 1920, 60.0 fps, density 320, 320.842 x 322.966 dpi, touch INTERNAL, rotation 0, type BUILT_IN, state OFF, FLAG_DEFAULT_DISPLAY, FLAG_ROTATES_WITH_CONTENT, FLAG_SECURE, FLAG_SUPPORTS_PROTECTED_BUFFERS}
I/notification_panel_revealed(  575): []
I/sf_frame_dur(  189): [NavigationBar,551,37,1,0,0,2,23]
D/WifiService(  575): releaseWifiLockLocked: WifiLock{NlpWifiLock type=2 binder=android.os.BinderProxy@203c0fd0}
I/am_create_service(  575): [0,947170049,.CalendarIntentService,10021,1560]
D/PowerUI.Notification(  656): updateNotification mWarning=false mSaver=false mInvalidCharger=false
I/notification_cancel(  575): [10019,656,com.android.systemui,100,low_battery,0,0,64,8,NULL]
I/am_destroy_service(  575): [0,947170049,1560]
I/c2dm    ( 1069): [-8,com.google.android.gsf.gtalkservice:,3,3]
D/PowerUI.Notification(  656): updateNotification mWarning=false mSaver=false mInvalidCharger=false
I/notification_cancel(  575): [10019,656,com.android.systemui,100,low_battery,0,0,64,8,NULL]
D/WifiService(  575): acquireWifiLockLocked: WifiLock{NlpWifiLock type=2 binder=android.os.BinderProxy@239e3446}
D/PowerUI.Notification(  656): updateNotification mWarning=false mSaver=false mInvalidCharger=false
I/notification_cancel(  575): [10019,656,com.android.systemui,100,low_battery,0,0,64,8,NULL]
D/WifiService(  575): releaseWifiLockLocked: WifiLock{NlpWifiLock type=2 binder=android.os.BinderProxy@239e3446}
D/WifiService(  575): acquireWifiLockLocked: WifiLock{NlpWifiLock type=2 binder=android.os.BinderProxy@239e3446}
D/PowerUI.Notification(  656): updateNotification mWarning=false mSaver=false mInvalidCharger=false
I/notification_cancel(  575): [10019,656,com.android.systemui,100,low_battery,0,0,64,8,NULL]
I/DEBUG   (  188): invalid crash request of size 4 (from pid=6542 uid=0)
I/auditd  ( 6658): type=1400 audit(0.0:52): avc:  denied  { read write } for  comm="sensors.qcom" name="diag" dev="tmpfs" ino=7314 scontext=u:r:sensors:s0 tcontext=u:object_r:diag_device:s0 tclass=chr_file
D/WifiService(  575): releaseWifiLockLocked: WifiLock{NlpWifiLock type=2 binder=android.os.BinderProxy@239e3446}
I/force_gc( 1104): Binder
D/PowerUI.Notification(  656): updateNotification mWarning=false mSaver=false mInvalidCharger=false
I/notification_cancel(  575): [10019,656,com.android.systemui,100,low_battery,0,0,64,8,NULL]
D/ConnectivityService(  575): Sampling interval elapsed, updating statistics ..
D/WifiService(  575): acquireWifiLockLocked: WifiLock{NlpWifiLock type=2 binder=android.os.BinderProxy@239e3446}
D/ConnectivityService(  575): Done.
D/ConnectivityService(  575): Setting timer for 720seconds
D/WifiService(  575): releaseWifiLockLocked: WifiLock{NlpWifiLock type=2 binder=android.os.BinderProxy@239e3446}
D/PowerUI.Notification(  656): updateNotification mWarning=false mSaver=false mInvalidCharger=false
I/notification_cancel(  575): [10019,656,com.android.systemui,100,low_battery,0,0,64,8,NULL]
D/WifiService(  575): acquireWifiLockLocked: WifiLock{NlpWifiLock type=2 binder=android.os.BinderProxy@239e3446}
I/c2dm    ( 1069): [8,GSYNC_TICKLE:0:1410742545234763%e7a71353318775b0,3,3]
D/ConnectivityService(  575): reportNetworkCondition(1, 100)
D/ConnectivityService(  575): handleInetConditionChange: net=1, condition=100,mActiveDefaultNetwork=1
D/ConnectivityService(  575): handleInetConditionChange: starting a change hold
I/am_create_service(  575): [0,428690854,.GCMIntentService,10007,1069]
D/WifiService(  575): releaseWifiLockLocked: WifiLock{NlpWifiLock type=2 binder=android.os.BinderProxy@239e3446}
I/tickle  ( 1069): gmail-ls
I/am_destroy_service(  575): [0,428690854,1069]
I/sync    (  575): [gmail-ls,0,0,1203676730]
I/am_create_service(  575): [0,137403954,.MailSyncAdapterService,10062,5813]
I/am_create_service(  575): [0,826698622,.GoogleLoginService,10007,1069]
I/force_gc(  575): Binder
I/am_create_service(  575): [0,826585077,.GetToken,10007,1069]
I/am_create_service(  575): [0,409828376,.GoogleAccountDataService,10007,1069]
I/am_destroy_service(  575): [0,409828376,1069]
I/am_destroy_service(  575): [0,826585077,1069]
I/notification_cancel(  575): [1000,575,android,2,NULL,0,0,0,8,NULL]
I/am_destroy_service(  575): [0,826698622,1069]
D/ConnectivityService(  575): handleInetConditionHoldEnd: net=1, condition=100, published condition=100
D/ConnectivityService(  575): sendStickyBroadcast: action=android.net.conn.INET_CONDITION_ACTION
I/google_http_request( 5813): [304,200,Android-GmailProvider/4900120,1]
I/am_create_service(  575): [0,1053442500,.GoogleLoginService,10007,1069]
I/am_create_service(  575): [0,822384499,.GetToken,10007,1069]
I/am_create_service(  575): [0,564310062,.GoogleAccountDataService,10007,1069]
I/am_destroy_service(  575): [0,564310062,1069]
I/am_destroy_service(  575): [0,822384499,1069]
I/notification_cancel(  575): [1000,575,android,2,NULL,0,0,0,8,NULL]
I/am_destroy_service(  575): [0,1053442500,1069]
I/google_http_request( 5813): [107,200,Android-GmailProvider/4900120,1]
I/am_create_service(  575): [0,786595941,.IndexService,10007,1045]
I/am_create_service(  575): [0,749576506,.IndexWorkerService,10007,1045]
I/am_create_service(  575): [0,964672993,.LightweightIndexService,10007,1069]
I/force_gc( 1069): Binder
I/am_create_service(  575): [0,608474886,.LightweightIndexService$LightweightWorkerService,10007,1069]
I/am_destroy_service(  575): [0,608474886,1069]
I/am_create_service(  575): [0,735859143,.GmailIntentService,10062,5813]
I/sync_details( 5813): [Gmail,3095,10929,M1C1S2]
I/am_destroy_service(  575): [0,137403954,5813]
I/sync    (  575): [gmail-ls,1,0,1203676730]
I/notification_cancel(  575): [1000,575,android,426028811,NULL,0,0,0,8,NULL]
I/am_create_service(  575): [0,604183954,.PeopleService,10007,1045]
I/am_create_service(  575): [0,960643939,.PeopleRequestProcessor,10007,1045]
I/am_create_service(  575): [0,324078432,.PeopleBackgroundTasks,10007,1045]
I/am_proc_start(  575): [0,6706,10002,android.process.acore,content provider,com.android.providers.contacts/.ContactsProvider2]
I/ActivityManager(  575): Start proc android.process.acore for content provider com.android.providers.contacts/.ContactsProvider2: pid=6706 uid=10002 gids={50002, 3003, 1028, 1015}
I/am_create_service(  575): [0,397114764,.GoogleLoginService,10007,1069]
I/am_destroy_service(  575): [0,397114764,1069]
I/am_destroy_service(  575): [0,324078432,1045]
I/am_proc_bound(  575): [0,6706,android.process.acore]
I/am_destroy_service(  575): [0,960643939,1045]
I/notification_enqueue(  575): [10062,5813,com.google.android.gm,-1200032383,NULL,0,Notification(pri=0 contentView=com.google.android.gm/0x1090070 vibrate=null sound=content://settings/system/notification_sound defaults=0x4 flags=0x11 color=0x00000000 2 actions)]
I/am_destroy_service(  575): [0,735859143,5813]
I/am_destroy_service(  575): [0,749576506,1045]
I/ActivityManager(  575): Killing 5309:com.android.chrome/u0a31 (adj 15): empty for 1842s
I/am_kill (  575): [0,5309,com.android.chrome,15,empty for 1842s]
I/am_proc_died(  575): [0,5309,com.android.chrome]
I/am_destroy_service(  575): [0,786595941,1045]
I/am_destroy_service(  575): [0,964672993,1069]
I/am_destroy_service(  575): [0,604183954,1045]
D/PowerUI.Notification(  656): updateNotification mWarning=false mSaver=false mInvalidCharger=false
I/notification_cancel(  575): [10019,656,com.android.systemui,100,low_battery,0,0,64,8,NULL]
D/WifiService(  575): acquireWifiLockLocked: WifiLock{NlpWifiLock type=2 binder=android.os.BinderProxy@1f7c1545}
D/PowerUI.Notification(  656): updateNotification mWarning=false mSaver=false mInvalidCharger=false
I/notification_cancel(  575): [10019,656,com.android.systemui,100,low_battery,0,0,64,8,NULL]
D/WifiService(  575): releaseWifiLockLocked: WifiLock{NlpWifiLock type=2 binder=android.os.BinderProxy@1f7c1545}
D/WifiService(  575): acquireWifiLockLocked: WifiLock{NlpWifiLock type=2 binder=android.os.BinderProxy@1f7c1545}
D/PowerUI.Notification(  656): updateNotification mWarning=false mSaver=false mInvalidCharger=false
I/notification_cancel(  575): [10019,656,com.android.systemui,100,low_battery,0,0,64,8,NULL]
D/WifiService(  575): releaseWifiLockLocked: WifiLock{NlpWifiLock type=2 binder=android.os.BinderProxy@1f7c1545}
I/c2dm    ( 1069): [8,GSYNC_TICKLE:0:1410742630051166%e7a71353318775b0,4,3]
D/ConnectivityService(  575): reportNetworkCondition(1, 100)
D/ConnectivityService(  575): handleInetConditionChange: net=1, condition=100,mActiveDefaultNetwork=1
D/ConnectivityService(  575): handleInetConditionChange: starting a change hold
I/am_create_service(  575): [0,783172762,.GCMIntentService,10007,1069]
D/PowerUI.Notification(  656): updateNotification mWarning=false mSaver=false mInvalidCharger=false
I/notification_cancel(  575): [10019,656,com.android.systemui,100,low_battery,0,0,64,8,NULL]
I/tickle  ( 1069): gmail-ls
I/am_destroy_service(  575): [0,783172762,1069]
I/sync    (  575): [gmail-ls,0,0,1203676730]
I/am_create_service(  575): [0,731648102,.MailSyncAdapterService,10062,5813]
I/am_create_service(  575): [0,508087538,.GoogleLoginService,10007,1069]
I/am_create_service(  575): [0,422102777,.GetToken,10007,1069]
I/am_create_service(  575): [0,176992748,.GoogleAccountDataService,10007,1069]
