D/PowerUI.Notification(  656): updateNotification mWarning=false mSaver=false mInvalidCharger=false
I/notification_cancel(  575): [10019,656,com.android.systemui,100,low_battery,0,0,64,8,NULL]
I/am_proc_start(  575): [0,7550,10001,com.android.providers.calendar,content provider,com.android.providers.calendar/.CalendarProvider2]
I/ActivityManager(  575): Start proc com.android.providers.calendar for content provider com.android.providers.calendar/.CalendarProvider2: pid=7550 uid=10001 gids={50001, 3003, 1028, 1015}
I/am_proc_bound(  575): [0,7550,com.android.providers.calendar]
W/ResourcesManager( 7550): Asset path '/system/framework/android.test.runner.jar' does not exist or contains no resources.
I/CalendarProvider2( 7550): Created com.android.providers.calendar.CalendarAlarmManager@debc7fd(com.android.providers.calendar.CalendarProvider2@2f016cf2)
I/am_create_service(  575): [0,365274482,.EmptyService,10001,7550]
I/am_destroy_service(  575): [0,667430987,1560]
E/GKI_LINUX( 4217): ##### ERROR : timer_thread: tick delayed > 5 slots (-288766261,-50000000) -- cpu overload ? #####
E/GKI_LINUX( 4217): ##### ERROR : timer_thread: tick delayed > 5 slots (-279925743,-50000000) -- cpu overload ? #####
E/GKI_LINUX( 4217): ##### ERROR : timer_thread: tick delayed > 5 slots (-271054713,-50000000) -- cpu overload ? #####
E/GKI_LINUX( 4217): ##### ERROR : timer_thread: tick delayed > 5 slots (-262183683,-50000000) -- cpu overload ? #####
E/GKI_LINUX( 4217): ##### ERROR : timer_thread: tick delayed > 5 slots (-253312653,-50000000) -- cpu overload ? #####
E/GKI_LINUX( 4217): ##### ERROR : timer_thread: tick delayed > 5 slots (-244472121,-50000000) -- cpu overload ? #####
E/GKI_LINUX( 4217): ##### ERROR : timer_thread: tick delayed > 5 slots (-235600499,-50000000) -- cpu overload ? #####
E/GKI_LINUX( 4217): ##### ERROR : timer_thread: tick delayed > 5 slots (-226728877,-50000000) -- cpu overload ? #####
E/GKI_LINUX( 4217): ##### ERROR : timer_thread: tick delayed > 5 slots (-217857255,-50000000) -- cpu overload ? #####
E/GKI_LINUX( 4217): ##### ERROR : timer_thread: tick delayed > 5 slots (-208985633,-50000000) -- cpu overload ? #####
E/GKI_LINUX( 4217): ##### ERROR : timer_thread: tick delayed > 5 slots (-200114011,-50000000) -- cpu overload ? #####
E/GKI_LINUX( 4217): ##### ERROR : timer_thread: tick delayed > 5 slots (-191242389,-50000000) -- cpu overload ? #####
E/GKI_LINUX( 4217): ##### ERROR : timer_thread: tick delayed > 5 slots (-182370767,-50000000) -- cpu overload ? #####
E/GKI_LINUX( 4217): ##### ERROR : timer_thread: tick delayed > 5 slots (-173499145,-50000000) -- cpu overload ? #####
E/GKI_LINUX( 4217): ##### ERROR : timer_thread: tick delayed > 5 slots (-164658019,-50000000) -- cpu overload ? #####
E/GKI_LINUX( 4217): ##### ERROR : timer_thread: tick delayed > 5 slots (-155816829,-50000000) -- cpu overload ? #####
E/GKI_LINUX( 4217): ##### ERROR : timer_thread: tick delayed > 5 slots (-146945133,-50000000) -- cpu overload ? #####
E/GKI_LINUX( 4217): ##### ERROR : timer_thread: tick delayed > 5 slots (-138073437,-50000000) -- cpu overload ? #####
E/GKI_LINUX( 4217): ##### ERROR : timer_thread: tick delayed > 5 slots (-129201741,-50000000) -- cpu overload ? #####
E/GKI_LINUX( 4217): ##### ERROR : timer_thread: tick delayed > 5 slots (-120330045,-50000000) -- cpu overload ? #####
E/GKI_LINUX( 4217): ##### ERROR : timer_thread: tick delayed > 5 slots (-111458349,-50000000) -- cpu overload ? #####
E/GKI_LINUX( 4217): ##### ERROR : timer_thread: tick delayed > 5 slots (-102586653,-50000000) -- cpu overload ? #####
E/GKI_LINUX( 4217): ##### ERROR : timer_thread: tick delayed > 5 slots (-93714957,-50000000) -- cpu overload ? #####
E/GKI_LINUX( 4217): ##### ERROR : timer_thread: tick delayed > 5 slots (-84843233,-50000000) -- cpu overload ? #####
E/GKI_LINUX( 4217): ##### ERROR : timer_thread: tick delayed > 5 slots (-75971463,-50000000) -- cpu overload ? #####
E/GKI_LINUX( 4217): ##### ERROR : timer_thread: tick delayed > 5 slots (-67099693,-50000000) -- cpu overload ? #####
E/GKI_LINUX( 4217): ##### ERROR : timer_thread: tick delayed > 5 slots (-58197430,-50000000) -- cpu overload ? #####
D/PowerUI.Notification(  656): updateNotification mWarning=false mSaver=false mInvalidCharger=false
D/HeadsetStateMachine( 4217): Disconnected process message: 10, size: 0
I/notification_cancel(  575): [10019,656,com.android.systemui,100,low_battery,0,0,64,8,NULL]
I/CalendarProvider2( 7550): Sending notification intent: Intent { act=android.intent.action.PROVIDER_CHANGED dat=content://com.android.calendar }
W/ContentResolver( 7550): Failed to get type for: content://com.android.calendar (Unknown URL content://com.android.calendar)
I/am_proc_start(  575): [0,7584,10029,com.google.android.calendar,broadcast,com.google.android.calendar/com.android.calendar.alerts.AlertReceiver]
I/ActivityManager(  575): Start proc com.google.android.calendar for broadcast com.google.android.calendar/com.android.calendar.alerts.AlertReceiver: pid=7584 uid=10029 gids={50029, 3003}
I/am_destroy_service(  575): [0,365274482,7550]
I/am_destroy_service(  575): [0,311550263,7498]
I/art     (  204): Explicit concurrent mark sweep GC freed 701(30KB) AllocSpace objects, 0(0B) LOS objects, 1825% free, 6MB/10MB, paused 274us total 37.762ms
I/art     (  204): Explicit concurrent mark sweep GC freed 6(224B) AllocSpace objects, 0(0B) LOS objects, 1825% free, 6MB/10MB, paused 244us total 11.896ms
I/am_proc_bound(  575): [0,7584,com.google.android.calendar]
I/art     (  204): Explicit concurrent mark sweep GC freed 5(160B) AllocSpace objects, 0(0B) LOS objects, 1825% free, 6MB/10MB, paused 244us total 11.072ms
D/AlertReceiver( 7584): onReceive: a=android.intent.action.PROVIDER_CHANGED Intent { act=android.intent.action.PROVIDER_CHANGED dat=content://com.android.calendar flg=0x10 cmp=com.google.android.calendar/com.android.calendar.alerts.AlertReceiver }
I/am_create_service(  575): [0,633101763,.AlertService,10029,7584]
D/AlertService( 7584): 0 Action = android.intent.action.PROVIDER_CHANGED
I/am_create_service(  575): [0,1033340480,.CalendarQueryService,10105,1856]
I/am_destroy_service(  575): [0,1033340480,1856]
D/ConnectivityService(  575): handleInetConditionHoldEnd: net=1, condition=100, published condition=100
D/ConnectivityService(  575): sendStickyBroadcast: action=android.net.conn.INET_CONDITION_ACTION
E/Fitness ( 1104): invalid state. no sensor listener registered.
I/GCoreUlr( 1104): Received powerMode change from NLP: com.google.android.location.activity.LOW_POWER_MODE_ENABLED
I/GCoreUlr( 1104): Starting service, intent=Intent { act=com.google.android.location.reporting.ACTION_UPDATE_ACTIVE_STATE cmp=com.google.android.gms/com.google.android.location.reporting.service.DispatchingService }, extras=null
I/GCoreUlr( 1104): Ensuring that reporting is active for [account#10#]
I/GCoreUlr( 1104): Starting service, intent=Intent { act=com.google.android.location.reporting.ACTION_LOCATION_STATUS cmp=com.google.android.gms/com.google.android.location.reporting.service.DispatchingService (has extras) }, extras=Bundle[{status=LocationStatus[cell status: STATUS_UNKNOWN, wifi status: STATUS_UNKNOWN, elapsed realtime ns: 0]}]
I/art     ( 7550): Heap transition to ProcessStateJankImperceptible took 55.572451ms saved at least 202KB
I/art     ( 7584): Heap transition to ProcessStateJankImperceptible took 59.814444ms saved at least 378KB
D/AlertService( 7584): Beginning updateAlertNotification
D/AlertService( 7584): No fired or scheduled alerts
I/notification_cancel(  575): [10029,7584,com.google.android.calendar,0,NULL,0,0,64,8,NULL]
I/notification_cancel(  575): [10029,7584,com.google.android.calendar,1,NULL,0,0,64,8,NULL]
I/notification_cancel(  575): [10029,7584,com.google.android.calendar,2,NULL,0,0,64,8,NULL]
I/notification_cancel(  575): [10029,7584,com.google.android.calendar,3,NULL,0,0,64,8,NULL]
I/notification_cancel(  575): [10029,7584,com.google.android.calendar,4,NULL,0,0,64,8,NULL]
I/notification_cancel(  575): [10029,7584,com.google.android.calendar,5,NULL,0,0,64,8,NULL]
I/notification_cancel(  575): [10029,7584,com.google.android.calendar,6,NULL,0,0,64,8,NULL]
I/notification_cancel(  575): [10029,7584,com.google.android.calendar,7,NULL,0,0,64,8,NULL]
I/notification_cancel(  575): [10029,7584,com.google.android.calendar,8,NULL,0,0,64,8,NULL]
I/notification_cancel(  575): [10029,7584,com.google.android.calendar,9,NULL,0,0,64,8,NULL]
I/notification_cancel(  575): [10029,7584,com.google.android.calendar,10,NULL,0,0,64,8,NULL]
I/notification_cancel(  575): [10029,7584,com.google.android.calendar,11,NULL,0,0,64,8,NULL]
I/notification_cancel(  575): [10029,7584,com.google.android.calendar,12,NULL,0,0,64,8,NULL]
I/notification_cancel(  575): [10029,7584,com.google.android.calendar,13,NULL,0,0,64,8,NULL]
I/notification_cancel(  575): [10029,7584,com.google.android.calendar,14,NULL,0,0,64,8,NULL]
I/notification_cancel(  575): [10029,7584,com.google.android.calendar,15,NULL,0,0,64,8,NULL]
I/notification_cancel(  575): [10029,7584,com.google.android.calendar,16,NULL,0,0,64,8,NULL]
I/notification_cancel(  575): [10029,7584,com.google.android.calendar,17,NULL,0,0,64,8,NULL]
I/notification_cancel(  575): [10029,7584,com.google.android.calendar,18,NULL,0,0,64,8,NULL]
I/notification_cancel(  575): [10029,7584,com.google.android.calendar,19,NULL,0,0,64,8,NULL]
I/notification_cancel(  575): [10029,7584,com.google.android.calendar,20,NULL,0,0,64,8,NULL]
D/AlertService( 7584): Scheduling next alarm with AlarmScheduler. sEventReminderReceived: null
D/AlarmScheduler( 7584): Query result count for events starting within 1 week: 3
D/AlarmScheduler( 7584): Scheduling alarm for EVENT_REMINDER_APP broadcast for event 408 at 1410792601000 (Mon, Sep 15, 2014 07:50am)
I/am_destroy_service(  575): [0,633101763,7584]
E/GKI_LINUX( 4217): ##### ERROR : timer_thread: tick delayed > 5 slots (-297082572,-50000000) -- cpu overload ? #####
E/GKI_LINUX( 4217): ##### ERROR : timer_thread: tick delayed > 5 slots (-288455863,-50000000) -- cpu overload ? #####
E/GKI_LINUX( 4217): ##### ERROR : timer_thread: tick delayed > 5 slots (-279554495,-50000000) -- cpu overload ? #####
E/GKI_LINUX( 4217): ##### ERROR : timer_thread: tick delayed > 5 slots (-270653128,-50000000) -- cpu overload ? #####
E/GKI_LINUX( 4217): ##### ERROR : timer_thread: tick delayed > 5 slots (-261782278,-50000000) -- cpu overload ? #####
E/GKI_LINUX( 4217): ##### ERROR : timer_thread: tick delayed > 5 slots (-252880911,-50000000) -- cpu overload ? #####
E/GKI_LINUX( 4217): ##### ERROR : timer_thread: tick delayed > 5 slots (-244010061,-50000000) -- cpu overload ? #####
E/GKI_LINUX( 4217): ##### ERROR : timer_thread: tick delayed > 5 slots (-235139212,-50000000) -- cpu overload ? #####
E/GKI_LINUX( 4217): ##### ERROR : timer_thread: tick delayed > 5 slots (-226329398,-50000000) -- cpu overload ? #####
E/GKI_LINUX( 4217): ##### ERROR : timer_thread: tick delayed > 5 slots (-217489065,-50000000) -- cpu overload ? #####
E/GKI_LINUX( 4217): ##### ERROR : timer_thread: tick delayed > 5 slots (-208618216,-50000000) -- cpu overload ? #####
E/GKI_LINUX( 4217): ##### ERROR : timer_thread: tick delayed > 5 slots (-199716848,-50000000) -- cpu overload ? #####
E/GKI_LINUX( 4217): ##### ERROR : timer_thread: tick delayed > 5 slots (-190845999,-50000000) -- cpu overload ? #####
E/GKI_LINUX( 4217): ##### ERROR : timer_thread: tick delayed > 5 slots (-181975149,-50000000) -- cpu overload ? #####
E/GKI_LINUX( 4217): ##### ERROR : timer_thread: tick delayed > 5 slots (-173104299,-50000000) -- cpu overload ? #####
E/GKI_LINUX( 4217): ##### ERROR : timer_thread: tick delayed > 5 slots (-164233449,-50000000) -- cpu overload ? #####
E/GKI_LINUX( 4217): ##### ERROR : timer_thread: tick delayed > 5 slots (-155423636,-50000000) -- cpu overload ? #####
E/GKI_LINUX( 4217): ##### ERROR : timer_thread: tick delayed > 5 slots (-146522268,-50000000) -- cpu overload ? #####
E/GKI_LINUX( 4217): ##### ERROR : timer_thread: tick delayed > 5 slots (-137651419,-50000000) -- cpu overload ? #####
E/GKI_LINUX( 4217): ##### ERROR : timer_thread: tick delayed > 5 slots (-128780569,-50000000) -- cpu overload ? #####
E/GKI_LINUX( 4217): ##### ERROR : timer_thread: tick delayed > 5 slots (-119879202,-50000000) -- cpu overload ? #####
E/GKI_LINUX( 4217): ##### ERROR : timer_thread: tick delayed > 5 slots (-111008352,-50000000) -- cpu overload ? #####
E/GKI_LINUX( 4217): ##### ERROR : timer_thread: tick delayed > 5 slots (-102106985,-50000000) -- cpu overload ? #####
E/GKI_LINUX( 4217): ##### ERROR : timer_thread: tick delayed > 5 slots (-93236135,-50000000) -- cpu overload ? #####
E/GKI_LINUX( 4217): ##### ERROR : timer_thread: tick delayed > 5 slots (-84334768,-50000000) -- cpu overload ? #####
E/GKI_LINUX( 4217): ##### ERROR : timer_thread: tick delayed > 5 slots (-80285695,-50000000) -- cpu overload ? #####
E/GKI_LINUX( 4217): ##### ERROR : timer_thread: tick delayed > 5 slots (-71414846,-50000000) -- cpu overload ? #####
E/GKI_LINUX( 4217): ##### ERROR : timer_thread: tick delayed > 5 slots (-62543996,-50000000) -- cpu overload ? #####
E/GKI_LINUX( 4217): ##### ERROR : timer_thread: tick delayed > 5 slots (-53673147,-50000000) -- cpu overload ? #####
D/PowerUI.Notification(  656): updateNotification mWarning=false mSaver=false mInvalidCharger=false
D/HeadsetStateMachine( 4217): Disconnected process message: 10, size: 0
I/notification_cancel(  575): [10019,656,com.android.systemui,100,low_battery,0,0,64,8,NULL]
D/PowerUI.Notification(  656): updateNotification mWarning=false mSaver=false mInvalidCharger=false
I/notification_cancel(  575): [10019,656,com.android.systemui,100,low_battery,0,0,64,8,NULL]
D/HeadsetStateMachine( 4217): Disconnected process message: 10, size: 0
D/WifiService(  575): acquireWifiLockLocked: WifiLock{NlpWifiLock type=2 binder=android.os.BinderProxy@3d685847}
I/wpa_supplicant(  655): wlan0: CTRL-EVENT-SCAN-STARTED 
I/WifiHAL (  575): Found some events!!!
D/HeadsetStateMachine( 4217): Disconnected process message: 10, size: 0
D/PowerUI.Notification(  656): updateNotification mWarning=false mSaver=false mInvalidCharger=false
I/notification_cancel(  575): [10019,656,com.android.systemui,100,low_battery,0,0,64,8,NULL]
I/WifiHAL (  575): Found some events!!!
D/WifiService(  575): releaseWifiLockLocked: WifiLock{NlpWifiLock type=2 binder=android.os.BinderProxy@3d685847}
D/WifiService(  575): acquireWifiLockLocked: WifiLock{NlpWifiLock type=2 binder=android.os.BinderProxy@39ebd979}
I/GCoreUlr( 1104): Successfully inserted location
I/GCoreUlr( 1104): Not calling LocationReportingService, hasMoved: false, elapsed millis: 1027131, request: Tablet
D/WifiService(  575): releaseWifiLockLocked: WifiLock{NlpWifiLock type=2 binder=android.os.BinderProxy@39ebd979}
E/GKI_LINUX( 4217): ##### ERROR : timer_thread: tick delayed > 5 slots (-293648591,-50000000) -- cpu overload ? #####
E/GKI_LINUX( 4217): ##### ERROR : timer_thread: tick delayed > 5 slots (-284869295,-50000000) -- cpu overload ? #####
E/GKI_LINUX( 4217): ##### ERROR : timer_thread: tick delayed > 5 slots (-279965730,-50000000) -- cpu overload ? #####
E/GKI_LINUX( 4217): ##### ERROR : timer_thread: tick delayed > 5 slots (-271094880,-50000000) -- cpu overload ? #####
E/GKI_LINUX( 4217): ##### ERROR : timer_thread: tick delayed > 5 slots (-262285066,-50000000) -- cpu overload ? #####
E/GKI_LINUX( 4217): ##### ERROR : timer_thread: tick delayed > 5 slots (-253566804,-50000000) -- cpu overload ? #####
E/GKI_LINUX( 4217): ##### ERROR : timer_thread: tick delayed > 5 slots (-244848543,-50000000) -- cpu overload ? #####
E/GKI_LINUX( 4217): ##### ERROR : timer_thread: tick delayed > 5 slots (-235977694,-50000000) -- cpu overload ? #####
E/GKI_LINUX( 4217): ##### ERROR : timer_thread: tick delayed > 5 slots (-227106844,-50000000) -- cpu overload ? #####
E/GKI_LINUX( 4217): ##### ERROR : timer_thread: tick delayed > 5 slots (-218205477,-50000000) -- cpu overload ? #####
E/GKI_LINUX( 4217): ##### ERROR : timer_thread: tick delayed > 5 slots (-209304109,-50000000) -- cpu overload ? #####
E/GKI_LINUX( 4217): ##### ERROR : timer_thread: tick delayed > 5 slots (-200402742,-50000000) -- cpu overload ? #####
E/GKI_LINUX( 4217): ##### ERROR : timer_thread: tick delayed > 5 slots (-191501375,-50000000) -- cpu overload ? #####
E/GKI_LINUX( 4217): ##### ERROR : timer_thread: tick delayed > 5 slots (-182600008,-50000000) -- cpu overload ? #####
E/GKI_LINUX( 4217): ##### ERROR : timer_thread: tick delayed > 5 slots (-173698640,-50000000) -- cpu overload ? #####
E/GKI_LINUX( 4217): ##### ERROR : timer_thread: tick delayed > 5 slots (-164919344,-50000000) -- cpu overload ? #####
E/GKI_LINUX( 4217): ##### ERROR : timer_thread: tick delayed > 5 slots (-156048495,-50000000) -- cpu overload ? #####
E/GKI_LINUX( 4217): ##### ERROR : timer_thread: tick delayed > 5 slots (-147147127,-50000000) -- cpu overload ? #####
E/GKI_LINUX( 4217): ##### ERROR : timer_thread: tick delayed > 5 slots (-138245760,-50000000) -- cpu overload ? #####
E/GKI_LINUX( 4217): ##### ERROR : timer_thread: tick delayed > 5 slots (-129344393,-50000000) -- cpu overload ? #####
E/GKI_LINUX( 4217): ##### ERROR : timer_thread: tick delayed > 5 slots (-120443026,-50000000) -- cpu overload ? #####
E/GKI_LINUX( 4217): ##### ERROR : timer_thread: tick delayed > 5 slots (-111541658,-50000000) -- cpu overload ? #####
E/GKI_LINUX( 4217): ##### ERROR : timer_thread: tick delayed > 5 slots (-102640291,-50000000) -- cpu overload ? #####
E/GKI_LINUX( 4217): ##### ERROR : timer_thread: tick delayed > 5 slots (-93738924,-50000000) -- cpu overload ? #####
E/GKI_LINUX( 4217): ##### ERROR : timer_thread: tick delayed > 5 slots (-84837558,-50000000) -- cpu overload ? #####
E/GKI_LINUX( 4217): ##### ERROR : timer_thread: tick delayed > 5 slots (-75936190,-50000000) -- cpu overload ? #####
E/GKI_LINUX( 4217): ##### ERROR : timer_thread: tick delayed > 5 slots (-67034823,-50000000) -- cpu overload ? #####
E/GKI_LINUX( 4217): ##### ERROR : timer_thread: tick delayed > 5 slots (-58133456,-50000000) -- cpu overload ? #####
D/HeadsetStateMachine( 4217): Disconnected process message: 10, size: 0
D/PowerUI.Notification(  656): updateNotification mWarning=false mSaver=false mInvalidCharger=false
I/notification_cancel(  575): [10019,656,com.android.systemui,100,low_battery,0,0,64,8,NULL]
E/Fitness ( 1104): invalid state. no sensor listener registered.
I/force_gc(  575): Binder
I/art     (  575): Explicit concurrent mark sweep GC freed 23074(1056KB) AllocSpace objects, 0(0B) LOS objects, 936% free, 39MB/50MB, paused 1.403ms total 95.279ms
E/GKI_LINUX( 4217): ##### ERROR : timer_thread: tick delayed > 5 slots (-300528005,-50000000) -- cpu overload ? #####
E/GKI_LINUX( 4217): ##### ERROR : timer_thread: tick delayed > 5 slots (-291687652,-50000000) -- cpu overload ? #####
E/GKI_LINUX( 4217): ##### ERROR : timer_thread: tick delayed > 5 slots (-284739358,-50000000) -- cpu overload ? #####
E/GKI_LINUX( 4217): ##### ERROR : timer_thread: tick delayed > 5 slots (-275899023,-50000000) -- cpu overload ? #####
E/GKI_LINUX( 4217): ##### ERROR : timer_thread: tick delayed > 5 slots (-267119723,-50000000) -- cpu overload ? #####
E/GKI_LINUX( 4217): ##### ERROR : timer_thread: tick delayed > 5 slots (-258248871,-50000000) -- cpu overload ? #####
E/GKI_LINUX( 4217): ##### ERROR : timer_thread: tick delayed > 5 slots (-249408536,-50000000) -- cpu overload ? #####
E/GKI_LINUX( 4217): ##### ERROR : timer_thread: tick delayed > 5 slots (-240568201,-50000000) -- cpu overload ? #####
E/GKI_LINUX( 4217): ##### ERROR : timer_thread: tick delayed > 5 slots (-231727867,-50000000) -- cpu overload ? #####
E/GKI_LINUX( 4217): ##### ERROR : timer_thread: tick delayed > 5 slots (-222887532,-50000000) -- cpu overload ? #####
E/GKI_LINUX( 4217): ##### ERROR : timer_thread: tick delayed > 5 slots (-214016679,-50000000) -- cpu overload ? #####
E/GKI_LINUX( 4217): ##### ERROR : timer_thread: tick delayed > 5 slots (-205115315,-50000000) -- cpu overload ? #####
E/GKI_LINUX( 4217): ##### ERROR : timer_thread: tick delayed > 5 slots (-196244472,-50000000) -- cpu overload ? #####
E/GKI_LINUX( 4217): ##### ERROR : timer_thread: tick delayed > 5 slots (-187343112,-50000000) -- cpu overload ? #####
E/GKI_LINUX( 4217): ##### ERROR : timer_thread: tick delayed > 5 slots (-178441751,-50000000) -- cpu overload ? #####
E/GKI_LINUX( 4217): ##### ERROR : timer_thread: tick delayed > 5 slots (-169540390,-50000000) -- cpu overload ? #####
E/GKI_LINUX( 4217): ##### ERROR : timer_thread: tick delayed > 5 slots (-160639029,-50000000) -- cpu overload ? #####
E/GKI_LINUX( 4217): ##### ERROR : timer_thread: tick delayed > 5 slots (-151737669,-50000000) -- cpu overload ? #####
E/GKI_LINUX( 4217): ##### ERROR : timer_thread: tick delayed > 5 slots (-142836308,-50000000) -- cpu overload ? #####
E/GKI_LINUX( 4217): ##### ERROR : timer_thread: tick delayed > 5 slots (-133934947,-50000000) -- cpu overload ? #####
E/GKI_LINUX( 4217): ##### ERROR : timer_thread: tick delayed > 5 slots (-125033426,-50000000) -- cpu overload ? #####
E/GKI_LINUX( 4217): ##### ERROR : timer_thread: tick delayed > 5 slots (-116131777,-50000000) -- cpu overload ? #####
E/GKI_LINUX( 4217): ##### ERROR : timer_thread: tick delayed > 5 slots (-107230129,-50000000) -- cpu overload ? #####
E/GKI_LINUX( 4217): ##### ERROR : timer_thread: tick delayed > 5 slots (-98328480,-50000000) -- cpu overload ? #####
E/GKI_LINUX( 4217): ##### ERROR : timer_thread: tick delayed > 5 slots (-89426831,-50000000) -- cpu overload ? #####
E/GKI_LINUX( 4217): ##### ERROR : timer_thread: tick delayed > 5 slots (-80525182,-50000000) -- cpu overload ? #####
E/GKI_LINUX( 4217): ##### ERROR : timer_thread: tick delayed > 5 slots (-71623534,-50000000) -- cpu overload ? #####
E/GKI_LINUX( 4217): ##### ERROR : timer_thread: tick delayed > 5 slots (-62721885,-50000000) -- cpu overload ? #####
E/GKI_LINUX( 4217): ##### ERROR : timer_thread: tick delayed > 5 slots (-53820236,-50000000) -- cpu overload ? #####
D/PowerUI.Notification(  656): updateNotification mWarning=false mSaver=false mInvalidCharger=false
D/HeadsetStateMachine( 4217): Disconnected process message: 10, size: 0
I/notification_cancel(  575): [10019,656,com.android.systemui,100,low_battery,0,0,64,8,NULL]
D/HeadsetStateMachine( 4217): Disconnected process message: 10, size: 0
D/PowerUI.Notification(  656): updateNotification mWarning=false mSaver=false mInvalidCharger=false
I/notification_cancel(  575): [10019,656,com.android.systemui,100,low_battery,0,0,64,8,NULL]
D/HeadsetStateMachine( 4217): Disconnected process message: 10, size: 0
D/PowerUI.Notification(  656): updateNotification mWarning=false mSaver=false mInvalidCharger=false
I/notification_cancel(  575): [10019,656,com.android.systemui,100,low_battery,0,0,64,8,NULL]
E/Fitness ( 1104): invalid state. no sensor listener registered.
E/GKI_LINUX( 4217): ##### ERROR : timer_thread: tick delayed > 5 slots (-298850584,-50000000) -- cpu overload ? #####
E/GKI_LINUX( 4217): ##### ERROR : timer_thread: tick delayed > 5 slots (-290010231,-50000000) -- cpu overload ? #####
E/GKI_LINUX( 4217): ##### ERROR : timer_thread: tick delayed > 5 slots (-284862445,-50000000) -- cpu overload ? #####
E/GKI_LINUX( 4217): ##### ERROR : timer_thread: tick delayed > 5 slots (-275961076,-50000000) -- cpu overload ? #####
E/GKI_LINUX( 4217): ##### ERROR : timer_thread: tick delayed > 5 slots (-267120741,-50000000) -- cpu overload ? #####
E/GKI_LINUX( 4217): ##### ERROR : timer_thread: tick delayed > 5 slots (-258280407,-50000000) -- cpu overload ? #####
E/GKI_LINUX( 4217): ##### ERROR : timer_thread: tick delayed > 5 slots (-249409556,-50000000) -- cpu overload ? #####
E/GKI_LINUX( 4217): ##### ERROR : timer_thread: tick delayed > 5 slots (-240538704,-50000000) -- cpu overload ? #####
E/GKI_LINUX( 4217): ##### ERROR : timer_thread: tick delayed > 5 slots (-231698370,-50000000) -- cpu overload ? #####
E/GKI_LINUX( 4217): ##### ERROR : timer_thread: tick delayed > 5 slots (-222797001,-50000000) -- cpu overload ? #####
E/GKI_LINUX( 4217): ##### ERROR : timer_thread: tick delayed > 5 slots (-213895631,-50000000) -- cpu overload ? #####
E/GKI_LINUX( 4217): ##### ERROR : timer_thread: tick delayed > 5 slots (-204994267,-50000000) -- cpu overload ? #####
E/GKI_LINUX( 4217): ##### ERROR : timer_thread: tick delayed > 5 slots (-196092907,-50000000) -- cpu overload ? #####
E/GKI_LINUX( 4217): ##### ERROR : timer_thread: tick delayed > 5 slots (-187191547,-50000000) -- cpu overload ? #####
E/GKI_LINUX( 4217): ##### ERROR : timer_thread: tick delayed > 5 slots (-178290186,-50000000) -- cpu overload ? #####
E/GKI_LINUX( 4217): ##### ERROR : timer_thread: tick delayed > 5 slots (-169388826,-50000000) -- cpu overload ? #####
E/GKI_LINUX( 4217): ##### ERROR : timer_thread: tick delayed > 5 slots (-160487466,-50000000) -- cpu overload ? #####
E/GKI_LINUX( 4217): ##### ERROR : timer_thread: tick delayed > 5 slots (-151616623,-50000000) -- cpu overload ? #####
E/GKI_LINUX( 4217): ##### ERROR : timer_thread: tick delayed > 5 slots (-143539243,-50000000) -- cpu overload ? #####
E/GKI_LINUX( 4217): ##### ERROR : timer_thread: tick delayed > 5 slots (-134851396,-50000000) -- cpu overload ? #####
E/GKI_LINUX( 4217): ##### ERROR : timer_thread: tick delayed > 5 slots (-125980258,-50000000) -- cpu overload ? #####
E/GKI_LINUX( 4217): ##### ERROR : timer_thread: tick delayed > 5 slots (-117078609,-50000000) -- cpu overload ? #####
E/GKI_LINUX( 4217): ##### ERROR : timer_thread: tick delayed > 5 slots (-108176961,-50000000) -- cpu overload ? #####
E/GKI_LINUX( 4217): ##### ERROR : timer_thread: tick delayed > 5 slots (-99275313,-50000000) -- cpu overload ? #####
E/GKI_LINUX( 4217): ##### ERROR : timer_thread: tick delayed > 5 slots (-90404175,-50000000) -- cpu overload ? #####
E/GKI_LINUX( 4217): ##### ERROR : timer_thread: tick delayed > 5 slots (-81502526,-50000000) -- cpu overload ? #####
E/GKI_LINUX( 4217): ##### ERROR : timer_thread: tick delayed > 5 slots (-72600878,-50000000) -- cpu overload ? #####
E/GKI_LINUX( 4217): ##### ERROR : timer_thread: tick delayed > 5 slots (-63699230,-50000000) -- cpu overload ? #####
E/GKI_LINUX( 4217): ##### ERROR : timer_thread: tick delayed > 5 slots (-54858490,-50000000) -- cpu overload ? #####
D/WifiService(  575): acquireWifiLockLocked: WifiLock{NlpWifiLock type=2 binder=android.os.BinderProxy@3e8ec66c}
I/wpa_supplicant(  655): wlan0: CTRL-EVENT-SCAN-STARTED 
I/WifiHAL (  575): Found some events!!!
I/WifiHAL (  575): Found some events!!!
D/WifiService(  575): releaseWifiLockLocked: WifiLock{NlpWifiLock type=2 binder=android.os.BinderProxy@3e8ec66c}
D/WifiService(  575): acquireWifiLockLocked: WifiLock{NlpWifiLock type=2 binder=android.os.BinderProxy@6c79435}
I/GCoreUlr( 1104): Successfully inserted location
I/GCoreUlr( 1104): Not calling LocationReportingService, hasMoved: false, elapsed millis: 1312162, request: Tablet
D/WifiService(  575): releaseWifiLockLocked: WifiLock{NlpWifiLock type=2 binder=android.os.BinderProxy@6c79435}
E/GKI_LINUX( 4217): ##### ERROR : timer_thread: tick delayed > 5 slots (-301361015,-50000000) -- cpu overload ? #####
E/GKI_LINUX( 4217): ##### ERROR : timer_thread: tick delayed > 5 slots (-292490158,-50000000) -- cpu overload ? #####
E/GKI_LINUX( 4217): ##### ERROR : timer_thread: tick delayed > 5 slots (-285908114,-50000000) -- cpu overload ? #####
E/GKI_LINUX( 4217): ##### ERROR : timer_thread: tick delayed > 5 slots (-277037262,-50000000) -- cpu overload ? #####
E/GKI_LINUX( 4217): ##### ERROR : timer_thread: tick delayed > 5 slots (-268166411,-50000000) -- cpu overload ? #####
D/ConnectivityService(  575): reportNetworkCondition(1, 0)
D/ConnectivityService(  575): handleInetConditionChange: net=1, condition=0,mActiveDefaultNetwork=1
D/ConnectivityService(  575): handleInetConditionChange: starting a change hold
E/GKI_LINUX( 4217): ##### ERROR : timer_thread: tick delayed > 5 slots (-259356594,-50000000) -- cpu overload ? #####
E/GKI_LINUX( 4217): ##### ERROR : timer_thread: tick delayed > 5 slots (-250485743,-50000000) -- cpu overload ? #####
I/gtalk_conn_close( 1069): [276,596]
E/GKI_LINUX( 4217): ##### ERROR : timer_thread: tick delayed > 5 slots (-241675926,-50000000) -- cpu overload ? #####
E/GKI_LINUX( 4217): ##### ERROR : timer_thread: tick delayed > 5 slots (-232774557,-50000000) -- cpu overload ? #####
E/GKI_LINUX( 4217): ##### ERROR : timer_thread: tick delayed > 5 slots (-223934223,-50000000) -- cpu overload ? #####
E/GKI_LINUX( 4217): ##### ERROR : timer_thread: tick delayed > 5 slots (-215032856,-50000000) -- cpu overload ? #####
E/GKI_LINUX( 4217): ##### ERROR : timer_thread: tick delayed > 5 slots (-206162007,-50000000) -- cpu overload ? #####
E/GKI_LINUX( 4217): ##### ERROR : timer_thread: tick delayed > 5 slots (-197260640,-50000000) -- cpu overload ? #####
E/GKI_LINUX( 4217): ##### ERROR : timer_thread: tick delayed > 5 slots (-188359273,-50000000) -- cpu overload ? #####
E/GKI_LINUX( 4217): ##### ERROR : timer_thread: tick delayed > 5 slots (-179457907,-50000000) -- cpu overload ? #####
E/GKI_LINUX( 4217): ##### ERROR : timer_thread: tick delayed > 5 slots (-170556540,-50000000) -- cpu overload ? #####
E/GKI_LINUX( 4217): ##### ERROR : timer_thread: tick delayed > 5 slots (-161655173,-50000000) -- cpu overload ? #####
E/GKI_LINUX( 4217): ##### ERROR : timer_thread: tick delayed > 5 slots (-152753806,-50000000) -- cpu overload ? #####
E/GKI_LINUX( 4217): ##### ERROR : timer_thread: tick delayed > 5 slots (-143852440,-50000000) -- cpu overload ? #####
E/GKI_LINUX( 4217): ##### ERROR : timer_thread: tick delayed > 5 slots (-134951074,-50000000) -- cpu overload ? #####
E/GKI_LINUX( 4217): ##### ERROR : timer_thread: tick delayed > 5 slots (-126049708,-50000000) -- cpu overload ? #####
E/GKI_LINUX( 4217): ##### ERROR : timer_thread: tick delayed > 5 slots (-117148342,-50000000) -- cpu overload ? #####
E/GKI_LINUX( 4217): ##### ERROR : timer_thread: tick delayed > 5 slots (-108246977,-50000000) -- cpu overload ? #####
E/GKI_LINUX( 4217): ##### ERROR : timer_thread: tick delayed > 5 slots (-99345611,-50000000) -- cpu overload ? #####
E/GKI_LINUX( 4217): ##### ERROR : timer_thread: tick delayed > 5 slots (-90444245,-50000000) -- cpu overload ? #####
E/GKI_LINUX( 4217): ##### ERROR : timer_thread: tick delayed > 5 slots (-81542880,-50000000) -- cpu overload ? #####
E/GKI_LINUX( 4217): ##### ERROR : timer_thread: tick delayed > 5 slots (-72641514,-50000000) -- cpu overload ? #####
E/GKI_LINUX( 4217): ##### ERROR : timer_thread: tick delayed > 5 slots (-63740148,-50000000) -- cpu overload ? #####
E/GKI_LINUX( 4217): ##### ERROR : timer_thread: tick delayed > 5 slots (-64693143,-50000000) -- cpu overload ? #####
E/GKI_LINUX( 4217): ##### ERROR : timer_thread: tick delayed > 5 slots (-56400786,-50000000) -- cpu overload ? #####
D/PowerUI.Notification(  656): updateNotification mWarning=false mSaver=false mInvalidCharger=false
I/notification_cancel(  575): [10019,656,com.android.systemui,100,low_battery,0,0,64,8,NULL]
D/HeadsetStateMachine( 4217): Disconnected process message: 10, size: 0
I/c2dm    ( 1069): [-2,NULL,1,1]
I/c2dm    ( 1069): [3,NULL,1,1]
D/GCM     ( 1069): Connected
I/gtalk_heartbeat_reset( 1069): [66436,74.125.30.188:5228]
D/ConnectivityService(  575): reportNetworkCondition(1, 100)
D/ConnectivityService(  575): handleInetConditionChange: net=1, condition=100,mActiveDefaultNetwork=1
D/ConnectivityService(  575): handleInetConditionChange: currently in hold - not setting new end evt
I/gtalk_connection( 1069): 0
I/c2dm    ( 1069): [8,com.google.android.gsf.gtalkservice:,1,1]
I/GCM     ( 1069): GCM message com.google.android.gsf.gtalkservice 
D/ConnectivityService(  575): reportNetworkCondition(1, 100)
D/ConnectivityService(  575): handleInetConditionChange: net=1, condition=100,mActiveDefaultNetwork=1
D/ConnectivityService(  575): handleInetConditionChange: currently in hold - not setting new end evt
I/c2dm    ( 1069): [-8,com.google.android.gsf.gtalkservice:,2,2]
E/GKI_LINUX( 4217): ##### ERROR : timer_thread: tick delayed > 5 slots (-315082722,-50000000) -- cpu overload ? #####
E/GKI_LINUX( 4217): ##### ERROR : timer_thread: tick delayed > 5 slots (-306211504,-50000000) -- cpu overload ? #####
E/GKI_LINUX( 4217): ##### ERROR : timer_thread: tick delayed > 5 slots (-297370793,-50000000) -- cpu overload ? #####
E/GKI_LINUX( 4217): ##### ERROR : timer_thread: tick delayed > 5 slots (-288499575,-50000000) -- cpu overload ? #####
E/GKI_LINUX( 4217): ##### ERROR : timer_thread: tick delayed > 5 slots (-279750387,-50000000) -- cpu overload ? #####
I/c2dm    ( 1069): [7,,2,2]
E/GKI_LINUX( 4217): ##### ERROR : timer_thread: tick delayed > 5 slots (-270909677,-50000000) -- cpu overload ? #####
E/GKI_LINUX( 4217): ##### ERROR : timer_thread: tick delayed > 5 slots (-262068967,-50000000) -- cpu overload ? #####
E/GKI_LINUX( 4217): ##### ERROR : timer_thread: tick delayed > 5 slots (-253167241,-50000000) -- cpu overload ? #####
E/GKI_LINUX( 4217): ##### ERROR : timer_thread: tick delayed > 5 slots (-244265515,-50000000) -- cpu overload ? #####
E/GKI_LINUX( 4217): ##### ERROR : timer_thread: tick delayed > 5 slots (-235363606,-50000000) -- cpu overload ? #####
E/GKI_LINUX( 4217): ##### ERROR : timer_thread: tick delayed > 5 slots (-226461592,-50000000) -- cpu overload ? #####
E/GKI_LINUX( 4217): ##### ERROR : timer_thread: tick delayed > 5 slots (-217559579,-50000000) -- cpu overload ? #####
E/GKI_LINUX( 4217): ##### ERROR : timer_thread: tick delayed > 5 slots (-208657565,-50000000) -- cpu overload ? #####
E/GKI_LINUX( 4217): ##### ERROR : timer_thread: tick delayed > 5 slots (-199755551,-50000000) -- cpu overload ? #####
E/GKI_LINUX( 4217): ##### ERROR : timer_thread: tick delayed > 5 slots (-190853538,-50000000) -- cpu overload ? #####
E/GKI_LINUX( 4217): ##### ERROR : timer_thread: tick delayed > 5 slots (-181951524,-50000000) -- cpu overload ? #####
E/GKI_LINUX( 4217): ##### ERROR : timer_thread: tick delayed > 5 slots (-173933999,-50000000) -- cpu overload ? #####
E/GKI_LINUX( 4217): ##### ERROR : timer_thread: tick delayed > 5 slots (-165031906,-50000000) -- cpu overload ? #####
E/GKI_LINUX( 4217): ##### ERROR : timer_thread: tick delayed > 5 slots (-156129749,-50000000) -- cpu overload ? #####
E/GKI_LINUX( 4217): ##### ERROR : timer_thread: tick delayed > 5 slots (-147227591,-50000000) -- cpu overload ? #####
E/GKI_LINUX( 4217): ##### ERROR : timer_thread: tick delayed > 5 slots (-138325433,-50000000) -- cpu overload ? #####
E/GKI_LINUX( 4217): ##### ERROR : timer_thread: tick delayed > 5 slots (-129423276,-50000000) -- cpu overload ? #####
E/GKI_LINUX( 4217): ##### ERROR : timer_thread: tick delayed > 5 slots (-120521118,-50000000) -- cpu overload ? #####
E/GKI_LINUX( 4217): ##### ERROR : timer_thread: tick delayed > 5 slots (-111618960,-50000000) -- cpu overload ? #####
E/GKI_LINUX( 4217): ##### ERROR : timer_thread: tick delayed > 5 slots (-102716803,-50000000) -- cpu overload ? #####
E/GKI_LINUX( 4217): ##### ERROR : timer_thread: tick delayed > 5 slots (-93814645,-50000000) -- cpu overload ? #####
E/GKI_LINUX( 4217): ##### ERROR : timer_thread: tick delayed > 5 slots (-86040720,-50000000) -- cpu overload ? #####
E/GKI_LINUX( 4217): ##### ERROR : timer_thread: tick delayed > 5 slots (-78236260,-50000000) -- cpu overload ? #####
E/GKI_LINUX( 4217): ##### ERROR : timer_thread: tick delayed > 5 slots (-69334031,-50000000) -- cpu overload ? #####
E/GKI_LINUX( 4217): ##### ERROR : timer_thread: tick delayed > 5 slots (-60431801,-50000000) -- cpu overload ? #####
E/GKI_LINUX( 4217): ##### ERROR : timer_thread: tick delayed > 5 slots (-51529571,-50000000) -- cpu overload ? #####
D/ConnectivityService(  575): reportNetworkCondition(1, 100)
D/ConnectivityService(  575): handleInetConditionChange: net=1, condition=100,mActiveDefaultNetwork=1
D/ConnectivityService(  575): handleInetConditionChange: currently in hold - not setting new end evt
D/GCM     ( 1069): Message class nss
D/ConnectivityService(  575): reportNetworkCondition(1, 100)
D/ConnectivityService(  575): handleInetConditionChange: net=1, condition=100,mActiveDefaultNetwork=1
D/ConnectivityService(  575): handleInetConditionChange: currently in hold - not setting new end evt
D/ConnectivityService(  575): Sampling interval elapsed, updating statistics ..
D/ConnectivityService(  575): Done.
D/ConnectivityService(  575): Setting timer for 720seconds
E/Fitness ( 1104): invalid state. no sensor listener registered.
D/ConnectivityService(  575): handleInetConditionHoldEnd: net=1, condition=100, published condition=100
D/ConnectivityService(  575): sendStickyBroadcast: action=android.net.conn.INET_CONDITION_ACTION
E/GKI_LINUX( 4217): ##### ERROR : timer_thread: tick delayed > 5 slots (-297229045,-50000000) -- cpu overload ? #####
E/GKI_LINUX( 4217): ##### ERROR : timer_thread: tick delayed > 5 slots (-288358177,-50000000) -- cpu overload ? #####
E/GKI_LINUX( 4217): ##### ERROR : timer_thread: tick delayed > 5 slots (-279517825,-50000000) -- cpu overload ? #####
E/GKI_LINUX( 4217): ##### ERROR : timer_thread: tick delayed > 5 slots (-270616440,-50000000) -- cpu overload ? #####
E/GKI_LINUX( 4217): ##### ERROR : timer_thread: tick delayed > 5 slots (-261715054,-50000000) -- cpu overload ? #####
E/GKI_LINUX( 4217): ##### ERROR : timer_thread: tick delayed > 5 slots (-252813669,-50000000) -- cpu overload ? #####
E/GKI_LINUX( 4217): ##### ERROR : timer_thread: tick delayed > 5 slots (-243912283,-50000000) -- cpu overload ? #####
E/GKI_LINUX( 4217): ##### ERROR : timer_thread: tick delayed > 5 slots (-235010907,-50000000) -- cpu overload ? #####
E/GKI_LINUX( 4217): ##### ERROR : timer_thread: tick delayed > 5 slots (-226109540,-50000000) -- cpu overload ? #####
E/GKI_LINUX( 4217): ##### ERROR : timer_thread: tick delayed > 5 slots (-217208172,-50000000) -- cpu overload ? #####
E/GKI_LINUX( 4217): ##### ERROR : timer_thread: tick delayed > 5 slots (-208306805,-50000000) -- cpu overload ? #####
E/GKI_LINUX( 4217): ##### ERROR : timer_thread: tick delayed > 5 slots (-199466472,-50000000) -- cpu overload ? #####
E/GKI_LINUX( 4217): ##### ERROR : timer_thread: tick delayed > 5 slots (-190534587,-50000000) -- cpu overload ? #####
E/GKI_LINUX( 4217): ##### ERROR : timer_thread: tick delayed > 5 slots (-181633220,-50000000) -- cpu overload ? #####
E/GKI_LINUX( 4217): ##### ERROR : timer_thread: tick delayed > 5 slots (-172731852,-50000000) -- cpu overload ? #####
E/GKI_LINUX( 4217): ##### ERROR : timer_thread: tick delayed > 5 slots (-163830485,-50000000) -- cpu overload ? #####
E/GKI_LINUX( 4217): ##### ERROR : timer_thread: tick delayed > 5 slots (-154929122,-50000000) -- cpu overload ? #####
E/GKI_LINUX( 4217): ##### ERROR : timer_thread: tick delayed > 5 slots (-146027763,-50000000) -- cpu overload ? #####
E/GKI_LINUX( 4217): ##### ERROR : timer_thread: tick delayed > 5 slots (-137126405,-50000000) -- cpu overload ? #####
E/GKI_LINUX( 4217): ##### ERROR : timer_thread: tick delayed > 5 slots (-128225046,-50000000) -- cpu overload ? #####
E/GKI_LINUX( 4217): ##### ERROR : timer_thread: tick delayed > 5 slots (-119323688,-50000000) -- cpu overload ? #####
E/GKI_LINUX( 4217): ##### ERROR : timer_thread: tick delayed > 5 slots (-110422329,-50000000) -- cpu overload ? #####
E/GKI_LINUX( 4217): ##### ERROR : timer_thread: tick delayed > 5 slots (-101520971,-50000000) -- cpu overload ? #####
E/GKI_LINUX( 4217): ##### ERROR : timer_thread: tick delayed > 5 slots (-92619612,-50000000) -- cpu overload ? #####
E/GKI_LINUX( 4217): ##### ERROR : timer_thread: tick delayed > 5 slots (-83718254,-50000000) -- cpu overload ? #####
E/GKI_LINUX( 4217): ##### ERROR : timer_thread: tick delayed > 5 slots (-79301735,-50000000) -- cpu overload ? #####
E/GKI_LINUX( 4217): ##### ERROR : timer_thread: tick delayed > 5 slots (-70430598,-50000000) -- cpu overload ? #####
E/GKI_LINUX( 4217): ##### ERROR : timer_thread: tick delayed > 5 slots (-61528952,-50000000) -- cpu overload ? #####
E/GKI_LINUX( 4217): ##### ERROR : timer_thread: tick delayed > 5 slots (-52718834,-50000000) -- cpu overload ? #####
D/WifiService(  575): acquireWifiLockLocked: WifiLock{NlpWifiLock type=2 binder=android.os.BinderProxy@3e8ec66c}
I/wpa_supplicant(  655): wlan0: CTRL-EVENT-SCAN-STARTED 
I/WifiHAL (  575): Found some events!!!
I/GCoreUlr( 1104): WorldUpdater received intent Intent { act=com.google.android.location.reporting.ACTION_UPDATE_WORLD flg=0x4 cmp=com.google.android.gms/com.google.android.location.reporting.service.DispatchingService (has extras) } with receiverAction null
D/HeadsetStateMachine( 4217): Disconnected process message: 10, size: 0
D/PowerUI.Notification(  656): updateNotification mWarning=false mSaver=false mInvalidCharger=false
I/notification_cancel(  575): [10019,656,com.android.systemui,100,low_battery,0,0,64,8,NULL]
I/GCoreUlr( 1104): Ensuring that reporting is active for [account#10#]
I/GCoreUlr( 1104): Starting service, intent=Intent { act=com.google.android.location.reporting.ACTION_LOCATION_STATUS cmp=com.google.android.gms/com.google.android.location.reporting.service.DispatchingService (has extras) }, extras=Bundle[{status=LocationStatus[cell status: STATUS_UNKNOWN, wifi status: STATUS_UNKNOWN, elapsed realtime ns: 0]}]
I/AdsMeasurementBroadcastReceiver( 1045): Reporting settings might have changed, alerting AdsMeasurementService
D/AdsMeasurementBroadcastReceiver( 1045): Unauthorized to start the main service
I/force_gc( 1104): Binder
I/art     ( 1104): Explicit concurrent mark sweep GC freed 77625(3MB) AllocSpace objects, 0(0B) LOS objects, 758% free, 11MB/23MB, paused 1.037ms total 68.757ms
W/ProcessCpuTracker(  575): Skipping unknown process pid 7693
W/ProcessCpuTracker(  575): Skipping unknown process pid 7696
W/ProcessCpuTracker(  575): Skipping unknown process pid 7698
W/ProcessCpuTracker(  575): Skipping unknown process pid 7699
W/ProcessCpuTracker(  575): Skipping unknown process pid 7700
W/ProcessCpuTracker(  575): Skipping unknown process pid 7702
E/Fitness ( 1104): invalid state. no sensor listener registered.
I/GCoreUlr( 1104): Received powerMode change from NLP: com.google.android.location.activity.LOW_POWER_MODE_ENABLED
I/GCoreUlr( 1104): Starting service, intent=Intent { act=com.google.android.location.reporting.ACTION_UPDATE_ACTIVE_STATE cmp=com.google.android.gms/com.google.android.location.reporting.service.DispatchingService }, extras=null
I/GCoreUlr( 1104): Ensuring that reporting is active for [account#10#]
I/GCoreUlr( 1104): Starting service, intent=Intent { act=com.google.android.location.reporting.ACTION_LOCATION_STATUS cmp=com.google.android.gms/com.google.android.location.reporting.service.DispatchingService (has extras) }, extras=Bundle[{status=LocationStatus[cell status: STATUS_UNKNOWN, wifi status: STATUS_UNKNOWN, elapsed realtime ns: 0]}]
I/WifiHAL (  575): Found some events!!!
D/WifiService(  575): releaseWifiLockLocked: WifiLock{NlpWifiLock type=2 binder=android.os.BinderProxy@3e8ec66c}
D/WifiService(  575): acquireWifiLockLocked: WifiLock{NlpWifiLock type=2 binder=android.os.BinderProxy@6c79435}
I/GCoreUlr( 1104): Successfully inserted location
I/GCoreUlr( 1104): Not calling LocationReportingService, hasMoved: false, elapsed millis: 1639938, request: Tablet
D/WifiService(  575): releaseWifiLockLocked: WifiLock{NlpWifiLock type=2 binder=android.os.BinderProxy@6c79435}
E/GKI_LINUX( 4217): ##### ERROR : timer_thread: tick delayed > 5 slots (-293621758,-50000000) -- cpu overload ? #####
E/GKI_LINUX( 4217): ##### ERROR : timer_thread: tick delayed > 5 slots (-284842462,-50000000) -- cpu overload ? #####
E/GKI_LINUX( 4217): ##### ERROR : timer_thread: tick delayed > 5 slots (-279908380,-50000000) -- cpu overload ? #####
E/GKI_LINUX( 4217): ##### ERROR : timer_thread: tick delayed > 5 slots (-271037530,-50000000) -- cpu overload ? #####
E/GKI_LINUX( 4217): ##### ERROR : timer_thread: tick delayed > 5 slots (-262166680,-50000000) -- cpu overload ? #####
E/GKI_LINUX( 4217): ##### ERROR : timer_thread: tick delayed > 5 slots (-253295831,-50000000) -- cpu overload ? #####
E/GKI_LINUX( 4217): ##### ERROR : timer_thread: tick delayed > 5 slots (-244486017,-50000000) -- cpu overload ? #####
E/GKI_LINUX( 4217): ##### ERROR : timer_thread: tick delayed > 5 slots (-235615168,-50000000) -- cpu overload ? #####
E/GKI_LINUX( 4217): ##### ERROR : timer_thread: tick delayed > 5 slots (-226774835,-50000000) -- cpu overload ? #####
E/GKI_LINUX( 4217): ##### ERROR : timer_thread: tick delayed > 5 slots (-217873468,-50000000) -- cpu overload ? #####
E/GKI_LINUX( 4217): ##### ERROR : timer_thread: tick delayed > 5 slots (-208972101,-50000000) -- cpu overload ? #####
E/GKI_LINUX( 4217): ##### ERROR : timer_thread: tick delayed > 5 slots (-200070734,-50000000) -- cpu overload ? #####
E/GKI_LINUX( 4217): ##### ERROR : timer_thread: tick delayed > 5 slots (-191169366,-50000000) -- cpu overload ? #####
E/GKI_LINUX( 4217): ##### ERROR : timer_thread: tick delayed > 5 slots (-182267999,-50000000) -- cpu overload ? #####
E/GKI_LINUX( 4217): ##### ERROR : timer_thread: tick delayed > 5 slots (-173366632,-50000000) -- cpu overload ? #####
E/GKI_LINUX( 4217): ##### ERROR : timer_thread: tick delayed > 5 slots (-164465266,-50000000) -- cpu overload ? #####
E/GKI_LINUX( 4217): ##### ERROR : timer_thread: tick delayed > 5 slots (-155563898,-50000000) -- cpu overload ? #####
E/GKI_LINUX( 4217): ##### ERROR : timer_thread: tick delayed > 5 slots (-146693049,-50000000) -- cpu overload ? #####
E/GKI_LINUX( 4217): ##### ERROR : timer_thread: tick delayed > 5 slots (-137791681,-50000000) -- cpu overload ? #####
E/GKI_LINUX( 4217): ##### ERROR : timer_thread: tick delayed > 5 slots (-128890314,-50000000) -- cpu overload ? #####
E/GKI_LINUX( 4217): ##### ERROR : timer_thread: tick delayed > 5 slots (-119988947,-50000000) -- cpu overload ? #####
E/GKI_LINUX( 4217): ##### ERROR : timer_thread: tick delayed > 5 slots (-111087580,-50000000) -- cpu overload ? #####
E/GKI_LINUX( 4217): ##### ERROR : timer_thread: tick delayed > 5 slots (-102186212,-50000000) -- cpu overload ? #####
E/GKI_LINUX( 4217): ##### ERROR : timer_thread: tick delayed > 5 slots (-93284845,-50000000) -- cpu overload ? #####
E/GKI_LINUX( 4217): ##### ERROR : timer_thread: tick delayed > 5 slots (-84383478,-50000000) -- cpu overload ? #####
E/GKI_LINUX( 4217): ##### ERROR : timer_thread: tick delayed > 5 slots (-75482112,-50000000) -- cpu overload ? #####
E/GKI_LINUX( 4217): ##### ERROR : timer_thread: tick delayed > 5 slots (-66580744,-50000000) -- cpu overload ? #####
E/GKI_LINUX( 4217): ##### ERROR : timer_thread: tick delayed > 5 slots (-57679377,-50000000) -- cpu overload ? #####
I/am_create_service(  575): [0,551017816,.CalendarIntentService,10021,1560]
W/NetworkStats(  575): found non-monotonic values; saving to dropbox
W/NetworkStats(  575): found non-monotonic values; saving to dropbox
W/NetworkStats(  575): found non-monotonic values; saving to dropbox
W/NetworkStats(  575): found non-monotonic values; saving to dropbox
W/NetworkStats(  575): found non-monotonic values; saving to dropbox
I/force_gc(  575): Binder
W/NetworkStats(  575): found non-monotonic values; saving to dropbox
W/NetworkStats(  575): found non-monotonic values; saving to dropbox
W/NetworkStats(  575): found non-monotonic values; saving to dropbox
I/netstats_mobile_sample(  575): [0,0,0,0,0,0,0,0,0,0,0,0,1410745016280]
I/netstats_wifi_sample(  575): [4884025,4888,452474,3184,4883871,4875,407792,3171,4883871,4875,407112,3161,1410745016280]
I/art     (  575): Explicit concurrent mark sweep GC freed 73277(3MB) AllocSpace objects, 79(2MB) LOS objects, 933% free, 39MB/50MB, paused 1.189ms total 107.308ms
I/am_destroy_service(  575): [0,551017816,1560]
E/GKI_LINUX( 4217): ##### ERROR : timer_thread: tick delayed > 5 slots (-50225930,-50000000) -- cpu overload ? #####
I/am_create_service(  575): [0,191512241,.EntriesRefreshIntentService,10021,1560]
W/HandlerScheduledExecuto( 1560): Task does not implement UiTask. Consider using NamedUiRunnable for bmn@21d17695
D/WifiService(  575): acquireWifiLockLocked: WifiLock{NlpWifiLock type=2 binder=android.os.BinderProxy@1b997704}
I/wpa_supplicant(  655): wlan0: CTRL-EVENT-SCAN-STARTED 
I/WifiHAL (  575): Found some events!!!
I/am_create_service(  575): [0,987774387,.CastMediaRouteProviderService,10007,1045]
I/am_create_service(  575): [0,356924270,.YouTubeTvRouteProviderService,10071,6038]
W/HandlerScheduledExecuto( 1560): Task does not implement UiTask. Consider using NamedUiRunnable for bmm@3459af0a
I/am_create_service(  575): [0,437715471,.CastDeviceScannerIntentService,10007,1045]
I/am_destroy_service(  575): [0,437715471,1045]
W/HandlerScheduledExecuto( 1560): Task does not implement UiTask. Consider using NamedUiRunnable for bmn@8d393e5
I/am_create_service(  575): [0,1061857588,.ReportingAndroidService,10007,1104]
I/art     ( 1045): WaitForGcToComplete blocked for 44.361540ms for cause Alloc
W/HandlerScheduledExecuto( 1560): Task does not implement UiTask. Consider using NamedUiRunnable for bmm@2e8961
E/Fitness ( 1104): invalid state. no sensor listener registered.
I/WifiHAL (  575): Found some events!!!
D/WifiService(  575): releaseWifiLockLocked: WifiLock{NlpWifiLock type=2 binder=android.os.BinderProxy@1b997704}
I/GCoreUlr( 1104): Successfully inserted location
I/GCoreUlr( 1104): Not calling LocationReportingService, hasMoved: false, elapsed millis: 1821172, request: Tablet
I/am_create_service(  575): [0,76551005,.VelvetBackgroundTasksImpl$Service,10021,1560]
W/GAV2    ( 1560): Thread[Background Non-Blocking-7,5,main]: dispatch call queued.  Need to call GAServiceManager.getInstance().initialize().
I/am_destroy_service(  575): [0,76551005,1560]
W/HandlerScheduledExecuto( 1560): Task does not implement UiTask. Consider using NamedUiRunnable for bmm@3459af0a
W/HandlerScheduledExecuto( 1560): Task does not implement UiTask. Consider using NamedUiRunnable for bmm@3459af0a
