D/WifiService(  575): acquireWifiLockLocked: WifiLock{NlpWifiLock type=2 binder=android.os.BinderProxy@1b997704}
I/wpa_supplicant(  655): wlan0: CTRL-EVENT-SCAN-STARTED 
I/WifiHAL (  575): Found some events!!!
W/HandlerScheduledExecuto( 1560): Task does not implement UiTask. Consider using NamedUiRunnable for bmm@3459af0a
W/HandlerScheduledExecuto( 1560): Task does not implement UiTask. Consider using NamedUiRunnable for eky@1dd14a16
I/notification_cancel(  575): [10021,1560,com.google.android.googlequicksearchbox,6,NULL,0,0,64,8,NULL]
D/NowFetcherService( 1856): now card fetch: getting cards...
D/NowFetcherService( 1856): delete old card: /now/now_traffic1
D/NowFetcherService( 1856): delete old card: /now/now_weather0
I/notification_enqueue(  575): [10021,1560,com.google.android.googlequicksearchbox,6,NULL,0,Notification(pri=-2 contentView=com.google.android.googlequicksearchbox/0x1090070 vibrate=null sound=null defaults=0x0 flags=0x18 color=0x00000000)]
I/am_create_service(  575): [0,868388095,.NotificationRefreshService,10021,1560]
I/TrainingQuestionManagerImpl( 1560): updateFromServerResponse: no new training mode data and no pending answered questions to clear
W/HandlerScheduledExecuto( 1560): Task does not implement UiTask. Consider using NamedUiRunnable for eky@1dd14a16
D/NowFetcherService( 1856): delete old card: /now/now_package0
I/am_destroy_service(  575): [0,868388095,1560]
D/NowFetcherService( 1856): delete old card: /now/now_traffic0
D/NowFetcherService( 1856): delete old card: /now/now_package1
W/HandlerScheduledExecuto( 1560): Task does not implement UiTask. Consider using NamedUiRunnable for bmm@2e8961
I/am_destroy_service(  575): [0,191512241,1560]
I/am_create_service(  575): [0,708639259,.CastDeviceScannerIntentService,10007,1045]
I/am_destroy_service(  575): [0,987774387,1045]
I/am_destroy_service(  575): [0,356924270,6038]
I/WifiHAL (  575): Found some events!!!
I/am_destroy_service(  575): [0,708639259,1045]
D/WifiService(  575): releaseWifiLockLocked: WifiLock{NlpWifiLock type=2 binder=android.os.BinderProxy@1b997704}
D/NowFetcherService( 1856): set new card: /now/now_weather0
D/NowFetcherService( 1856): set new card: /now/now_package1
D/NowFetcherService( 1856): set new card: /now/now_package0
D/NowFetcherService( 1856): set new card: /now/now_traffic1
D/assets  ( 1186): notifyListeners: for b1eUWvyfXBfFW_hJdGZFXmF1WFw count=1
D/NowFetcherService( 1856): set new card: /now/now_traffic0
E/GKI_LINUX( 4217): ##### ERROR : timer_thread: tick delayed > 5 slots (-282376254,-50000000) -- cpu overload ? #####
E/GKI_LINUX( 4217): ##### ERROR : timer_thread: tick delayed > 5 slots (-273505109,-50000000) -- cpu overload ? #####
I/c2dm    ( 1069): [8,GSYNC_TICKLE:0:1410745129451426%e7a71353318775b0,3,2]
E/GKI_LINUX( 4217): ##### ERROR : timer_thread: tick delayed > 5 slots (-264817021,-50000000) -- cpu overload ? #####
E/GKI_LINUX( 4217): ##### ERROR : timer_thread: tick delayed > 5 slots (-255945876,-50000000) -- cpu overload ? #####
E/GKI_LINUX( 4217): ##### ERROR : timer_thread: tick delayed > 5 slots (-247074730,-50000000) -- cpu overload ? #####
E/GKI_LINUX( 4217): ##### ERROR : timer_thread: tick delayed > 5 slots (-238203584,-50000000) -- cpu overload ? #####
E/GKI_LINUX( 4217): ##### ERROR : timer_thread: tick delayed > 5 slots (-229301929,-50000000) -- cpu overload ? #####
E/GKI_LINUX( 4217): ##### ERROR : timer_thread: tick delayed > 5 slots (-220400274,-50000000) -- cpu overload ? #####
E/GKI_LINUX( 4217): ##### ERROR : timer_thread: tick delayed > 5 slots (-211498619,-50000000) -- cpu overload ? #####
E/GKI_LINUX( 4217): ##### ERROR : timer_thread: tick delayed > 5 slots (-202596963,-50000000) -- cpu overload ? #####
E/GKI_LINUX( 4217): ##### ERROR : timer_thread: tick delayed > 5 slots (-193695308,-50000000) -- cpu overload ? #####
E/GKI_LINUX( 4217): ##### ERROR : timer_thread: tick delayed > 5 slots (-184824059,-50000000) -- cpu overload ? #####
E/GKI_LINUX( 4217): ##### ERROR : timer_thread: tick delayed > 5 slots (-175922116,-50000000) -- cpu overload ? #####
E/GKI_LINUX( 4217): ##### ERROR : timer_thread: tick delayed > 5 slots (-167904719,-50000000) -- cpu overload ? #####
E/GKI_LINUX( 4217): ##### ERROR : timer_thread: tick delayed > 5 slots (-159002775,-50000000) -- cpu overload ? #####
E/GKI_LINUX( 4217): ##### ERROR : timer_thread: tick delayed > 5 slots (-150131334,-50000000) -- cpu overload ? #####
E/GKI_LINUX( 4217): ##### ERROR : timer_thread: tick delayed > 5 slots (-141229390,-50000000) -- cpu overload ? #####
E/GKI_LINUX( 4217): ##### ERROR : timer_thread: tick delayed > 5 slots (-132327447,-50000000) -- cpu overload ? #####
E/GKI_LINUX( 4217): ##### ERROR : timer_thread: tick delayed > 5 slots (-123425504,-50000000) -- cpu overload ? #####
E/GKI_LINUX( 4217): ##### ERROR : timer_thread: tick delayed > 5 slots (-114858967,-50000000) -- cpu overload ? #####
E/GKI_LINUX( 4217): ##### ERROR : timer_thread: tick delayed > 5 slots (-105987229,-50000000) -- cpu overload ? #####
E/GKI_LINUX( 4217): ##### ERROR : timer_thread: tick delayed > 5 slots (-97115492,-50000000) -- cpu overload ? #####
E/GKI_LINUX( 4217): ##### ERROR : timer_thread: tick delayed > 5 slots (-88243754,-50000000) -- cpu overload ? #####
E/GKI_LINUX( 4217): ##### ERROR : timer_thread: tick delayed > 5 slots (-79372016,-50000000) -- cpu overload ? #####
E/GKI_LINUX( 4217): ##### ERROR : timer_thread: tick delayed > 5 slots (-70500279,-50000000) -- cpu overload ? #####
E/GKI_LINUX( 4217): ##### ERROR : timer_thread: tick delayed > 5 slots (-61628541,-50000000) -- cpu overload ? #####
E/GKI_LINUX( 4217): ##### ERROR : timer_thread: tick delayed > 5 slots (-52756803,-50000000) -- cpu overload ? #####
I/GCM     ( 1069): GCM message GSYNC_TICKLE 0:1410745129451426%e7a71353318775b0
D/ConnectivityService(  575): reportNetworkCondition(1, 100)
D/ConnectivityService(  575): handleInetConditionChange: net=1, condition=100,mActiveDefaultNetwork=1
D/ConnectivityService(  575): handleInetConditionChange: starting a change hold
I/am_create_service(  575): [0,470607800,.GCMIntentService,10007,1069]
I/SubscribedFeeds( 1069): Received message
I/tickle  ( 1069): gmail-ls
D/HeadsetStateMachine( 4217): Disconnected process message: 10, size: 0
I/am_destroy_service(  575): [0,470607800,1069]
D/PowerUI.Notification(  656): updateNotification mWarning=false mSaver=false mInvalidCharger=false
I/notification_cancel(  575): [10019,656,com.android.systemui,100,low_battery,0,0,64,8,NULL]
I/sync    (  575): [gmail-ls,0,0,1203676730]
I/am_create_service(  575): [0,411354980,.MailSyncAdapterService,10062,5813]
I/Gmail   ( 5813): MainSyncRequestProto: lowestBkwdConvoId: 0, highestHandledServerOp: 7170928, normalSync: true
I/am_create_service(  575): [0,981005776,.GoogleLoginService,10007,1069]
I/am_create_service(  575): [0,429831151,.GetToken,10007,1069]
I/am_create_service(  575): [0,739238874,.GoogleAccountDataService,10007,1069]
W/GLSUser ( 1069): GoogleAccountDataService.getToken()
I/am_destroy_service(  575): [0,739238874,1069]
I/am_destroy_service(  575): [0,429831151,1069]
I/notification_cancel(  575): [1000,575,android,2,NULL,0,0,0,8,NULL]
I/am_destroy_service(  575): [0,981005776,1069]
I/google_http_request( 5813): [340,200,Android-GmailProvider/4900120,1]
D/ConnectivityService(  575): handleInetConditionHoldEnd: net=1, condition=100, published condition=100
D/ConnectivityService(  575): sendStickyBroadcast: action=android.net.conn.INET_CONDITION_ACTION
I/Gmail   ( 5813): MainSyncRequestProto: lowestBkwdConvoId: 0, highestHandledServerOp: 7170944, normalSync: true
I/Gmail   ( 5813): lowestBackward conversation id 0
I/am_create_service(  575): [0,990271745,.IndexService,10007,1045]
I/am_create_service(  575): [0,681075622,.IndexWorkerService,10007,1045]
I/am_create_service(  575): [0,738100285,.LightweightIndexService,10007,1069]
I/am_create_service(  575): [0,198644786,.LightweightIndexService$LightweightWorkerService,10007,1069]
I/am_destroy_service(  575): [0,198644786,1069]
I/sync_details( 5813): [Gmail,1938,4853,L1S1]
I/am_destroy_service(  575): [0,411354980,5813]
I/sync    (  575): [gmail-ls,1,0,1203676730]
I/notification_cancel(  575): [1000,575,android,426028811,NULL,0,0,0,8,NULL]
I/Icing   ( 1045): Indexing C5360FFC5F440973888CF4293B479DEF1045C2FE from com.google.android.gm
I/Icing   ( 1045): Indexing done C5360FFC5F440973888CF4293B479DEF1045C2FE
I/am_destroy_service(  575): [0,681075622,1045]
E/GKI_LINUX( 4217): ##### ERROR : timer_thread: tick delayed > 5 slots (-302236810,-50000000) -- cpu overload ? #####
E/GKI_LINUX( 4217): ##### ERROR : timer_thread: tick delayed > 5 slots (-293671103,-50000000) -- cpu overload ? #####
E/GKI_LINUX( 4217): ##### ERROR : timer_thread: tick delayed > 5 slots (-284830751,-50000000) -- cpu overload ? #####
E/GKI_LINUX( 4217): ##### ERROR : timer_thread: tick delayed > 5 slots (-275959894,-50000000) -- cpu overload ? #####
E/GKI_LINUX( 4217): ##### ERROR : timer_thread: tick delayed > 5 slots (-267119554,-50000000) -- cpu overload ? #####
E/GKI_LINUX( 4217): ##### ERROR : timer_thread: tick delayed > 5 slots (-258218180,-50000000) -- cpu overload ? #####
E/GKI_LINUX( 4217): ##### ERROR : timer_thread: tick delayed > 5 slots (-249316805,-50000000) -- cpu overload ? #####
E/GKI_LINUX( 4217): ##### ERROR : timer_thread: tick delayed > 5 slots (-240415430,-50000000) -- cpu overload ? #####
E/GKI_LINUX( 4217): ##### ERROR : timer_thread: tick delayed > 5 slots (-231514056,-50000000) -- cpu overload ? #####
E/GKI_LINUX( 4217): ##### ERROR : timer_thread: tick delayed > 5 slots (-222612681,-50000000) -- cpu overload ? #####
E/GKI_LINUX( 4217): ##### ERROR : timer_thread: tick delayed > 5 slots (-213711307,-50000000) -- cpu overload ? #####
E/GKI_LINUX( 4217): ##### ERROR : timer_thread: tick delayed > 5 slots (-204840456,-50000000) -- cpu overload ? #####
E/GKI_LINUX( 4217): ##### ERROR : timer_thread: tick delayed > 5 slots (-195939100,-50000000) -- cpu overload ? #####
E/GKI_LINUX( 4217): ##### ERROR : timer_thread: tick delayed > 5 slots (-187037743,-50000000) -- cpu overload ? #####
E/GKI_LINUX( 4217): ##### ERROR : timer_thread: tick delayed > 5 slots (-178136386,-50000000) -- cpu overload ? #####
E/GKI_LINUX( 4217): ##### ERROR : timer_thread: tick delayed > 5 slots (-169265548,-50000000) -- cpu overload ? #####
E/GKI_LINUX( 4217): ##### ERROR : timer_thread: tick delayed > 5 slots (-160394709,-50000000) -- cpu overload ? #####
E/GKI_LINUX( 4217): ##### ERROR : timer_thread: tick delayed > 5 slots (-151493353,-50000000) -- cpu overload ? #####
E/GKI_LINUX( 4217): ##### ERROR : timer_thread: tick delayed > 5 slots (-142622514,-50000000) -- cpu overload ? #####
E/GKI_LINUX( 4217): ##### ERROR : timer_thread: tick delayed > 5 slots (-133782193,-50000000) -- cpu overload ? #####
E/GKI_LINUX( 4217): ##### ERROR : timer_thread: tick delayed > 5 slots (-124880840,-50000000) -- cpu overload ? #####
E/GKI_LINUX( 4217): ##### ERROR : timer_thread: tick delayed > 5 slots (-115979493,-50000000) -- cpu overload ? #####
E/GKI_LINUX( 4217): ##### ERROR : timer_thread: tick delayed > 5 slots (-107078145,-50000000) -- cpu overload ? #####
E/GKI_LINUX( 4217): ##### ERROR : timer_thread: tick delayed > 5 slots (-98176798,-50000000) -- cpu overload ? #####
E/GKI_LINUX( 4217): ##### ERROR : timer_thread: tick delayed > 5 slots (-89275450,-50000000) -- cpu overload ? #####
E/GKI_LINUX( 4217): ##### ERROR : timer_thread: tick delayed > 5 slots (-80374102,-50000000) -- cpu overload ? #####
E/GKI_LINUX( 4217): ##### ERROR : timer_thread: tick delayed > 5 slots (-71472755,-50000000) -- cpu overload ? #####
E/GKI_LINUX( 4217): ##### ERROR : timer_thread: tick delayed > 5 slots (-62571407,-50000000) -- cpu overload ? #####
E/GKI_LINUX( 4217): ##### ERROR : timer_thread: tick delayed > 5 slots (-53670060,-50000000) -- cpu overload ? #####
D/HeadsetStateMachine( 4217): Disconnected process message: 10, size: 0
D/PowerUI.Notification(  656): updateNotification mWarning=false mSaver=false mInvalidCharger=false
I/notification_cancel(  575): [10019,656,com.android.systemui,100,low_battery,0,0,64,8,NULL]
I/force_gc(  575): Binder
I/art     (  575): Explicit concurrent mark sweep GC freed 26590(1236KB) AllocSpace objects, 4(129KB) LOS objects, 935% free, 39MB/50MB, paused 2.775ms total 104.601ms
W/ProcessCpuTracker(  575): Skipping unknown process pid 7901
W/ProcessCpuTracker(  575): Skipping unknown process pid 7903
W/ProcessCpuTracker(  575): Skipping unknown process pid 7904
E/Fitness ( 1104): invalid state. no sensor listener registered.
E/GKI_LINUX( 4217): ##### ERROR : timer_thread: tick delayed > 5 slots (-300793551,-50000000) -- cpu overload ? #####
E/GKI_LINUX( 4217): ##### ERROR : timer_thread: tick delayed > 5 slots (-291922684,-50000000) -- cpu overload ? #####
E/GKI_LINUX( 4217): ##### ERROR : timer_thread: tick delayed > 5 slots (-283021299,-50000000) -- cpu overload ? #####
E/GKI_LINUX( 4217): ##### ERROR : timer_thread: tick delayed > 5 slots (-274150432,-50000000) -- cpu overload ? #####
E/GKI_LINUX( 4217): ##### ERROR : timer_thread: tick delayed > 5 slots (-265249054,-50000000) -- cpu overload ? #####
E/GKI_LINUX( 4217): ##### ERROR : timer_thread: tick delayed > 5 slots (-256347679,-50000000) -- cpu overload ? #####
E/GKI_LINUX( 4217): ##### ERROR : timer_thread: tick delayed > 5 slots (-247446304,-50000000) -- cpu overload ? #####
E/GKI_LINUX( 4217): ##### ERROR : timer_thread: tick delayed > 5 slots (-238544928,-50000000) -- cpu overload ? #####
E/GKI_LINUX( 4217): ##### ERROR : timer_thread: tick delayed > 5 slots (-229643553,-50000000) -- cpu overload ? #####
E/GKI_LINUX( 4217): ##### ERROR : timer_thread: tick delayed > 5 slots (-220742177,-50000000) -- cpu overload ? #####
E/GKI_LINUX( 4217): ##### ERROR : timer_thread: tick delayed > 5 slots (-211840802,-50000000) -- cpu overload ? #####
E/GKI_LINUX( 4217): ##### ERROR : timer_thread: tick delayed > 5 slots (-202939427,-50000000) -- cpu overload ? #####
E/GKI_LINUX( 4217): ##### ERROR : timer_thread: tick delayed > 5 slots (-194038051,-50000000) -- cpu overload ? #####
E/GKI_LINUX( 4217): ##### ERROR : timer_thread: tick delayed > 5 slots (-185136688,-50000000) -- cpu overload ? #####
E/GKI_LINUX( 4217): ##### ERROR : timer_thread: tick delayed > 5 slots (-176235331,-50000000) -- cpu overload ? #####
E/GKI_LINUX( 4217): ##### ERROR : timer_thread: tick delayed > 5 slots (-167333973,-50000000) -- cpu overload ? #####
E/GKI_LINUX( 4217): ##### ERROR : timer_thread: tick delayed > 5 slots (-158432616,-50000000) -- cpu overload ? #####
E/GKI_LINUX( 4217): ##### ERROR : timer_thread: tick delayed > 5 slots (-149531258,-50000000) -- cpu overload ? #####
E/GKI_LINUX( 4217): ##### ERROR : timer_thread: tick delayed > 5 slots (-140629901,-50000000) -- cpu overload ? #####
E/GKI_LINUX( 4217): ##### ERROR : timer_thread: tick delayed > 5 slots (-131728544,-50000000) -- cpu overload ? #####
E/GKI_LINUX( 4217): ##### ERROR : timer_thread: tick delayed > 5 slots (-122827186,-50000000) -- cpu overload ? #####
E/GKI_LINUX( 4217): ##### ERROR : timer_thread: tick delayed > 5 slots (-113925829,-50000000) -- cpu overload ? #####
E/GKI_LINUX( 4217): ##### ERROR : timer_thread: tick delayed > 5 slots (-105024320,-50000000) -- cpu overload ? #####
E/GKI_LINUX( 4217): ##### ERROR : timer_thread: tick delayed > 5 slots (-96122674,-50000000) -- cpu overload ? #####
E/GKI_LINUX( 4217): ##### ERROR : timer_thread: tick delayed > 5 slots (-87221029,-50000000) -- cpu overload ? #####
E/GKI_LINUX( 4217): ##### ERROR : timer_thread: tick delayed > 5 slots (-78319383,-50000000) -- cpu overload ? #####
E/GKI_LINUX( 4217): ##### ERROR : timer_thread: tick delayed > 5 slots (-69417738,-50000000) -- cpu overload ? #####
E/GKI_LINUX( 4217): ##### ERROR : timer_thread: tick delayed > 5 slots (-60516093,-50000000) -- cpu overload ? #####
E/GKI_LINUX( 4217): ##### ERROR : timer_thread: tick delayed > 5 slots (-51614447,-50000000) -- cpu overload ? #####
D/HeadsetStateMachine( 4217): Disconnected process message: 10, size: 0
D/PowerUI.Notification(  656): updateNotification mWarning=false mSaver=false mInvalidCharger=false
I/notification_cancel(  575): [10019,656,com.android.systemui,100,low_battery,0,0,64,8,NULL]
D/WifiService(  575): acquireWifiLockLocked: WifiLock{NlpWifiLock type=2 binder=android.os.BinderProxy@23670583}
I/wpa_supplicant(  655): wlan0: CTRL-EVENT-SCAN-STARTED 
I/WifiHAL (  575): Found some events!!!
I/am_destroy_service(  575): [0,990271745,1045]
I/am_destroy_service(  575): [0,738100285,1069]
I/WifiHAL (  575): Found some events!!!
D/WifiService(  575): releaseWifiLockLocked: WifiLock{NlpWifiLock type=2 binder=android.os.BinderProxy@23670583}
I/force_gc( 1069): Binder
I/art     ( 1069): Explicit concurrent mark sweep GC freed 9808(541KB) AllocSpace objects, 2(32KB) LOS objects, 1229% free, 9MB/14MB, paused 884us total 36.100ms
I/GCoreUlr( 1104): Successfully inserted location
I/GCoreUlr( 1104): Not calling LocationReportingService, hasMoved: false, elapsed millis: 2151046, request: Tablet
E/GKI_LINUX( 4217): ##### ERROR : timer_thread: tick delayed > 5 slots (-313130673,-50000000) -- cpu overload ? #####
E/GKI_LINUX( 4217): ##### ERROR : timer_thread: tick delayed > 5 slots (-306579167,-50000000) -- cpu overload ? #####
E/GKI_LINUX( 4217): ##### ERROR : timer_thread: tick delayed > 5 slots (-298044019,-50000000) -- cpu overload ? #####
E/GKI_LINUX( 4217): ##### ERROR : timer_thread: tick delayed > 5 slots (-289295246,-50000000) -- cpu overload ? #####
E/GKI_LINUX( 4217): ##### ERROR : timer_thread: tick delayed > 5 slots (-280546473,-50000000) -- cpu overload ? #####
E/GKI_LINUX( 4217): ##### ERROR : timer_thread: tick delayed > 5 slots (-271767183,-50000000) -- cpu overload ? #####
E/GKI_LINUX( 4217): ##### ERROR : timer_thread: tick delayed > 5 slots (-262987892,-50000000) -- cpu overload ? #####
E/GKI_LINUX( 4217): ##### ERROR : timer_thread: tick delayed > 5 slots (-254208602,-50000000) -- cpu overload ? #####
E/GKI_LINUX( 4217): ##### ERROR : timer_thread: tick delayed > 5 slots (-246009076,-50000000) -- cpu overload ? #####
E/GKI_LINUX( 4217): ##### ERROR : timer_thread: tick delayed > 5 slots (-237412524,-50000000) -- cpu overload ? #####
E/GKI_LINUX( 4217): ##### ERROR : timer_thread: tick delayed > 5 slots (-228632914,-50000000) -- cpu overload ? #####
E/GKI_LINUX( 4217): ##### ERROR : timer_thread: tick delayed > 5 slots (-219853303,-50000000) -- cpu overload ? #####
E/GKI_LINUX( 4217): ##### ERROR : timer_thread: tick delayed > 5 slots (-211073693,-50000000) -- cpu overload ? #####
E/GKI_LINUX( 4217): ##### ERROR : timer_thread: tick delayed > 5 slots (-202294082,-50000000) -- cpu overload ? #####
E/GKI_LINUX( 4217): ##### ERROR : timer_thread: tick delayed > 5 slots (-193514472,-50000000) -- cpu overload ? #####
E/GKI_LINUX( 4217): ##### ERROR : timer_thread: tick delayed > 5 slots (-184917792,-50000000) -- cpu overload ? #####
E/GKI_LINUX( 4217): ##### ERROR : timer_thread: tick delayed > 5 slots (-176137861,-50000000) -- cpu overload ? #####
E/GKI_LINUX( 4217): ##### ERROR : timer_thread: tick delayed > 5 slots (-167357931,-50000000) -- cpu overload ? #####
E/GKI_LINUX( 4217): ##### ERROR : timer_thread: tick delayed > 5 slots (-158578000,-50000000) -- cpu overload ? #####
E/GKI_LINUX( 4217): ##### ERROR : timer_thread: tick delayed > 5 slots (-149798070,-50000000) -- cpu overload ? #####
E/GKI_LINUX( 4217): ##### ERROR : timer_thread: tick delayed > 5 slots (-141018139,-50000000) -- cpu overload ? #####
E/GKI_LINUX( 4217): ##### ERROR : timer_thread: tick delayed > 5 slots (-132238209,-50000000) -- cpu overload ? #####
E/GKI_LINUX( 4217): ##### ERROR : timer_thread: tick delayed > 5 slots (-123458279,-50000000) -- cpu overload ? #####
E/GKI_LINUX( 4217): ##### ERROR : timer_thread: tick delayed > 5 slots (-115257773,-50000000) -- cpu overload ? #####
E/GKI_LINUX( 4217): ##### ERROR : timer_thread: tick delayed > 5 slots (-106569176,-50000000) -- cpu overload ? #####
E/GKI_LINUX( 4217): ##### ERROR : timer_thread: tick delayed > 5 slots (-97789085,-50000000) -- cpu overload ? #####
E/GKI_LINUX( 4217): ##### ERROR : timer_thread: tick delayed > 5 slots (-89008995,-50000000) -- cpu overload ? #####
E/GKI_LINUX( 4217): ##### ERROR : timer_thread: tick delayed > 5 slots (-80228904,-50000000) -- cpu overload ? #####
E/GKI_LINUX( 4217): ##### ERROR : timer_thread: tick delayed > 5 slots (-71448814,-50000000) -- cpu overload ? #####
E/GKI_LINUX( 4217): ##### ERROR : timer_thread: tick delayed > 5 slots (-62668723,-50000000) -- cpu overload ? #####
E/GKI_LINUX( 4217): ##### ERROR : timer_thread: tick delayed > 5 slots (-53888633,-50000000) -- cpu overload ? #####
D/PowerUI.Notification(  656): updateNotification mWarning=false mSaver=false mInvalidCharger=false
I/notification_cancel(  575): [10019,656,com.android.systemui,100,low_battery,0,0,64,8,NULL]
D/HeadsetStateMachine( 4217): Disconnected process message: 10, size: 0
D/ConnectivityService(  575): Sampling interval elapsed, updating statistics ..
D/ConnectivityService(  575): Done.
D/ConnectivityService(  575): Setting timer for 720seconds
E/Fitness ( 1104): invalid state. no sensor listener registered.
E/GKI_LINUX( 4217): ##### ERROR : timer_thread: tick delayed > 5 slots (-300642854,-50000000) -- cpu overload ? #####
E/GKI_LINUX( 4217): ##### ERROR : timer_thread: tick delayed > 5 slots (-291833023,-50000000) -- cpu overload ? #####
E/GKI_LINUX( 4217): ##### ERROR : timer_thread: tick delayed > 5 slots (-282962157,-50000000) -- cpu overload ? #####
E/GKI_LINUX( 4217): ##### ERROR : timer_thread: tick delayed > 5 slots (-274060775,-50000000) -- cpu overload ? #####
E/GKI_LINUX( 4217): ##### ERROR : timer_thread: tick delayed > 5 slots (-265159399,-50000000) -- cpu overload ? #####
E/GKI_LINUX( 4217): ##### ERROR : timer_thread: tick delayed > 5 slots (-256258026,-50000000) -- cpu overload ? #####
E/GKI_LINUX( 4217): ##### ERROR : timer_thread: tick delayed > 5 slots (-247356652,-50000000) -- cpu overload ? #####
E/GKI_LINUX( 4217): ##### ERROR : timer_thread: tick delayed > 5 slots (-238455279,-50000000) -- cpu overload ? #####
E/GKI_LINUX( 4217): ##### ERROR : timer_thread: tick delayed > 5 slots (-229553905,-50000000) -- cpu overload ? #####
E/GKI_LINUX( 4217): ##### ERROR : timer_thread: tick delayed > 5 slots (-220652532,-50000000) -- cpu overload ? #####
E/GKI_LINUX( 4217): ##### ERROR : timer_thread: tick delayed > 5 slots (-211751159,-50000000) -- cpu overload ? #####
E/GKI_LINUX( 4217): ##### ERROR : timer_thread: tick delayed > 5 slots (-202849785,-50000000) -- cpu overload ? #####
E/GKI_LINUX( 4217): ##### ERROR : timer_thread: tick delayed > 5 slots (-193948412,-50000000) -- cpu overload ? #####
E/GKI_LINUX( 4217): ##### ERROR : timer_thread: tick delayed > 5 slots (-185230150,-50000000) -- cpu overload ? #####
E/GKI_LINUX( 4217): ##### ERROR : timer_thread: tick delayed > 5 slots (-176481374,-50000000) -- cpu overload ? #####
E/GKI_LINUX( 4217): ##### ERROR : timer_thread: tick delayed > 5 slots (-172859564,-50000000) -- cpu overload ? #####
E/GKI_LINUX( 4217): ##### ERROR : timer_thread: tick delayed > 5 slots (-163988717,-50000000) -- cpu overload ? #####
E/GKI_LINUX( 4217): ##### ERROR : timer_thread: tick delayed > 5 slots (-155331498,-50000000) -- cpu overload ? #####
E/GKI_LINUX( 4217): ##### ERROR : timer_thread: tick delayed > 5 slots (-146491173,-50000000) -- cpu overload ? #####
E/GKI_LINUX( 4217): ##### ERROR : timer_thread: tick delayed > 5 slots (-137864473,-50000000) -- cpu overload ? #####
E/GKI_LINUX( 4217): ##### ERROR : timer_thread: tick delayed > 5 slots (-128993631,-50000000) -- cpu overload ? #####
E/GKI_LINUX( 4217): ##### ERROR : timer_thread: tick delayed > 5 slots (-120214343,-50000000) -- cpu overload ? #####
E/GKI_LINUX( 4217): ##### ERROR : timer_thread: tick delayed > 5 slots (-111435054,-50000000) -- cpu overload ? #####
E/GKI_LINUX( 4217): ##### ERROR : timer_thread: tick delayed > 5 slots (-102564212,-50000000) -- cpu overload ? #####
E/GKI_LINUX( 4217): ##### ERROR : timer_thread: tick delayed > 5 slots (-93723887,-50000000) -- cpu overload ? #####
D/WifiService(  575): acquireWifiLockLocked: WifiLock{NlpWifiLock type=2 binder=android.os.BinderProxy@23670583}
I/wpa_supplicant(  655): wlan0: CTRL-EVENT-SCAN-STARTED 
I/WifiHAL (  575): Found some events!!!
E/GKI_LINUX( 4217): ##### ERROR : timer_thread: tick delayed > 5 slots (-87751363,-50000000) -- cpu overload ? #####
E/GKI_LINUX( 4217): ##### ERROR : timer_thread: tick delayed > 5 slots (-78910735,-50000000) -- cpu overload ? #####
E/GKI_LINUX( 4217): ##### ERROR : timer_thread: tick delayed > 5 slots (-70009087,-50000000) -- cpu overload ? #####
E/GKI_LINUX( 4217): ##### ERROR : timer_thread: tick delayed > 5 slots (-61137949,-50000000) -- cpu overload ? #####
E/GKI_LINUX( 4217): ##### ERROR : timer_thread: tick delayed > 5 slots (-52602418,-50000000) -- cpu overload ? #####
D/HeadsetStateMachine( 4217): Disconnected process message: 10, size: 0
D/PowerUI.Notification(  656): updateNotification mWarning=false mSaver=false mInvalidCharger=false
I/notification_cancel(  575): [10019,656,com.android.systemui,100,low_battery,0,0,64,8,NULL]
E/Fitness ( 1104): invalid state. no sensor listener registered.
I/GCoreUlr( 1104): Received powerMode change from NLP: com.google.android.location.activity.LOW_POWER_MODE_ENABLED
I/GCoreUlr( 1104): Starting service, intent=Intent { act=com.google.android.location.reporting.ACTION_UPDATE_ACTIVE_STATE cmp=com.google.android.gms/com.google.android.location.reporting.service.DispatchingService }, extras=null
I/GCoreUlr( 1104): Ensuring that reporting is active for [account#10#]
I/GCoreUlr( 1104): Starting service, intent=Intent { act=com.google.android.location.reporting.ACTION_LOCATION_STATUS cmp=com.google.android.gms/com.google.android.location.reporting.service.DispatchingService (has extras) }, extras=Bundle[{status=LocationStatus[cell status: STATUS_UNKNOWN, wifi status: STATUS_UNKNOWN, elapsed realtime ns: 0]}]
I/WifiHAL (  575): Found some events!!!
D/WifiService(  575): releaseWifiLockLocked: WifiLock{NlpWifiLock type=2 binder=android.os.BinderProxy@23670583}
D/WifiService(  575): acquireWifiLockLocked: WifiLock{NlpWifiLock type=2 binder=android.os.BinderProxy@3cdd7300}
I/GCoreUlr( 1104): Successfully inserted location
I/GCoreUlr( 1104): Not calling LocationReportingService, hasMoved: false, elapsed millis: 2435937, request: Tablet
D/WifiService(  575): releaseWifiLockLocked: WifiLock{NlpWifiLock type=2 binder=android.os.BinderProxy@3cdd7300}
E/GKI_LINUX( 4217): ##### ERROR : timer_thread: tick delayed > 5 slots (-292890190,-50000000) -- cpu overload ? #####
E/GKI_LINUX( 4217): ##### ERROR : timer_thread: tick delayed > 5 slots (-284721245,-50000000) -- cpu overload ? #####
E/GKI_LINUX( 4217): ##### ERROR : timer_thread: tick delayed > 5 slots (-275880913,-50000000) -- cpu overload ? #####
E/GKI_LINUX( 4217): ##### ERROR : timer_thread: tick delayed > 5 slots (-272716850,-50000000) -- cpu overload ? #####
E/GKI_LINUX( 4217): ##### ERROR : timer_thread: tick delayed > 5 slots (-263846001,-50000000) -- cpu overload ? #####
E/GKI_LINUX( 4217): ##### ERROR : timer_thread: tick delayed > 5 slots (-254975152,-50000000) -- cpu overload ? #####
E/GKI_LINUX( 4217): ##### ERROR : timer_thread: tick delayed > 5 slots (-246104302,-50000000) -- cpu overload ? #####
E/GKI_LINUX( 4217): ##### ERROR : timer_thread: tick delayed > 5 slots (-237233453,-50000000) -- cpu overload ? #####
E/GKI_LINUX( 4217): ##### ERROR : timer_thread: tick delayed > 5 slots (-228332085,-50000000) -- cpu overload ? #####
E/GKI_LINUX( 4217): ##### ERROR : timer_thread: tick delayed > 5 slots (-219430718,-50000000) -- cpu overload ? #####
E/GKI_LINUX( 4217): ##### ERROR : timer_thread: tick delayed > 5 slots (-210529351,-50000000) -- cpu overload ? #####
E/GKI_LINUX( 4217): ##### ERROR : timer_thread: tick delayed > 5 slots (-201627984,-50000000) -- cpu overload ? #####
E/GKI_LINUX( 4217): ##### ERROR : timer_thread: tick delayed > 5 slots (-193611626,-50000000) -- cpu overload ? #####
E/GKI_LINUX( 4217): ##### ERROR : timer_thread: tick delayed > 5 slots (-184832330,-50000000) -- cpu overload ? #####
E/GKI_LINUX( 4217): ##### ERROR : timer_thread: tick delayed > 5 slots (-175930963,-50000000) -- cpu overload ? #####
E/GKI_LINUX( 4217): ##### ERROR : timer_thread: tick delayed > 5 slots (-167029596,-50000000) -- cpu overload ? #####
E/GKI_LINUX( 4217): ##### ERROR : timer_thread: tick delayed > 5 slots (-158128228,-50000000) -- cpu overload ? #####
E/GKI_LINUX( 4217): ##### ERROR : timer_thread: tick delayed > 5 slots (-149989800,-50000000) -- cpu overload ? #####
E/GKI_LINUX( 4217): ##### ERROR : timer_thread: tick delayed > 5 slots (-141149468,-50000000) -- cpu overload ? #####
E/GKI_LINUX( 4217): ##### ERROR : timer_thread: tick delayed > 5 slots (-132248101,-50000000) -- cpu overload ? #####
E/GKI_LINUX( 4217): ##### ERROR : timer_thread: tick delayed > 5 slots (-123346734,-50000000) -- cpu overload ? #####
E/GKI_LINUX( 4217): ##### ERROR : timer_thread: tick delayed > 5 slots (-115635553,-50000000) -- cpu overload ? #####
E/GKI_LINUX( 4217): ##### ERROR : timer_thread: tick delayed > 5 slots (-107863336,-50000000) -- cpu overload ? #####
E/GKI_LINUX( 4217): ##### ERROR : timer_thread: tick delayed > 5 slots (-98961969,-50000000) -- cpu overload ? #####
E/GKI_LINUX( 4217): ##### ERROR : timer_thread: tick delayed > 5 slots (-90060602,-50000000) -- cpu overload ? #####
E/GKI_LINUX( 4217): ##### ERROR : timer_thread: tick delayed > 5 slots (-81159234,-50000000) -- cpu overload ? #####
E/GKI_LINUX( 4217): ##### ERROR : timer_thread: tick delayed > 5 slots (-72257867,-50000000) -- cpu overload ? #####
E/GKI_LINUX( 4217): ##### ERROR : timer_thread: tick delayed > 5 slots (-63356500,-50000000) -- cpu overload ? #####
E/GKI_LINUX( 4217): ##### ERROR : timer_thread: tick delayed > 5 slots (-54729792,-50000000) -- cpu overload ? #####
D/ConnectivityService(  575): reportNetworkCondition(1, 0)
D/ConnectivityService(  575): handleInetConditionChange: net=1, condition=0,mActiveDefaultNetwork=1
D/ConnectivityService(  575): handleInetConditionChange: starting a change hold
I/gtalk_conn_close( 1069): [276,1073]
D/PowerUI.Notification(  656): updateNotification mWarning=false mSaver=false mInvalidCharger=false
D/HeadsetStateMachine( 4217): Disconnected process message: 10, size: 0
I/notification_cancel(  575): [10019,656,com.android.systemui,100,low_battery,0,0,64,8,NULL]
E/GKI_LINUX( 4217): ##### ERROR : timer_thread: tick delayed > 5 slots (-301896134,-50000000) -- cpu overload ? #####
E/GKI_LINUX( 4217): ##### ERROR : timer_thread: tick delayed > 5 slots (-293055255,-50000000) -- cpu overload ? #####
E/GKI_LINUX( 4217): ##### ERROR : timer_thread: tick delayed > 5 slots (-284153371,-50000000) -- cpu overload ? #####
E/GKI_LINUX( 4217): ##### ERROR : timer_thread: tick delayed > 5 slots (-275312293,-50000000) -- cpu overload ? #####
E/GKI_LINUX( 4217): ##### ERROR : timer_thread: tick delayed > 5 slots (-266471111,-50000000) -- cpu overload ? #####
E/GKI_LINUX( 4217): ##### ERROR : timer_thread: tick delayed > 5 slots (-257599433,-50000000) -- cpu overload ? #####
E/GKI_LINUX( 4217): ##### ERROR : timer_thread: tick delayed > 5 slots (-250100040,-50000000) -- cpu overload ? #####
E/GKI_LINUX( 4217): ##### ERROR : timer_thread: tick delayed > 5 slots (-241228362,-50000000) -- cpu overload ? #####
E/GKI_LINUX( 4217): ##### ERROR : timer_thread: tick delayed > 5 slots (-232387180,-50000000) -- cpu overload ? #####
E/GKI_LINUX( 4217): ##### ERROR : timer_thread: tick delayed > 5 slots (-223515502,-50000000) -- cpu overload ? #####
E/GKI_LINUX( 4217): ##### ERROR : timer_thread: tick delayed > 5 slots (-214826784,-50000000) -- cpu overload ? #####
E/GKI_LINUX( 4217): ##### ERROR : timer_thread: tick delayed > 5 slots (-205985564,-50000000) -- cpu overload ? #####
E/GKI_LINUX( 4217): ##### ERROR : timer_thread: tick delayed > 5 slots (-197083355,-50000000) -- cpu overload ? #####
E/GKI_LINUX( 4217): ##### ERROR : timer_thread: tick delayed > 5 slots (-188364111,-50000000) -- cpu overload ? #####
E/GKI_LINUX( 4217): ##### ERROR : timer_thread: tick delayed > 5 slots (-179522891,-50000000) -- cpu overload ? #####
E/GKI_LINUX( 4217): ##### ERROR : timer_thread: tick delayed > 5 slots (-170651177,-50000000) -- cpu overload ? #####
E/GKI_LINUX( 4217): ##### ERROR : timer_thread: tick delayed > 5 slots (-161809956,-50000000) -- cpu overload ? #####
E/GKI_LINUX( 4217): ##### ERROR : timer_thread: tick delayed > 5 slots (-152907747,-50000000) -- cpu overload ? #####
E/GKI_LINUX( 4217): ##### ERROR : timer_thread: tick delayed > 5 slots (-144036033,-50000000) -- cpu overload ? #####
E/GKI_LINUX( 4217): ##### ERROR : timer_thread: tick delayed > 5 slots (-135133779,-50000000) -- cpu overload ? #####
E/GKI_LINUX( 4217): ##### ERROR : timer_thread: tick delayed > 5 slots (-126261991,-50000000) -- cpu overload ? #####
E/GKI_LINUX( 4217): ##### ERROR : timer_thread: tick delayed > 5 slots (-117359710,-50000000) -- cpu overload ? #####
E/GKI_LINUX( 4217): ##### ERROR : timer_thread: tick delayed > 5 slots (-108487921,-50000000) -- cpu overload ? #####
E/GKI_LINUX( 4217): ##### ERROR : timer_thread: tick delayed > 5 slots (-99585640,-50000000) -- cpu overload ? #####
E/GKI_LINUX( 4217): ##### ERROR : timer_thread: tick delayed > 5 slots (-90805329,-50000000) -- cpu overload ? #####
E/GKI_LINUX( 4217): ##### ERROR : timer_thread: tick delayed > 5 slots (-81933540,-50000000) -- cpu overload ? #####
E/GKI_LINUX( 4217): ##### ERROR : timer_thread: tick delayed > 5 slots (-73031259,-50000000) -- cpu overload ? #####
E/GKI_LINUX( 4217): ##### ERROR : timer_thread: tick delayed > 5 slots (-64128978,-50000000) -- cpu overload ? #####
E/GKI_LINUX( 4217): ##### ERROR : timer_thread: tick delayed > 5 slots (-55226722,-50000000) -- cpu overload ? #####
I/c2dm    ( 1069): [-2,NULL,1,1]
I/c2dm    ( 1069): [3,NULL,1,1]
D/GCM     ( 1069): Connected
I/gtalk_heartbeat_reset( 1069): [66436,64.233.168.188:5228]
D/ConnectivityService(  575): reportNetworkCondition(1, 100)
D/ConnectivityService(  575): handleInetConditionChange: net=1, condition=100,mActiveDefaultNetwork=1
D/ConnectivityService(  575): handleInetConditionChange: currently in hold - not setting new end evt
I/gtalk_connection( 1069): 0
I/c2dm    ( 1069): [8,com.google.android.gsf.gtalkservice:,1,1]
I/GCM     ( 1069): GCM message com.google.android.gsf.gtalkservice 
D/ConnectivityService(  575): reportNetworkCondition(1, 100)
D/ConnectivityService(  575): handleInetConditionChange: net=1, condition=100,mActiveDefaultNetwork=1
D/ConnectivityService(  575): handleInetConditionChange: currently in hold - not setting new end evt
I/c2dm    ( 1069): [-8,com.google.android.gsf.gtalkservice:,2,2]
E/GKI_LINUX( 4217): ##### ERROR : timer_thread: tick delayed > 5 slots (-298783762,-50000000) -- cpu overload ? #####
E/GKI_LINUX( 4217): ##### ERROR : timer_thread: tick delayed > 5 slots (-289881934,-50000000) -- cpu overload ? #####
E/GKI_LINUX( 4217): ##### ERROR : timer_thread: tick delayed > 5 slots (-281346163,-50000000) -- cpu overload ? #####
E/GKI_LINUX( 4217): ##### ERROR : timer_thread: tick delayed > 5 slots (-272474839,-50000000) -- cpu overload ? #####
I/c2dm    ( 1069): [7,,2,2]
E/GKI_LINUX( 4217): ##### ERROR : timer_thread: tick delayed > 5 slots (-263878058,-50000000) -- cpu overload ? #####
E/GKI_LINUX( 4217): ##### ERROR : timer_thread: tick delayed > 5 slots (-255372544,-50000000) -- cpu overload ? #####
E/GKI_LINUX( 4217): ##### ERROR : timer_thread: tick delayed > 5 slots (-246500925,-50000000) -- cpu overload ? #####
E/GKI_LINUX( 4217): ##### ERROR : timer_thread: tick delayed > 5 slots (-237629305,-50000000) -- cpu overload ? #####
E/GKI_LINUX( 4217): ##### ERROR : timer_thread: tick delayed > 5 slots (-228727189,-50000000) -- cpu overload ? #####
E/GKI_LINUX( 4217): ##### ERROR : timer_thread: tick delayed > 5 slots (-219825072,-50000000) -- cpu overload ? #####
E/GKI_LINUX( 4217): ##### ERROR : timer_thread: tick delayed > 5 slots (-210922956,-50000000) -- cpu overload ? #####
E/GKI_LINUX( 4217): ##### ERROR : timer_thread: tick delayed > 5 slots (-202020840,-50000000) -- cpu overload ? #####
E/GKI_LINUX( 4217): ##### ERROR : timer_thread: tick delayed > 5 slots (-193118723,-50000000) -- cpu overload ? #####
E/GKI_LINUX( 4217): ##### ERROR : timer_thread: tick delayed > 5 slots (-184216607,-50000000) -- cpu overload ? #####
E/GKI_LINUX( 4217): ##### ERROR : timer_thread: tick delayed > 5 slots (-175314445,-50000000) -- cpu overload ? #####
E/GKI_LINUX( 4217): ##### ERROR : timer_thread: tick delayed > 5 slots (-167266110,-50000000) -- cpu overload ? #####
E/GKI_LINUX( 4217): ##### ERROR : timer_thread: tick delayed > 5 slots (-158394416,-50000000) -- cpu overload ? #####
E/GKI_LINUX( 4217): ##### ERROR : timer_thread: tick delayed > 5 slots (-149492228,-50000000) -- cpu overload ? #####
E/GKI_LINUX( 4217): ##### ERROR : timer_thread: tick delayed > 5 slots (-140590039,-50000000) -- cpu overload ? #####
E/GKI_LINUX( 4217): ##### ERROR : timer_thread: tick delayed > 5 slots (-131687851,-50000000) -- cpu overload ? #####
E/GKI_LINUX( 4217): ##### ERROR : timer_thread: tick delayed > 5 slots (-122785663,-50000000) -- cpu overload ? #####
E/GKI_LINUX( 4217): ##### ERROR : timer_thread: tick delayed > 5 slots (-113883474,-50000000) -- cpu overload ? #####
E/GKI_LINUX( 4217): ##### ERROR : timer_thread: tick delayed > 5 slots (-104981250,-50000000) -- cpu overload ? #####
E/GKI_LINUX( 4217): ##### ERROR : timer_thread: tick delayed > 5 slots (-96078990,-50000000) -- cpu overload ? #####
E/GKI_LINUX( 4217): ##### ERROR : timer_thread: tick delayed > 5 slots (-87176730,-50000000) -- cpu overload ? #####
E/GKI_LINUX( 4217): ##### ERROR : timer_thread: tick delayed > 5 slots (-79433194,-50000000) -- cpu overload ? #####
E/GKI_LINUX( 4217): ##### ERROR : timer_thread: tick delayed > 5 slots (-71628674,-50000000) -- cpu overload ? #####
E/GKI_LINUX( 4217): ##### ERROR : timer_thread: tick delayed > 5 slots (-62726413,-50000000) -- cpu overload ? #####
E/GKI_LINUX( 4217): ##### ERROR : timer_thread: tick delayed > 5 slots (-53824153,-50000000) -- cpu overload ? #####
D/ConnectivityService(  575): reportNetworkCondition(1, 100)
D/ConnectivityService(  575): handleInetConditionChange: net=1, condition=100,mActiveDefaultNetwork=1
D/ConnectivityService(  575): handleInetConditionChange: currently in hold - not setting new end evt
D/GCM     ( 1069): Message class nss
D/ConnectivityService(  575): reportNetworkCondition(1, 100)
D/ConnectivityService(  575): handleInetConditionChange: net=1, condition=100,mActiveDefaultNetwork=1
D/ConnectivityService(  575): handleInetConditionChange: currently in hold - not setting new end evt
D/PowerUI.Notification(  656): updateNotification mWarning=false mSaver=false mInvalidCharger=false
D/HeadsetStateMachine( 4217): Disconnected process message: 10, size: 0
I/notification_cancel(  575): [10019,656,com.android.systemui,100,low_battery,0,0,64,8,NULL]
D/WifiService(  575): acquireWifiLockLocked: WifiLock{NlpWifiLock type=2 binder=android.os.BinderProxy@3cdd7300}
I/am_create_service(  575): [0,923432671,.EventLogService,10007,1045]
I/EventLogService( 1045): Aggregate from 1410743956468 (log), 1410743956258 (data)
I/aggregation( 1045): 1410745831217
I/ServiceDumpSys( 1045): dumping service [account]
I/am_destroy_service(  575): [0,923432671,1045]
D/WifiService(  575): releaseWifiLockLocked: WifiLock{NlpWifiLock type=2 binder=android.os.BinderProxy@3cdd7300}
I/DEBUG   (  188): invalid crash request of size 4 (from pid=7426 uid=0)
W/qcom_sensors_hal(  575): hal_sensor1_data_cb: SENSOR1_MSG_TYPE_BROKEN_PIPE
I/auditd  ( 7965): type=1400 audit(0.0:54): avc:  denied  { read write } for  comm="sensors.qcom" name="diag" dev="tmpfs" ino=7314 scontext=u:r:sensors:s0 tcontext=u:object_r:diag_device:s0 tclass=chr_file
E/Diag_Lib( 7965):  Diag_LSM_Init: Failed to open handle to diag driver, error = 13
E/Sensors ( 7965): sns_fsa_la.c(386):fsa: fflush failed, 9
E/Sensors ( 7965): sns_fsa_la.c(386):fsa: fflush failed, 9
W/Sensors ( 7965): sns_smr_la.c(446):smr_la: smr_apps_la_thread_main is starting, fd=11, sns_smr.en_rx_msg_ptr=b6f7b9cc
W/Sensors ( 7965): sns_sam_app.c(6827):sns_sam_reg_algo: Registering algo service 16, err 0
E/Sensors ( 7965): sns_debug_main.c(565):Debug Config File missing in EFS!
W/qcom_sensors_hal(  575): hal_acquire_resources, no active sensors!
E/Fitness ( 1104): invalid state. no sensor listener registered.
D/ConnectivityService(  575): handleInetConditionHoldEnd: net=1, condition=100, published condition=100
D/ConnectivityService(  575): sendStickyBroadcast: action=android.net.conn.INET_CONDITION_ACTION
E/GKI_LINUX( 4217): ##### ERROR : timer_thread: tick delayed > 5 slots (-305331291,-50000000) -- cpu overload ? #####
E/GKI_LINUX( 4217): ##### ERROR : timer_thread: tick delayed > 5 slots (-296551990,-50000000) -- cpu overload ? #####
E/GKI_LINUX( 4217): ##### ERROR : timer_thread: tick delayed > 5 slots (-287650618,-50000000) -- cpu overload ? #####
E/GKI_LINUX( 4217): ##### ERROR : timer_thread: tick delayed > 5 slots (-278779764,-50000000) -- cpu overload ? #####
E/GKI_LINUX( 4217): ##### ERROR : timer_thread: tick delayed > 5 slots (-270305637,-50000000) -- cpu overload ? #####
E/GKI_LINUX( 4217): ##### ERROR : timer_thread: tick delayed > 5 slots (-261404266,-50000000) -- cpu overload ? #####
E/GKI_LINUX( 4217): ##### ERROR : timer_thread: tick delayed > 5 slots (-252563930,-50000000) -- cpu overload ? #####
E/GKI_LINUX( 4217): ##### ERROR : timer_thread: tick delayed > 5 slots (-243662558,-50000000) -- cpu overload ? #####
E/GKI_LINUX( 4217): ##### ERROR : timer_thread: tick delayed > 5 slots (-234822223,-50000000) -- cpu overload ? #####
E/GKI_LINUX( 4217): ##### ERROR : timer_thread: tick delayed > 5 slots (-225951371,-50000000) -- cpu overload ? #####
E/GKI_LINUX( 4217): ##### ERROR : timer_thread: tick delayed > 5 slots (-217050002,-50000000) -- cpu overload ? #####
E/GKI_LINUX( 4217): ##### ERROR : timer_thread: tick delayed > 5 slots (-208179150,-50000000) -- cpu overload ? #####
E/GKI_LINUX( 4217): ##### ERROR : timer_thread: tick delayed > 5 slots (-199308299,-50000000) -- cpu overload ? #####
E/GKI_LINUX( 4217): ##### ERROR : timer_thread: tick delayed > 5 slots (-190467964,-50000000) -- cpu overload ? #####
E/GKI_LINUX( 4217): ##### ERROR : timer_thread: tick delayed > 5 slots (-181627630,-50000000) -- cpu overload ? #####
E/GKI_LINUX( 4217): ##### ERROR : timer_thread: tick delayed > 5 slots (-172726261,-50000000) -- cpu overload ? #####
E/GKI_LINUX( 4217): ##### ERROR : timer_thread: tick delayed > 5 slots (-163855410,-50000000) -- cpu overload ? #####
E/GKI_LINUX( 4217): ##### ERROR : timer_thread: tick delayed > 5 slots (-154984560,-50000000) -- cpu overload ? #####
E/GKI_LINUX( 4217): ##### ERROR : timer_thread: tick delayed > 5 slots (-146113713,-50000000) -- cpu overload ? #####
E/GKI_LINUX( 4217): ##### ERROR : timer_thread: tick delayed > 5 slots (-137273384,-50000000) -- cpu overload ? #####
E/GKI_LINUX( 4217): ##### ERROR : timer_thread: tick delayed > 5 slots (-128372019,-50000000) -- cpu overload ? #####
E/GKI_LINUX( 4217): ##### ERROR : timer_thread: tick delayed > 5 slots (-119470655,-50000000) -- cpu overload ? #####
E/GKI_LINUX( 4217): ##### ERROR : timer_thread: tick delayed > 5 slots (-110569290,-50000000) -- cpu overload ? #####
E/GKI_LINUX( 4217): ##### ERROR : timer_thread: tick delayed > 5 slots (-101667925,-50000000) -- cpu overload ? #####
E/GKI_LINUX( 4217): ##### ERROR : timer_thread: tick delayed > 5 slots (-92766561,-50000000) -- cpu overload ? #####
E/GKI_LINUX( 4217): ##### ERROR : timer_thread: tick delayed > 5 slots (-83865196,-50000000) -- cpu overload ? #####
E/GKI_LINUX( 4217): ##### ERROR : timer_thread: tick delayed > 5 slots (-80029773,-50000000) -- cpu overload ? #####
E/GKI_LINUX( 4217): ##### ERROR : timer_thread: tick delayed > 5 slots (-71189446,-50000000) -- cpu overload ? #####
E/GKI_LINUX( 4217): ##### ERROR : timer_thread: tick delayed > 5 slots (-62288084,-50000000) -- cpu overload ? #####
E/GKI_LINUX( 4217): ##### ERROR : timer_thread: tick delayed > 5 slots (-53386721,-50000000) -- cpu overload ? #####
I/am_create_service(  575): [0,791068460,.CalendarIntentService,10021,1560]
I/force_gc(  575): Binder
D/HeadsetStateMachine( 4217): Disconnected process message: 10, size: 0
I/art     (  575): Explicit concurrent mark sweep GC freed 25176(1217KB) AllocSpace objects, 2(32KB) LOS objects, 935% free, 39MB/50MB, paused 3.232ms total 105.059ms
D/PowerUI.Notification(  656): updateNotification mWarning=false mSaver=false mInvalidCharger=false
I/notification_cancel(  575): [10019,656,com.android.systemui,100,low_battery,0,0,64,8,NULL]
I/am_destroy_service(  575): [0,791068460,1560]
E/GKI_LINUX( 4217): ##### ERROR : timer_thread: tick delayed > 5 slots (-281856490,-50000000) -- cpu overload ? #####
E/GKI_LINUX( 4217): ##### ERROR : timer_thread: tick delayed > 5 slots (-272984840,-50000000) -- cpu overload ? #####
E/GKI_LINUX( 4217): ##### ERROR : timer_thread: tick delayed > 5 slots (-264082695,-50000000) -- cpu overload ? #####
E/GKI_LINUX( 4217): ##### ERROR : timer_thread: tick delayed > 5 slots (-255180550,-50000000) -- cpu overload ? #####
E/GKI_LINUX( 4217): ##### ERROR : timer_thread: tick delayed > 5 slots (-246278405,-50000000) -- cpu overload ? #####
E/GKI_LINUX( 4217): ##### ERROR : timer_thread: tick delayed > 5 slots (-237376260,-50000000) -- cpu overload ? #####
E/GKI_LINUX( 4217): ##### ERROR : timer_thread: tick delayed > 5 slots (-228474114,-50000000) -- cpu overload ? #####
E/GKI_LINUX( 4217): ##### ERROR : timer_thread: tick delayed > 5 slots (-219571969,-50000000) -- cpu overload ? #####
E/GKI_LINUX( 4217): ##### ERROR : timer_thread: tick delayed > 5 slots (-210669823,-50000000) -- cpu overload ? #####
E/GKI_LINUX( 4217): ##### ERROR : timer_thread: tick delayed > 5 slots (-201767678,-50000000) -- cpu overload ? #####
E/GKI_LINUX( 4217): ##### ERROR : timer_thread: tick delayed > 5 slots (-192865532,-50000000) -- cpu overload ? #####
E/GKI_LINUX( 4217): ##### ERROR : timer_thread: tick delayed > 5 slots (-183963387,-50000000) -- cpu overload ? #####
E/GKI_LINUX( 4217): ##### ERROR : timer_thread: tick delayed > 5 slots (-175061163,-50000000) -- cpu overload ? #####
E/GKI_LINUX( 4217): ##### ERROR : timer_thread: tick delayed > 5 slots (-166158873,-50000000) -- cpu overload ? #####
E/GKI_LINUX( 4217): ##### ERROR : timer_thread: tick delayed > 5 slots (-157256584,-50000000) -- cpu overload ? #####
E/GKI_LINUX( 4217): ##### ERROR : timer_thread: tick delayed > 5 slots (-148354294,-50000000) -- cpu overload ? #####
E/GKI_LINUX( 4217): ##### ERROR : timer_thread: tick delayed > 5 slots (-139452005,-50000000) -- cpu overload ? #####
E/GKI_LINUX( 4217): ##### ERROR : timer_thread: tick delayed > 5 slots (-130549715,-50000000) -- cpu overload ? #####
E/GKI_LINUX( 4217): ##### ERROR : timer_thread: tick delayed > 5 slots (-121647426,-50000000) -- cpu overload ? #####
E/GKI_LINUX( 4217): ##### ERROR : timer_thread: tick delayed > 5 slots (-112745137,-50000000) -- cpu overload ? #####
E/GKI_LINUX( 4217): ##### ERROR : timer_thread: tick delayed > 5 slots (-103842847,-50000000) -- cpu overload ? #####
E/GKI_LINUX( 4217): ##### ERROR : timer_thread: tick delayed > 5 slots (-95215038,-50000000) -- cpu overload ? #####
E/GKI_LINUX( 4217): ##### ERROR : timer_thread: tick delayed > 5 slots (-86373809,-50000000) -- cpu overload ? #####
E/GKI_LINUX( 4217): ##### ERROR : timer_thread: tick delayed > 5 slots (-77502085,-50000000) -- cpu overload ? #####
E/GKI_LINUX( 4217): ##### ERROR : timer_thread: tick delayed > 5 slots (-68599868,-50000000) -- cpu overload ? #####
E/GKI_LINUX( 4217): ##### ERROR : timer_thread: tick delayed > 5 slots (-59728145,-50000000) -- cpu overload ? #####
E/GKI_LINUX( 4217): ##### ERROR : timer_thread: tick delayed > 5 slots (-50856421,-50000000) -- cpu overload ? #####
I/force_gc( 1104): Binder
I/art     ( 1104): Explicit concurrent mark sweep GC freed 87020(3MB) AllocSpace objects, 0(0B) LOS objects, 758% free, 11MB/23MB, paused 884us total 138.424ms
D/WifiService(  575): acquireWifiLockLocked: WifiLock{NlpWifiLock type=2 binder=android.os.BinderProxy@29c6fdf5}
I/wpa_supplicant(  655): wlan0: CTRL-EVENT-SCAN-STARTED 
I/WifiHAL (  575): Found some events!!!
I/WifiHAL (  575): Found some events!!!
D/WifiService(  575): releaseWifiLockLocked: WifiLock{NlpWifiLock type=2 binder=android.os.BinderProxy@29c6fdf5}
I/GCoreUlr( 1104): Successfully inserted location
I/GCoreUlr( 1104): Not calling LocationReportingService, hasMoved: false, elapsed millis: 2721215, request: Tablet
E/GKI_LINUX( 4217): ##### ERROR : timer_thread: tick delayed > 5 slots (-300350899,-50000000) -- cpu overload ? #####
E/GKI_LINUX( 4217): ##### ERROR : timer_thread: tick delayed > 5 slots (-291510561,-50000000) -- cpu overload ? #####
E/GKI_LINUX( 4217): ##### ERROR : timer_thread: tick delayed > 5 slots (-282609189,-50000000) -- cpu overload ? #####
E/GKI_LINUX( 4217): ##### ERROR : timer_thread: tick delayed > 5 slots (-273707816,-50000000) -- cpu overload ? #####
E/GKI_LINUX( 4217): ##### ERROR : timer_thread: tick delayed > 5 slots (-264836963,-50000000) -- cpu overload ? #####
E/GKI_LINUX( 4217): ##### ERROR : timer_thread: tick delayed > 5 slots (-255935595,-50000000) -- cpu overload ? #####
E/GKI_LINUX( 4217): ##### ERROR : timer_thread: tick delayed > 5 slots (-247034227,-50000000) -- cpu overload ? #####
E/GKI_LINUX( 4217): ##### ERROR : timer_thread: tick delayed > 5 slots (-238132860,-50000000) -- cpu overload ? #####
E/GKI_LINUX( 4217): ##### ERROR : timer_thread: tick delayed > 5 slots (-229231492,-50000000) -- cpu overload ? #####
